<html>
<body>
<pre>
<h1>µVision Build Log</h1>
<h2>Project:</h2>
E:\Users\Pal\DEVICES\UKU208_dev\SOFT\UKU\UKU.uvproj
Project File Date:  11/18/2017

<h2>Output:</h2>
Build target 'UKU208'
assembling startup_LPC17xx.s...
compiling Net_Config_HTTP.c...
compiling common_func.c...
common_func.c(1255): warning:  #177-D: variable "dt" was declared but never referenced
common_func.c(363): warning: C3017W: tempii may be used before being set
compiling mess.c...
compiling ret.c...
compiling gran.c...
compiling main.c...
FT_GPU.h(375): warning:  #47-D: incompatible redefinition of macro "END" (declared at line 18 of "cmd.h")
FT_GPU_Hal.h(55): warning:  #40-D: expected an identifier
FT_GPU_Hal.h(59): warning:  #40-D: expected an identifier
FT_GPU_Hal.h(111): warning:  #1295-D: Deprecated declaration Ft_Gpu_Hal_DeInit - give arg types
riverdi.h(46): warning:  #47-D: incompatible redefinition of macro "REG_ID" (declared at line 241 of "FT_GPU.h")
riverdi.h(47): warning:  #47-D: incompatible redefinition of macro "REG_FREQUENCY" (declared at line 231 of "FT_GPU.h")
riverdi.h(48): warning:  #47-D: incompatible redefinition of macro "REG_HCYCLE" (declared at line 236 of "FT_GPU.h")
riverdi.h(49): warning:  #47-D: incompatible redefinition of macro "REG_HOFFSET" (declared at line 237 of "FT_GPU.h")
riverdi.h(50): warning:  #47-D: incompatible redefinition of macro "REG_HSYNC0" (declared at line 239 of "FT_GPU.h")
riverdi.h(51): warning:  #47-D: incompatible redefinition of macro "REG_HSYNC1" (declared at line 240 of "FT_GPU.h")
riverdi.h(52): warning:  #47-D: incompatible redefinition of macro "REG_VCYCLE" (declared at line 313 of "FT_GPU.h")
riverdi.h(53): warning:  #47-D: incompatible redefinition of macro "REG_VOFFSET" (declared at line 314 of "FT_GPU.h")
riverdi.h(54): warning:  #47-D: incompatible redefinition of macro "REG_VSYNC0" (declared at line 318 of "FT_GPU.h")
riverdi.h(55): warning:  #47-D: incompatible redefinition of macro "REG_VSYNC1" (declared at line 319 of "FT_GPU.h")
riverdi.h(56): warning:  #47-D: incompatible redefinition of macro "REG_SWIZZLE" (declared at line 273 of "FT_GPU.h")
riverdi.h(57): warning:  #47-D: incompatible redefinition of macro "REG_PCLK_POL" (declared at line 253 of "FT_GPU.h")
riverdi.h(58): warning:  #47-D: incompatible redefinition of macro "REG_HSIZE" (declared at line 238 of "FT_GPU.h")
riverdi.h(59): warning:  #47-D: incompatible redefinition of macro "REG_VSIZE" (declared at line 317 of "FT_GPU.h")
riverdi.h(60): warning:  #47-D: incompatible redefinition of macro "REG_CSPREAD" (declared at line 217 of "FT_GPU.h")
riverdi.h(61): warning:  #47-D: incompatible redefinition of macro "REG_DITHER" (declared at line 228 of "FT_GPU.h")
riverdi.h(62): warning:  #47-D: incompatible redefinition of macro "REG_GPIO_DIR" (declared at line 235 of "FT_GPU.h")
riverdi.h(63): warning:  #47-D: incompatible redefinition of macro "REG_GPIO" (declared at line 232 of "FT_GPU.h")
riverdi.h(64): warning:  #47-D: incompatible redefinition of macro "REG_GPIOX_DIR" (declared at line 234 of "FT_GPU.h")
riverdi.h(65): warning:  #47-D: incompatible redefinition of macro "REG_GPIOX" (declared at line 233 of "FT_GPU.h")
riverdi.h(66): warning:  #47-D: incompatible redefinition of macro "REG_DLSWAP" (declared at line 229 of "FT_GPU.h")
riverdi.h(67): warning:  #47-D: incompatible redefinition of macro "REG_PCLK" (declared at line 252 of "FT_GPU.h")
riverdi.h(121): warning:  #47-D: incompatible redefinition of macro "RAM_DL" (declared at line 197 of "FT_GPU.h")
riverdi.h(176): warning:  #1-D: last line of file ends without a newline
main.c(2021): warning:  #223-D: function "Ft_Gpu_Cmdfifo_Freespace" declared implicitly
main.c(2463): warning:  #177-D: variable "ptr_cnt" was declared but never referenced
main.c(2463): warning:  #177-D: variable "ptr_cnt1" was declared but never referenced
main.c(2463): warning:  #177-D: variable "ptr_cnt2" was declared but never referenced
main.c(2463): warning:  #177-D: variable "ptr_cnt3" was declared but never referenced
main.c(2463): warning:  #177-D: variable "ptr_cnt4" was declared but never referenced
main.c(2491): warning:  #550-D: variable "ptrs" was set but never used
main.c(2492): warning:  #177-D: variable "sub_ptrs" was declared but never referenced
main.c(2494): warning:  #550-D: variable "i" was set but never used
main.c(2495): warning:  #177-D: variable "ii_" was declared but never referenced
main.c(2496): warning:  #177-D: variable "ii_cnt" was declared but never referenced
main.c(2496): warning:  #177-D: variable "cnt_ind_bat" was declared but never referenced
main.c(3266): warning:  #177-D: variable "temp_SS" was declared but never referenced
main.c(3267): warning:  #177-D: variable "deep" was declared but never referenced
main.c(3267): warning:  #177-D: variable "i" was declared but never referenced
main.c(3267): warning:  #177-D: variable "cap" was declared but never referenced
main.c(3267): warning:  #177-D: variable "ptr" was declared but never referenced
main.c(3268): warning:  #177-D: variable "av_head" was declared but never referenced
main.c(3783): warning:  #9-D: nested comment is not allowed
main.c(4083): warning:  #177-D: variable "i" was declared but never referenced
main.c(3702): warning:  #177-D: variable "mac_adr" was declared but never referenced
main.c(2210): warning:  #177-D: function "timer_poll" was declared but never referenced
compiling simbols.c...
compiling graphic.c...
graphic.c(182): warning:  #177-D: variable "num_bite" was declared but never referenced
graphic.c(183): warning:  #177-D: variable "y_bit_begin" was declared but never referenced
graphic.c(348): warning:  #550-D: variable "s" was set but never used
graphic.c(349): warning:  #550-D: variable "minus" was set but never used
graphic.c(350): warning:  #550-D: variable "zero_on" was set but never used
graphic.c(351): warning:  #550-D: variable "simb_num" was set but never used
compiling riverdi.c...
riverdi.h(176): warning:  #1-D: last line of file ends without a newline
riverdi.c(21): warning:  #61-D: integer operation result is out of range
riverdi.c(21): warning:  #68-D: integer conversion resulted in a change of sign
riverdi.c(113): warning:  #940-D: missing return statement at end of non-void function "wr8"
riverdi.c(164): warning:  #1-D: last line of file ends without a newline
riverdi.c(118): warning: C3017W: temp may be used before being set
riverdi.c(131): warning: C3017W: temp may be used before being set
compiling system_LPC17xx.c...
compiling Timer.c...
compiling beep.c...
compiling lcd_AGM1232_uku207_3.c...
compiling EMAC_LPC17xx.c...
compiling FT_CoPro_Cmds.c...
FT_Gpu_Hal.h(55): warning:  #40-D: expected an identifier
FT_Gpu_Hal.h(59): warning:  #40-D: expected an identifier
FT_Gpu_Hal.h(111): warning:  #1295-D: Deprecated declaration Ft_Gpu_Hal_DeInit - give arg types
FT_CoPro_Cmds.c(52): warning:  #223-D: function "strlen" declared implicitly
FT_CoPro_Cmds.c(604): warning:  #223-D: function "strlen" declared implicitly
compiling FT_Gpu_Hal.c...
FT_Gpu_Hal.h(55): warning:  #40-D: expected an identifier
FT_Gpu_Hal.h(59): warning:  #40-D: expected an identifier
FT_Gpu_Hal.h(111): warning:  #1295-D: Deprecated declaration Ft_Gpu_Hal_DeInit - give arg types
riverdi.h(46): warning:  #47-D: incompatible redefinition of macro "REG_ID" (declared at line 241 of "FT_Gpu.h")
riverdi.h(47): warning:  #47-D: incompatible redefinition of macro "REG_FREQUENCY" (declared at line 231 of "FT_Gpu.h")
riverdi.h(48): warning:  #47-D: incompatible redefinition of macro "REG_HCYCLE" (declared at line 236 of "FT_Gpu.h")
riverdi.h(49): warning:  #47-D: incompatible redefinition of macro "REG_HOFFSET" (declared at line 237 of "FT_Gpu.h")
riverdi.h(50): warning:  #47-D: incompatible redefinition of macro "REG_HSYNC0" (declared at line 239 of "FT_Gpu.h")
riverdi.h(51): warning:  #47-D: incompatible redefinition of macro "REG_HSYNC1" (declared at line 240 of "FT_Gpu.h")
riverdi.h(52): warning:  #47-D: incompatible redefinition of macro "REG_VCYCLE" (declared at line 313 of "FT_Gpu.h")
riverdi.h(53): warning:  #47-D: incompatible redefinition of macro "REG_VOFFSET" (declared at line 314 of "FT_Gpu.h")
riverdi.h(54): warning:  #47-D: incompatible redefinition of macro "REG_VSYNC0" (declared at line 318 of "FT_Gpu.h")
riverdi.h(55): warning:  #47-D: incompatible redefinition of macro "REG_VSYNC1" (declared at line 319 of "FT_Gpu.h")
riverdi.h(56): warning:  #47-D: incompatible redefinition of macro "REG_SWIZZLE" (declared at line 273 of "FT_Gpu.h")
riverdi.h(57): warning:  #47-D: incompatible redefinition of macro "REG_PCLK_POL" (declared at line 253 of "FT_Gpu.h")
riverdi.h(58): warning:  #47-D: incompatible redefinition of macro "REG_HSIZE" (declared at line 238 of "FT_Gpu.h")
riverdi.h(59): warning:  #47-D: incompatible redefinition of macro "REG_VSIZE" (declared at line 317 of "FT_Gpu.h")
riverdi.h(60): warning:  #47-D: incompatible redefinition of macro "REG_CSPREAD" (declared at line 217 of "FT_Gpu.h")
riverdi.h(61): warning:  #47-D: incompatible redefinition of macro "REG_DITHER" (declared at line 228 of "FT_Gpu.h")
riverdi.h(62): warning:  #47-D: incompatible redefinition of macro "REG_GPIO_DIR" (declared at line 235 of "FT_Gpu.h")
riverdi.h(63): warning:  #47-D: incompatible redefinition of macro "REG_GPIO" (declared at line 232 of "FT_Gpu.h")
riverdi.h(64): warning:  #47-D: incompatible redefinition of macro "REG_GPIOX_DIR" (declared at line 234 of "FT_Gpu.h")
riverdi.h(65): warning:  #47-D: incompatible redefinition of macro "REG_GPIOX" (declared at line 233 of "FT_Gpu.h")
riverdi.h(66): warning:  #47-D: incompatible redefinition of macro "REG_DLSWAP" (declared at line 229 of "FT_Gpu.h")
riverdi.h(67): warning:  #47-D: incompatible redefinition of macro "REG_PCLK" (declared at line 252 of "FT_Gpu.h")
riverdi.h(121): warning:  #47-D: incompatible redefinition of macro "RAM_DL" (declared at line 197 of "FT_Gpu.h")
riverdi.h(176): warning:  #1-D: last line of file ends without a newline
FT_Gpu_Hal.c(47): warning:  #940-D: missing return statement at end of non-void function "Ft_Gpu_Hal_Init"
FT_Gpu_Hal.c(242): warning:  #223-D: function "strlen" declared implicitly
FT_Gpu_Hal.c(249): warning:  #940-D: missing return statement at end of non-void function "Ft_Gpu_Hal_TransferString"
FT_Gpu_Hal.c(545): warning:  #177-D: variable "SizeTransfered" was declared but never referenced
FT_Gpu_Hal.c(559): warning:  #177-D: variable "SizeTransfered" was declared but never referenced
FT_Gpu_Hal.c(583): warning:  #177-D: variable "SizeTransfered" was declared but never referenced
FT_Gpu_Hal.c(610): warning:  #223-D: function "strlen" declared implicitly
linking...
Program Size: Code=26652 RO-data=1896 RW-data=5304 ZI-data=48460  
FromELF: creating hex file...
".\EXE\UKU208.axf" - 0 Error(s), 104 Warning(s).
Build target 'UKU208'
assembling startup_LPC17xx.s...
compiling Net_Config_HTTP.c...
compiling common_func.c...
common_func.c(1255): warning:  #177-D: variable "dt" was declared but never referenced
common_func.c(363): warning: C3017W: tempii may be used before being set
compiling mess.c...
compiling ret.c...
compiling gran.c...
compiling main.c...
FT_GPU.h(375): warning:  #47-D: incompatible redefinition of macro "END" (declared at line 18 of "cmd.h")
FT_GPU_Hal.h(55): warning:  #40-D: expected an identifier
FT_GPU_Hal.h(59): warning:  #40-D: expected an identifier
FT_GPU_Hal.h(111): warning:  #1295-D: Deprecated declaration Ft_Gpu_Hal_DeInit - give arg types
riverdi.h(46): warning:  #47-D: incompatible redefinition of macro "REG_ID" (declared at line 241 of "FT_GPU.h")
riverdi.h(47): warning:  #47-D: incompatible redefinition of macro "REG_FREQUENCY" (declared at line 231 of "FT_GPU.h")
riverdi.h(48): warning:  #47-D: incompatible redefinition of macro "REG_HCYCLE" (declared at line 236 of "FT_GPU.h")
riverdi.h(49): warning:  #47-D: incompatible redefinition of macro "REG_HOFFSET" (declared at line 237 of "FT_GPU.h")
riverdi.h(50): warning:  #47-D: incompatible redefinition of macro "REG_HSYNC0" (declared at line 239 of "FT_GPU.h")
riverdi.h(51): warning:  #47-D: incompatible redefinition of macro "REG_HSYNC1" (declared at line 240 of "FT_GPU.h")
riverdi.h(52): warning:  #47-D: incompatible redefinition of macro "REG_VCYCLE" (declared at line 313 of "FT_GPU.h")
riverdi.h(53): warning:  #47-D: incompatible redefinition of macro "REG_VOFFSET" (declared at line 314 of "FT_GPU.h")
riverdi.h(54): warning:  #47-D: incompatible redefinition of macro "REG_VSYNC0" (declared at line 318 of "FT_GPU.h")
riverdi.h(55): warning:  #47-D: incompatible redefinition of macro "REG_VSYNC1" (declared at line 319 of "FT_GPU.h")
riverdi.h(56): warning:  #47-D: incompatible redefinition of macro "REG_SWIZZLE" (declared at line 273 of "FT_GPU.h")
riverdi.h(57): warning:  #47-D: incompatible redefinition of macro "REG_PCLK_POL" (declared at line 253 of "FT_GPU.h")
riverdi.h(58): warning:  #47-D: incompatible redefinition of macro "REG_HSIZE" (declared at line 238 of "FT_GPU.h")
riverdi.h(59): warning:  #47-D: incompatible redefinition of macro "REG_VSIZE" (declared at line 317 of "FT_GPU.h")
riverdi.h(60): warning:  #47-D: incompatible redefinition of macro "REG_CSPREAD" (declared at line 217 of "FT_GPU.h")
riverdi.h(61): warning:  #47-D: incompatible redefinition of macro "REG_DITHER" (declared at line 228 of "FT_GPU.h")
riverdi.h(62): warning:  #47-D: incompatible redefinition of macro "REG_GPIO_DIR" (declared at line 235 of "FT_GPU.h")
riverdi.h(63): warning:  #47-D: incompatible redefinition of macro "REG_GPIO" (declared at line 232 of "FT_GPU.h")
riverdi.h(64): warning:  #47-D: incompatible redefinition of macro "REG_GPIOX_DIR" (declared at line 234 of "FT_GPU.h")
riverdi.h(65): warning:  #47-D: incompatible redefinition of macro "REG_GPIOX" (declared at line 233 of "FT_GPU.h")
riverdi.h(66): warning:  #47-D: incompatible redefinition of macro "REG_DLSWAP" (declared at line 229 of "FT_GPU.h")
riverdi.h(67): warning:  #47-D: incompatible redefinition of macro "REG_PCLK" (declared at line 252 of "FT_GPU.h")
riverdi.h(121): warning:  #47-D: incompatible redefinition of macro "RAM_DL" (declared at line 197 of "FT_GPU.h")
riverdi.h(176): warning:  #1-D: last line of file ends without a newline
main.c(2018): warning:  #223-D: function "Ft_Gpu_Cmdfifo_Freespace" declared implicitly
main.c(2224): error:  #20: identifier "bps" is undefined
main.c(2224): error:  #20: identifier "dINV" is undefined
main.c(2460): warning:  #177-D: variable "ptr_cnt" was declared but never referenced
main.c(2460): warning:  #177-D: variable "ptr_cnt1" was declared but never referenced
main.c(2460): warning:  #177-D: variable "ptr_cnt2" was declared but never referenced
main.c(2460): warning:  #177-D: variable "ptr_cnt3" was declared but never referenced
main.c(2460): warning:  #177-D: variable "ptr_cnt4" was declared but never referenced
main.c(2488): warning:  #550-D: variable "ptrs" was set but never used
main.c(2489): warning:  #177-D: variable "sub_ptrs" was declared but never referenced
main.c(2491): warning:  #550-D: variable "i" was set but never used
main.c(2492): warning:  #177-D: variable "ii_" was declared but never referenced
main.c(2493): warning:  #177-D: variable "ii_cnt" was declared but never referenced
main.c(2493): warning:  #177-D: variable "cnt_ind_bat" was declared but never referenced
main.c(3263): warning:  #177-D: variable "temp_SS" was declared but never referenced
main.c(3264): warning:  #177-D: variable "deep" was declared but never referenced
main.c(3264): warning:  #177-D: variable "i" was declared but never referenced
main.c(3264): warning:  #177-D: variable "cap" was declared but never referenced
main.c(3264): warning:  #177-D: variable "ptr" was declared but never referenced
main.c(3265): warning:  #177-D: variable "av_head" was declared but never referenced
main.c(3716): error:  #20: identifier "bps" is undefined
main.c(3716): error:  #20: identifier "bsOFF_AV_NET" is undefined
main.c(3780): warning:  #9-D: nested comment is not allowed
main.c(4082): warning:  #177-D: variable "i" was declared but never referenced
main.c(4014): warning:  #128-D: loop is not reachable from preceding code
main.c(3699): warning:  #177-D: variable "mac_adr" was declared but never referenced
main.c(2207): warning:  #177-D: function "timer_poll" was declared but never referenced
compiling simbols.c...
compiling graphic.c...
graphic.c(182): warning:  #177-D: variable "num_bite" was declared but never referenced
graphic.c(183): warning:  #177-D: variable "y_bit_begin" was declared but never referenced
graphic.c(348): warning:  #550-D: variable "s" was set but never used
graphic.c(349): warning:  #550-D: variable "minus" was set but never used
graphic.c(350): warning:  #550-D: variable "zero_on" was set but never used
graphic.c(351): warning:  #550-D: variable "simb_num" was set but never used
compiling riverdi.c...
riverdi.h(176): warning:  #1-D: last line of file ends without a newline
riverdi.c(21): warning:  #61-D: integer operation result is out of range
riverdi.c(21): warning:  #68-D: integer conversion resulted in a change of sign
riverdi.c(113): warning:  #940-D: missing return statement at end of non-void function "wr8"
riverdi.c(164): warning:  #1-D: last line of file ends without a newline
riverdi.c(118): warning: C3017W: temp may be used before being set
riverdi.c(131): warning: C3017W: temp may be used before being set
compiling system_LPC17xx.c...
compiling Timer.c...
compiling beep.c...
compiling lcd_AGM1232_uku207_3.c...
compiling EMAC_LPC17xx.c...
compiling FT_CoPro_Cmds.c...
FT_Gpu_Hal.h(55): warning:  #40-D: expected an identifier
FT_Gpu_Hal.h(59): warning:  #40-D: expected an identifier
FT_Gpu_Hal.h(111): warning:  #1295-D: Deprecated declaration Ft_Gpu_Hal_DeInit - give arg types
FT_CoPro_Cmds.c(52): warning:  #223-D: function "strlen" declared implicitly
FT_CoPro_Cmds.c(604): warning:  #223-D: function "strlen" declared implicitly
compiling FT_Gpu_Hal.c...
FT_Gpu_Hal.h(55): warning:  #40-D: expected an identifier
FT_Gpu_Hal.h(59): warning:  #40-D: expected an identifier
FT_Gpu_Hal.h(111): warning:  #1295-D: Deprecated declaration Ft_Gpu_Hal_DeInit - give arg types
riverdi.h(46): warning:  #47-D: incompatible redefinition of macro "REG_ID" (declared at line 241 of "FT_Gpu.h")
riverdi.h(47): warning:  #47-D: incompatible redefinition of macro "REG_FREQUENCY" (declared at line 231 of "FT_Gpu.h")
riverdi.h(48): warning:  #47-D: incompatible redefinition of macro "REG_HCYCLE" (declared at line 236 of "FT_Gpu.h")
riverdi.h(49): warning:  #47-D: incompatible redefinition of macro "REG_HOFFSET" (declared at line 237 of "FT_Gpu.h")
riverdi.h(50): warning:  #47-D: incompatible redefinition of macro "REG_HSYNC0" (declared at line 239 of "FT_Gpu.h")
riverdi.h(51): warning:  #47-D: incompatible redefinition of macro "REG_HSYNC1" (declared at line 240 of "FT_Gpu.h")
riverdi.h(52): warning:  #47-D: incompatible redefinition of macro "REG_VCYCLE" (declared at line 313 of "FT_Gpu.h")
riverdi.h(53): warning:  #47-D: incompatible redefinition of macro "REG_VOFFSET" (declared at line 314 of "FT_Gpu.h")
riverdi.h(54): warning:  #47-D: incompatible redefinition of macro "REG_VSYNC0" (declared at line 318 of "FT_Gpu.h")
riverdi.h(55): warning:  #47-D: incompatible redefinition of macro "REG_VSYNC1" (declared at line 319 of "FT_Gpu.h")
riverdi.h(56): warning:  #47-D: incompatible redefinition of macro "REG_SWIZZLE" (declared at line 273 of "FT_Gpu.h")
riverdi.h(57): warning:  #47-D: incompatible redefinition of macro "REG_PCLK_POL" (declared at line 253 of "FT_Gpu.h")
riverdi.h(58): warning:  #47-D: incompatible redefinition of macro "REG_HSIZE" (declared at line 238 of "FT_Gpu.h")
riverdi.h(59): warning:  #47-D: incompatible redefinition of macro "REG_VSIZE" (declared at line 317 of "FT_Gpu.h")
riverdi.h(60): warning:  #47-D: incompatible redefinition of macro "REG_CSPREAD" (declared at line 217 of "FT_Gpu.h")
riverdi.h(61): warning:  #47-D: incompatible redefinition of macro "REG_DITHER" (declared at line 228 of "FT_Gpu.h")
riverdi.h(62): warning:  #47-D: incompatible redefinition of macro "REG_GPIO_DIR" (declared at line 235 of "FT_Gpu.h")
riverdi.h(63): warning:  #47-D: incompatible redefinition of macro "REG_GPIO" (declared at line 232 of "FT_Gpu.h")
riverdi.h(64): warning:  #47-D: incompatible redefinition of macro "REG_GPIOX_DIR" (declared at line 234 of "FT_Gpu.h")
riverdi.h(65): warning:  #47-D: incompatible redefinition of macro "REG_GPIOX" (declared at line 233 of "FT_Gpu.h")
riverdi.h(66): warning:  #47-D: incompatible redefinition of macro "REG_DLSWAP" (declared at line 229 of "FT_Gpu.h")
riverdi.h(67): warning:  #47-D: incompatible redefinition of macro "REG_PCLK" (declared at line 252 of "FT_Gpu.h")
riverdi.h(121): warning:  #47-D: incompatible redefinition of macro "RAM_DL" (declared at line 197 of "FT_Gpu.h")
riverdi.h(176): warning:  #1-D: last line of file ends without a newline
FT_Gpu_Hal.c(47): warning:  #940-D: missing return statement at end of non-void function "Ft_Gpu_Hal_Init"
FT_Gpu_Hal.c(242): warning:  #223-D: function "strlen" declared implicitly
FT_Gpu_Hal.c(249): warning:  #940-D: missing return statement at end of non-void function "Ft_Gpu_Hal_TransferString"
FT_Gpu_Hal.c(545): warning:  #177-D: variable "SizeTransfered" was declared but never referenced
FT_Gpu_Hal.c(559): warning:  #177-D: variable "SizeTransfered" was declared but never referenced
FT_Gpu_Hal.c(583): warning:  #177-D: variable "SizeTransfered" was declared but never referenced
FT_Gpu_Hal.c(610): warning:  #223-D: function "strlen" declared implicitly
Target not created
Build target 'UKU208'
assembling startup_LPC17xx.s...
compiling Net_Config_HTTP.c...
compiling common_func.c...
common_func.c(1255): warning:  #177-D: variable "dt" was declared but never referenced
common_func.c(363): warning: C3017W: tempii may be used before being set
compiling mess.c...
compiling ret.c...
compiling gran.c...
compiling main.c...
FT_GPU.h(375): warning:  #47-D: incompatible redefinition of macro "END" (declared at line 18 of "cmd.h")
FT_GPU_Hal.h(55): warning:  #40-D: expected an identifier
FT_GPU_Hal.h(59): warning:  #40-D: expected an identifier
FT_GPU_Hal.h(111): warning:  #1295-D: Deprecated declaration Ft_Gpu_Hal_DeInit - give arg types
riverdi.h(46): warning:  #47-D: incompatible redefinition of macro "REG_ID" (declared at line 241 of "FT_GPU.h")
riverdi.h(47): warning:  #47-D: incompatible redefinition of macro "REG_FREQUENCY" (declared at line 231 of "FT_GPU.h")
riverdi.h(48): warning:  #47-D: incompatible redefinition of macro "REG_HCYCLE" (declared at line 236 of "FT_GPU.h")
riverdi.h(49): warning:  #47-D: incompatible redefinition of macro "REG_HOFFSET" (declared at line 237 of "FT_GPU.h")
riverdi.h(50): warning:  #47-D: incompatible redefinition of macro "REG_HSYNC0" (declared at line 239 of "FT_GPU.h")
riverdi.h(51): warning:  #47-D: incompatible redefinition of macro "REG_HSYNC1" (declared at line 240 of "FT_GPU.h")
riverdi.h(52): warning:  #47-D: incompatible redefinition of macro "REG_VCYCLE" (declared at line 313 of "FT_GPU.h")
riverdi.h(53): warning:  #47-D: incompatible redefinition of macro "REG_VOFFSET" (declared at line 314 of "FT_GPU.h")
riverdi.h(54): warning:  #47-D: incompatible redefinition of macro "REG_VSYNC0" (declared at line 318 of "FT_GPU.h")
riverdi.h(55): warning:  #47-D: incompatible redefinition of macro "REG_VSYNC1" (declared at line 319 of "FT_GPU.h")
riverdi.h(56): warning:  #47-D: incompatible redefinition of macro "REG_SWIZZLE" (declared at line 273 of "FT_GPU.h")
riverdi.h(57): warning:  #47-D: incompatible redefinition of macro "REG_PCLK_POL" (declared at line 253 of "FT_GPU.h")
riverdi.h(58): warning:  #47-D: incompatible redefinition of macro "REG_HSIZE" (declared at line 238 of "FT_GPU.h")
riverdi.h(59): warning:  #47-D: incompatible redefinition of macro "REG_VSIZE" (declared at line 317 of "FT_GPU.h")
riverdi.h(60): warning:  #47-D: incompatible redefinition of macro "REG_CSPREAD" (declared at line 217 of "FT_GPU.h")
riverdi.h(61): warning:  #47-D: incompatible redefinition of macro "REG_DITHER" (declared at line 228 of "FT_GPU.h")
riverdi.h(62): warning:  #47-D: incompatible redefinition of macro "REG_GPIO_DIR" (declared at line 235 of "FT_GPU.h")
riverdi.h(63): warning:  #47-D: incompatible redefinition of macro "REG_GPIO" (declared at line 232 of "FT_GPU.h")
riverdi.h(64): warning:  #47-D: incompatible redefinition of macro "REG_GPIOX_DIR" (declared at line 234 of "FT_GPU.h")
riverdi.h(65): warning:  #47-D: incompatible redefinition of macro "REG_GPIOX" (declared at line 233 of "FT_GPU.h")
riverdi.h(66): warning:  #47-D: incompatible redefinition of macro "REG_DLSWAP" (declared at line 229 of "FT_GPU.h")
riverdi.h(67): warning:  #47-D: incompatible redefinition of macro "REG_PCLK" (declared at line 252 of "FT_GPU.h")
riverdi.h(121): warning:  #47-D: incompatible redefinition of macro "RAM_DL" (declared at line 197 of "FT_GPU.h")
riverdi.h(176): warning:  #1-D: last line of file ends without a newline
main.c(2018): warning:  #223-D: function "Ft_Gpu_Cmdfifo_Freespace" declared implicitly
main.c(2460): warning:  #177-D: variable "ptr_cnt" was declared but never referenced
main.c(2460): warning:  #177-D: variable "ptr_cnt1" was declared but never referenced
main.c(2460): warning:  #177-D: variable "ptr_cnt2" was declared but never referenced
main.c(2460): warning:  #177-D: variable "ptr_cnt3" was declared but never referenced
main.c(2460): warning:  #177-D: variable "ptr_cnt4" was declared but never referenced
main.c(2488): warning:  #550-D: variable "ptrs" was set but never used
main.c(2489): warning:  #177-D: variable "sub_ptrs" was declared but never referenced
main.c(2491): warning:  #550-D: variable "i" was set but never used
main.c(2492): warning:  #177-D: variable "ii_" was declared but never referenced
main.c(2493): warning:  #177-D: variable "ii_cnt" was declared but never referenced
main.c(2493): warning:  #177-D: variable "cnt_ind_bat" was declared but never referenced
main.c(3263): warning:  #177-D: variable "temp_SS" was declared but never referenced
main.c(3264): warning:  #177-D: variable "deep" was declared but never referenced
main.c(3264): warning:  #177-D: variable "i" was declared but never referenced
main.c(3264): warning:  #177-D: variable "cap" was declared but never referenced
main.c(3264): warning:  #177-D: variable "ptr" was declared but never referenced
main.c(3265): warning:  #177-D: variable "av_head" was declared but never referenced
main.c(3716): error:  #20: identifier "bps" is undefined
main.c(3716): error:  #20: identifier "bsOFF_AV_NET" is undefined
main.c(3780): warning:  #9-D: nested comment is not allowed
main.c(4082): warning:  #177-D: variable "i" was declared but never referenced
main.c(4014): warning:  #128-D: loop is not reachable from preceding code
main.c(3699): warning:  #177-D: variable "mac_adr" was declared but never referenced
main.c(2207): warning:  #177-D: function "timer_poll" was declared but never referenced
compiling simbols.c...
compiling graphic.c...
graphic.c(182): warning:  #177-D: variable "num_bite" was declared but never referenced
graphic.c(183): warning:  #177-D: variable "y_bit_begin" was declared but never referenced
graphic.c(348): warning:  #550-D: variable "s" was set but never used
graphic.c(349): warning:  #550-D: variable "minus" was set but never used
graphic.c(350): warning:  #550-D: variable "zero_on" was set but never used
graphic.c(351): warning:  #550-D: variable "simb_num" was set but never used
compiling riverdi.c...
riverdi.h(176): warning:  #1-D: last line of file ends without a newline
riverdi.c(21): warning:  #61-D: integer operation result is out of range
riverdi.c(21): warning:  #68-D: integer conversion resulted in a change of sign
riverdi.c(113): warning:  #940-D: missing return statement at end of non-void function "wr8"
riverdi.c(164): warning:  #1-D: last line of file ends without a newline
riverdi.c(118): warning: C3017W: temp may be used before being set
riverdi.c(131): warning: C3017W: temp may be used before being set
compiling system_LPC17xx.c...
compiling Timer.c...
compiling beep.c...
compiling lcd_AGM1232_uku207_3.c...
compiling EMAC_LPC17xx.c...
compiling FT_CoPro_Cmds.c...
FT_Gpu_Hal.h(55): warning:  #40-D: expected an identifier
FT_Gpu_Hal.h(59): warning:  #40-D: expected an identifier
FT_Gpu_Hal.h(111): warning:  #1295-D: Deprecated declaration Ft_Gpu_Hal_DeInit - give arg types
FT_CoPro_Cmds.c(52): warning:  #223-D: function "strlen" declared implicitly
FT_CoPro_Cmds.c(604): warning:  #223-D: function "strlen" declared implicitly
compiling FT_Gpu_Hal.c...
FT_Gpu_Hal.h(55): warning:  #40-D: expected an identifier
FT_Gpu_Hal.h(59): warning:  #40-D: expected an identifier
FT_Gpu_Hal.h(111): warning:  #1295-D: Deprecated declaration Ft_Gpu_Hal_DeInit - give arg types
riverdi.h(46): warning:  #47-D: incompatible redefinition of macro "REG_ID" (declared at line 241 of "FT_Gpu.h")
riverdi.h(47): warning:  #47-D: incompatible redefinition of macro "REG_FREQUENCY" (declared at line 231 of "FT_Gpu.h")
riverdi.h(48): warning:  #47-D: incompatible redefinition of macro "REG_HCYCLE" (declared at line 236 of "FT_Gpu.h")
riverdi.h(49): warning:  #47-D: incompatible redefinition of macro "REG_HOFFSET" (declared at line 237 of "FT_Gpu.h")
riverdi.h(50): warning:  #47-D: incompatible redefinition of macro "REG_HSYNC0" (declared at line 239 of "FT_Gpu.h")
riverdi.h(51): warning:  #47-D: incompatible redefinition of macro "REG_HSYNC1" (declared at line 240 of "FT_Gpu.h")
riverdi.h(52): warning:  #47-D: incompatible redefinition of macro "REG_VCYCLE" (declared at line 313 of "FT_Gpu.h")
riverdi.h(53): warning:  #47-D: incompatible redefinition of macro "REG_VOFFSET" (declared at line 314 of "FT_Gpu.h")
riverdi.h(54): warning:  #47-D: incompatible redefinition of macro "REG_VSYNC0" (declared at line 318 of "FT_Gpu.h")
riverdi.h(55): warning:  #47-D: incompatible redefinition of macro "REG_VSYNC1" (declared at line 319 of "FT_Gpu.h")
riverdi.h(56): warning:  #47-D: incompatible redefinition of macro "REG_SWIZZLE" (declared at line 273 of "FT_Gpu.h")
riverdi.h(57): warning:  #47-D: incompatible redefinition of macro "REG_PCLK_POL" (declared at line 253 of "FT_Gpu.h")
riverdi.h(58): warning:  #47-D: incompatible redefinition of macro "REG_HSIZE" (declared at line 238 of "FT_Gpu.h")
riverdi.h(59): warning:  #47-D: incompatible redefinition of macro "REG_VSIZE" (declared at line 317 of "FT_Gpu.h")
riverdi.h(60): warning:  #47-D: incompatible redefinition of macro "REG_CSPREAD" (declared at line 217 of "FT_Gpu.h")
riverdi.h(61): warning:  #47-D: incompatible redefinition of macro "REG_DITHER" (declared at line 228 of "FT_Gpu.h")
riverdi.h(62): warning:  #47-D: incompatible redefinition of macro "REG_GPIO_DIR" (declared at line 235 of "FT_Gpu.h")
riverdi.h(63): warning:  #47-D: incompatible redefinition of macro "REG_GPIO" (declared at line 232 of "FT_Gpu.h")
riverdi.h(64): warning:  #47-D: incompatible redefinition of macro "REG_GPIOX_DIR" (declared at line 234 of "FT_Gpu.h")
riverdi.h(65): warning:  #47-D: incompatible redefinition of macro "REG_GPIOX" (declared at line 233 of "FT_Gpu.h")
riverdi.h(66): warning:  #47-D: incompatible redefinition of macro "REG_DLSWAP" (declared at line 229 of "FT_Gpu.h")
riverdi.h(67): warning:  #47-D: incompatible redefinition of macro "REG_PCLK" (declared at line 252 of "FT_Gpu.h")
riverdi.h(121): warning:  #47-D: incompatible redefinition of macro "RAM_DL" (declared at line 197 of "FT_Gpu.h")
riverdi.h(176): warning:  #1-D: last line of file ends without a newline
FT_Gpu_Hal.c(47): warning:  #940-D: missing return statement at end of non-void function "Ft_Gpu_Hal_Init"
FT_Gpu_Hal.c(242): warning:  #223-D: function "strlen" declared implicitly
FT_Gpu_Hal.c(249): warning:  #940-D: missing return statement at end of non-void function "Ft_Gpu_Hal_TransferString"
FT_Gpu_Hal.c(545): warning:  #177-D: variable "SizeTransfered" was declared but never referenced
FT_Gpu_Hal.c(559): warning:  #177-D: variable "SizeTransfered" was declared but never referenced
FT_Gpu_Hal.c(583): warning:  #177-D: variable "SizeTransfered" was declared but never referenced
FT_Gpu_Hal.c(610): warning:  #223-D: function "strlen" declared implicitly
Target not created
Build target 'UKU208'
assembling startup_LPC17xx.s...
compiling Net_Config_HTTP.c...
compiling common_func.c...
common_func.c(1255): warning:  #177-D: variable "dt" was declared but never referenced
common_func.c(363): warning: C3017W: tempii may be used before being set
compiling mess.c...
compiling ret.c...
compiling gran.c...
compiling main.c...
FT_GPU.h(375): warning:  #47-D: incompatible redefinition of macro "END" (declared at line 18 of "cmd.h")
FT_GPU_Hal.h(55): warning:  #40-D: expected an identifier
FT_GPU_Hal.h(59): warning:  #40-D: expected an identifier
FT_GPU_Hal.h(111): warning:  #1295-D: Deprecated declaration Ft_Gpu_Hal_DeInit - give arg types
riverdi.h(46): warning:  #47-D: incompatible redefinition of macro "REG_ID" (declared at line 241 of "FT_GPU.h")
riverdi.h(47): warning:  #47-D: incompatible redefinition of macro "REG_FREQUENCY" (declared at line 231 of "FT_GPU.h")
riverdi.h(48): warning:  #47-D: incompatible redefinition of macro "REG_HCYCLE" (declared at line 236 of "FT_GPU.h")
riverdi.h(49): warning:  #47-D: incompatible redefinition of macro "REG_HOFFSET" (declared at line 237 of "FT_GPU.h")
riverdi.h(50): warning:  #47-D: incompatible redefinition of macro "REG_HSYNC0" (declared at line 239 of "FT_GPU.h")
riverdi.h(51): warning:  #47-D: incompatible redefinition of macro "REG_HSYNC1" (declared at line 240 of "FT_GPU.h")
riverdi.h(52): warning:  #47-D: incompatible redefinition of macro "REG_VCYCLE" (declared at line 313 of "FT_GPU.h")
riverdi.h(53): warning:  #47-D: incompatible redefinition of macro "REG_VOFFSET" (declared at line 314 of "FT_GPU.h")
riverdi.h(54): warning:  #47-D: incompatible redefinition of macro "REG_VSYNC0" (declared at line 318 of "FT_GPU.h")
riverdi.h(55): warning:  #47-D: incompatible redefinition of macro "REG_VSYNC1" (declared at line 319 of "FT_GPU.h")
riverdi.h(56): warning:  #47-D: incompatible redefinition of macro "REG_SWIZZLE" (declared at line 273 of "FT_GPU.h")
riverdi.h(57): warning:  #47-D: incompatible redefinition of macro "REG_PCLK_POL" (declared at line 253 of "FT_GPU.h")
riverdi.h(58): warning:  #47-D: incompatible redefinition of macro "REG_HSIZE" (declared at line 238 of "FT_GPU.h")
riverdi.h(59): warning:  #47-D: incompatible redefinition of macro "REG_VSIZE" (declared at line 317 of "FT_GPU.h")
riverdi.h(60): warning:  #47-D: incompatible redefinition of macro "REG_CSPREAD" (declared at line 217 of "FT_GPU.h")
riverdi.h(61): warning:  #47-D: incompatible redefinition of macro "REG_DITHER" (declared at line 228 of "FT_GPU.h")
riverdi.h(62): warning:  #47-D: incompatible redefinition of macro "REG_GPIO_DIR" (declared at line 235 of "FT_GPU.h")
riverdi.h(63): warning:  #47-D: incompatible redefinition of macro "REG_GPIO" (declared at line 232 of "FT_GPU.h")
riverdi.h(64): warning:  #47-D: incompatible redefinition of macro "REG_GPIOX_DIR" (declared at line 234 of "FT_GPU.h")
riverdi.h(65): warning:  #47-D: incompatible redefinition of macro "REG_GPIOX" (declared at line 233 of "FT_GPU.h")
riverdi.h(66): warning:  #47-D: incompatible redefinition of macro "REG_DLSWAP" (declared at line 229 of "FT_GPU.h")
riverdi.h(67): warning:  #47-D: incompatible redefinition of macro "REG_PCLK" (declared at line 252 of "FT_GPU.h")
riverdi.h(121): warning:  #47-D: incompatible redefinition of macro "RAM_DL" (declared at line 197 of "FT_GPU.h")
riverdi.h(176): warning:  #1-D: last line of file ends without a newline
main.c(2018): warning:  #223-D: function "Ft_Gpu_Cmdfifo_Freespace" declared implicitly
main.c(2460): warning:  #177-D: variable "ptr_cnt" was declared but never referenced
main.c(2460): warning:  #177-D: variable "ptr_cnt1" was declared but never referenced
main.c(2460): warning:  #177-D: variable "ptr_cnt2" was declared but never referenced
main.c(2460): warning:  #177-D: variable "ptr_cnt3" was declared but never referenced
main.c(2460): warning:  #177-D: variable "ptr_cnt4" was declared but never referenced
main.c(2488): warning:  #550-D: variable "ptrs" was set but never used
main.c(2489): warning:  #177-D: variable "sub_ptrs" was declared but never referenced
main.c(2491): warning:  #550-D: variable "i" was set but never used
main.c(2492): warning:  #177-D: variable "ii_" was declared but never referenced
main.c(2493): warning:  #177-D: variable "ii_cnt" was declared but never referenced
main.c(2493): warning:  #177-D: variable "cnt_ind_bat" was declared but never referenced
main.c(3263): warning:  #177-D: variable "temp_SS" was declared but never referenced
main.c(3264): warning:  #177-D: variable "deep" was declared but never referenced
main.c(3264): warning:  #177-D: variable "i" was declared but never referenced
main.c(3264): warning:  #177-D: variable "cap" was declared but never referenced
main.c(3264): warning:  #177-D: variable "ptr" was declared but never referenced
main.c(3265): warning:  #177-D: variable "av_head" was declared but never referenced
main.c(3740): warning:  #9-D: nested comment is not allowed
main.c(4042): warning:  #177-D: variable "i" was declared but never referenced
main.c(3974): warning:  #128-D: loop is not reachable from preceding code
main.c(3699): warning:  #177-D: variable "mac_adr" was declared but never referenced
main.c(2207): warning:  #177-D: function "timer_poll" was declared but never referenced
compiling simbols.c...
compiling graphic.c...
graphic.c(182): warning:  #177-D: variable "num_bite" was declared but never referenced
graphic.c(183): warning:  #177-D: variable "y_bit_begin" was declared but never referenced
graphic.c(348): warning:  #550-D: variable "s" was set but never used
graphic.c(349): warning:  #550-D: variable "minus" was set but never used
graphic.c(350): warning:  #550-D: variable "zero_on" was set but never used
graphic.c(351): warning:  #550-D: variable "simb_num" was set but never used
compiling riverdi.c...
riverdi.h(176): warning:  #1-D: last line of file ends without a newline
riverdi.c(21): warning:  #61-D: integer operation result is out of range
riverdi.c(21): warning:  #68-D: integer conversion resulted in a change of sign
riverdi.c(113): warning:  #940-D: missing return statement at end of non-void function "wr8"
riverdi.c(164): warning:  #1-D: last line of file ends without a newline
riverdi.c(118): warning: C3017W: temp may be used before being set
riverdi.c(131): warning: C3017W: temp may be used before being set
compiling system_LPC17xx.c...
compiling Timer.c...
compiling beep.c...
compiling EMAC_LPC17xx.c...
compiling FT_CoPro_Cmds.c...
FT_Gpu_Hal.h(55): warning:  #40-D: expected an identifier
FT_Gpu_Hal.h(59): warning:  #40-D: expected an identifier
FT_Gpu_Hal.h(111): warning:  #1295-D: Deprecated declaration Ft_Gpu_Hal_DeInit - give arg types
FT_CoPro_Cmds.c(52): warning:  #223-D: function "strlen" declared implicitly
FT_CoPro_Cmds.c(604): warning:  #223-D: function "strlen" declared implicitly
compiling FT_Gpu_Hal.c...
FT_Gpu_Hal.h(55): warning:  #40-D: expected an identifier
FT_Gpu_Hal.h(59): warning:  #40-D: expected an identifier
FT_Gpu_Hal.h(111): warning:  #1295-D: Deprecated declaration Ft_Gpu_Hal_DeInit - give arg types
riverdi.h(46): warning:  #47-D: incompatible redefinition of macro "REG_ID" (declared at line 241 of "FT_Gpu.h")
riverdi.h(47): warning:  #47-D: incompatible redefinition of macro "REG_FREQUENCY" (declared at line 231 of "FT_Gpu.h")
riverdi.h(48): warning:  #47-D: incompatible redefinition of macro "REG_HCYCLE" (declared at line 236 of "FT_Gpu.h")
riverdi.h(49): warning:  #47-D: incompatible redefinition of macro "REG_HOFFSET" (declared at line 237 of "FT_Gpu.h")
riverdi.h(50): warning:  #47-D: incompatible redefinition of macro "REG_HSYNC0" (declared at line 239 of "FT_Gpu.h")
riverdi.h(51): warning:  #47-D: incompatible redefinition of macro "REG_HSYNC1" (declared at line 240 of "FT_Gpu.h")
riverdi.h(52): warning:  #47-D: incompatible redefinition of macro "REG_VCYCLE" (declared at line 313 of "FT_Gpu.h")
riverdi.h(53): warning:  #47-D: incompatible redefinition of macro "REG_VOFFSET" (declared at line 314 of "FT_Gpu.h")
riverdi.h(54): warning:  #47-D: incompatible redefinition of macro "REG_VSYNC0" (declared at line 318 of "FT_Gpu.h")
riverdi.h(55): warning:  #47-D: incompatible redefinition of macro "REG_VSYNC1" (declared at line 319 of "FT_Gpu.h")
riverdi.h(56): warning:  #47-D: incompatible redefinition of macro "REG_SWIZZLE" (declared at line 273 of "FT_Gpu.h")
riverdi.h(57): warning:  #47-D: incompatible redefinition of macro "REG_PCLK_POL" (declared at line 253 of "FT_Gpu.h")
riverdi.h(58): warning:  #47-D: incompatible redefinition of macro "REG_HSIZE" (declared at line 238 of "FT_Gpu.h")
riverdi.h(59): warning:  #47-D: incompatible redefinition of macro "REG_VSIZE" (declared at line 317 of "FT_Gpu.h")
riverdi.h(60): warning:  #47-D: incompatible redefinition of macro "REG_CSPREAD" (declared at line 217 of "FT_Gpu.h")
riverdi.h(61): warning:  #47-D: incompatible redefinition of macro "REG_DITHER" (declared at line 228 of "FT_Gpu.h")
riverdi.h(62): warning:  #47-D: incompatible redefinition of macro "REG_GPIO_DIR" (declared at line 235 of "FT_Gpu.h")
riverdi.h(63): warning:  #47-D: incompatible redefinition of macro "REG_GPIO" (declared at line 232 of "FT_Gpu.h")
riverdi.h(64): warning:  #47-D: incompatible redefinition of macro "REG_GPIOX_DIR" (declared at line 234 of "FT_Gpu.h")
riverdi.h(65): warning:  #47-D: incompatible redefinition of macro "REG_GPIOX" (declared at line 233 of "FT_Gpu.h")
riverdi.h(66): warning:  #47-D: incompatible redefinition of macro "REG_DLSWAP" (declared at line 229 of "FT_Gpu.h")
riverdi.h(67): warning:  #47-D: incompatible redefinition of macro "REG_PCLK" (declared at line 252 of "FT_Gpu.h")
riverdi.h(121): warning:  #47-D: incompatible redefinition of macro "RAM_DL" (declared at line 197 of "FT_Gpu.h")
riverdi.h(176): warning:  #1-D: last line of file ends without a newline
FT_Gpu_Hal.c(47): warning:  #940-D: missing return statement at end of non-void function "Ft_Gpu_Hal_Init"
FT_Gpu_Hal.c(242): warning:  #223-D: function "strlen" declared implicitly
FT_Gpu_Hal.c(249): warning:  #940-D: missing return statement at end of non-void function "Ft_Gpu_Hal_TransferString"
FT_Gpu_Hal.c(545): warning:  #177-D: variable "SizeTransfered" was declared but never referenced
FT_Gpu_Hal.c(559): warning:  #177-D: variable "SizeTransfered" was declared but never referenced
FT_Gpu_Hal.c(583): warning:  #177-D: variable "SizeTransfered" was declared but never referenced
FT_Gpu_Hal.c(610): warning:  #223-D: function "strlen" declared implicitly
linking...
.\EXE\UKU208.axf: Error: L6218E: Undefined symbol lcd_clear (referred from main.o).
.\EXE\UKU208.axf: Error: L6218E: Undefined symbol lcd_init (referred from main.o).
.\EXE\UKU208.axf: Error: L6218E: Undefined symbol lcd_on (referred from main.o).
Target not created
Build target 'UKU208'
assembling startup_LPC17xx.s...
compiling Net_Config_HTTP.c...
compiling common_func.c...
common_func.c(1255): warning:  #177-D: variable "dt" was declared but never referenced
common_func.c(363): warning: C3017W: tempii may be used before being set
compiling mess.c...
compiling ret.c...
compiling gran.c...
compiling main.c...
FT_GPU.h(375): warning:  #47-D: incompatible redefinition of macro "END" (declared at line 18 of "cmd.h")
FT_GPU_Hal.h(55): warning:  #40-D: expected an identifier
FT_GPU_Hal.h(59): warning:  #40-D: expected an identifier
FT_GPU_Hal.h(111): warning:  #1295-D: Deprecated declaration Ft_Gpu_Hal_DeInit - give arg types
riverdi.h(46): warning:  #47-D: incompatible redefinition of macro "REG_ID" (declared at line 241 of "FT_GPU.h")
riverdi.h(47): warning:  #47-D: incompatible redefinition of macro "REG_FREQUENCY" (declared at line 231 of "FT_GPU.h")
riverdi.h(48): warning:  #47-D: incompatible redefinition of macro "REG_HCYCLE" (declared at line 236 of "FT_GPU.h")
riverdi.h(49): warning:  #47-D: incompatible redefinition of macro "REG_HOFFSET" (declared at line 237 of "FT_GPU.h")
riverdi.h(50): warning:  #47-D: incompatible redefinition of macro "REG_HSYNC0" (declared at line 239 of "FT_GPU.h")
riverdi.h(51): warning:  #47-D: incompatible redefinition of macro "REG_HSYNC1" (declared at line 240 of "FT_GPU.h")
riverdi.h(52): warning:  #47-D: incompatible redefinition of macro "REG_VCYCLE" (declared at line 313 of "FT_GPU.h")
riverdi.h(53): warning:  #47-D: incompatible redefinition of macro "REG_VOFFSET" (declared at line 314 of "FT_GPU.h")
riverdi.h(54): warning:  #47-D: incompatible redefinition of macro "REG_VSYNC0" (declared at line 318 of "FT_GPU.h")
riverdi.h(55): warning:  #47-D: incompatible redefinition of macro "REG_VSYNC1" (declared at line 319 of "FT_GPU.h")
riverdi.h(56): warning:  #47-D: incompatible redefinition of macro "REG_SWIZZLE" (declared at line 273 of "FT_GPU.h")
riverdi.h(57): warning:  #47-D: incompatible redefinition of macro "REG_PCLK_POL" (declared at line 253 of "FT_GPU.h")
riverdi.h(58): warning:  #47-D: incompatible redefinition of macro "REG_HSIZE" (declared at line 238 of "FT_GPU.h")
riverdi.h(59): warning:  #47-D: incompatible redefinition of macro "REG_VSIZE" (declared at line 317 of "FT_GPU.h")
riverdi.h(60): warning:  #47-D: incompatible redefinition of macro "REG_CSPREAD" (declared at line 217 of "FT_GPU.h")
riverdi.h(61): warning:  #47-D: incompatible redefinition of macro "REG_DITHER" (declared at line 228 of "FT_GPU.h")
riverdi.h(62): warning:  #47-D: incompatible redefinition of macro "REG_GPIO_DIR" (declared at line 235 of "FT_GPU.h")
riverdi.h(63): warning:  #47-D: incompatible redefinition of macro "REG_GPIO" (declared at line 232 of "FT_GPU.h")
riverdi.h(64): warning:  #47-D: incompatible redefinition of macro "REG_GPIOX_DIR" (declared at line 234 of "FT_GPU.h")
riverdi.h(65): warning:  #47-D: incompatible redefinition of macro "REG_GPIOX" (declared at line 233 of "FT_GPU.h")
riverdi.h(66): warning:  #47-D: incompatible redefinition of macro "REG_DLSWAP" (declared at line 229 of "FT_GPU.h")
riverdi.h(67): warning:  #47-D: incompatible redefinition of macro "REG_PCLK" (declared at line 252 of "FT_GPU.h")
riverdi.h(121): warning:  #47-D: incompatible redefinition of macro "RAM_DL" (declared at line 197 of "FT_GPU.h")
riverdi.h(176): warning:  #1-D: last line of file ends without a newline
main.c(2018): warning:  #223-D: function "Ft_Gpu_Cmdfifo_Freespace" declared implicitly
main.c(2460): warning:  #177-D: variable "ptr_cnt" was declared but never referenced
main.c(2460): warning:  #177-D: variable "ptr_cnt1" was declared but never referenced
main.c(2460): warning:  #177-D: variable "ptr_cnt2" was declared but never referenced
main.c(2460): warning:  #177-D: variable "ptr_cnt3" was declared but never referenced
main.c(2460): warning:  #177-D: variable "ptr_cnt4" was declared but never referenced
main.c(2488): warning:  #550-D: variable "ptrs" was set but never used
main.c(2489): warning:  #177-D: variable "sub_ptrs" was declared but never referenced
main.c(2491): warning:  #550-D: variable "i" was set but never used
main.c(2492): warning:  #177-D: variable "ii_" was declared but never referenced
main.c(2493): warning:  #177-D: variable "ii_cnt" was declared but never referenced
main.c(2493): warning:  #177-D: variable "cnt_ind_bat" was declared but never referenced
main.c(3263): warning:  #177-D: variable "temp_SS" was declared but never referenced
main.c(3264): warning:  #177-D: variable "deep" was declared but never referenced
main.c(3264): warning:  #177-D: variable "i" was declared but never referenced
main.c(3264): warning:  #177-D: variable "cap" was declared but never referenced
main.c(3264): warning:  #177-D: variable "ptr" was declared but never referenced
main.c(3265): warning:  #177-D: variable "av_head" was declared but never referenced
main.c(3740): warning:  #9-D: nested comment is not allowed
main.c(4038): warning:  #177-D: variable "i" was declared but never referenced
main.c(3970): warning:  #128-D: loop is not reachable from preceding code
main.c(3699): warning:  #177-D: variable "mac_adr" was declared but never referenced
main.c(2207): warning:  #177-D: function "timer_poll" was declared but never referenced
compiling simbols.c...
compiling graphic.c...
graphic.c(182): warning:  #177-D: variable "num_bite" was declared but never referenced
graphic.c(183): warning:  #177-D: variable "y_bit_begin" was declared but never referenced
graphic.c(348): warning:  #550-D: variable "s" was set but never used
graphic.c(349): warning:  #550-D: variable "minus" was set but never used
graphic.c(350): warning:  #550-D: variable "zero_on" was set but never used
graphic.c(351): warning:  #550-D: variable "simb_num" was set but never used
compiling riverdi.c...
riverdi.h(176): warning:  #1-D: last line of file ends without a newline
riverdi.c(21): warning:  #61-D: integer operation result is out of range
riverdi.c(21): warning:  #68-D: integer conversion resulted in a change of sign
riverdi.c(113): warning:  #940-D: missing return statement at end of non-void function "wr8"
riverdi.c(164): warning:  #1-D: last line of file ends without a newline
riverdi.c(118): warning: C3017W: temp may be used before being set
riverdi.c(131): warning: C3017W: temp may be used before being set
compiling system_LPC17xx.c...
compiling Timer.c...
compiling beep.c...
compiling EMAC_LPC17xx.c...
compiling FT_CoPro_Cmds.c...
FT_Gpu_Hal.h(55): warning:  #40-D: expected an identifier
FT_Gpu_Hal.h(59): warning:  #40-D: expected an identifier
FT_Gpu_Hal.h(111): warning:  #1295-D: Deprecated declaration Ft_Gpu_Hal_DeInit - give arg types
FT_CoPro_Cmds.c(52): warning:  #223-D: function "strlen" declared implicitly
FT_CoPro_Cmds.c(604): warning:  #223-D: function "strlen" declared implicitly
compiling FT_Gpu_Hal.c...
FT_Gpu_Hal.h(55): warning:  #40-D: expected an identifier
FT_Gpu_Hal.h(59): warning:  #40-D: expected an identifier
FT_Gpu_Hal.h(111): warning:  #1295-D: Deprecated declaration Ft_Gpu_Hal_DeInit - give arg types
riverdi.h(46): warning:  #47-D: incompatible redefinition of macro "REG_ID" (declared at line 241 of "FT_Gpu.h")
riverdi.h(47): warning:  #47-D: incompatible redefinition of macro "REG_FREQUENCY" (declared at line 231 of "FT_Gpu.h")
riverdi.h(48): warning:  #47-D: incompatible redefinition of macro "REG_HCYCLE" (declared at line 236 of "FT_Gpu.h")
riverdi.h(49): warning:  #47-D: incompatible redefinition of macro "REG_HOFFSET" (declared at line 237 of "FT_Gpu.h")
riverdi.h(50): warning:  #47-D: incompatible redefinition of macro "REG_HSYNC0" (declared at line 239 of "FT_Gpu.h")
riverdi.h(51): warning:  #47-D: incompatible redefinition of macro "REG_HSYNC1" (declared at line 240 of "FT_Gpu.h")
riverdi.h(52): warning:  #47-D: incompatible redefinition of macro "REG_VCYCLE" (declared at line 313 of "FT_Gpu.h")
riverdi.h(53): warning:  #47-D: incompatible redefinition of macro "REG_VOFFSET" (declared at line 314 of "FT_Gpu.h")
riverdi.h(54): warning:  #47-D: incompatible redefinition of macro "REG_VSYNC0" (declared at line 318 of "FT_Gpu.h")
riverdi.h(55): warning:  #47-D: incompatible redefinition of macro "REG_VSYNC1" (declared at line 319 of "FT_Gpu.h")
riverdi.h(56): warning:  #47-D: incompatible redefinition of macro "REG_SWIZZLE" (declared at line 273 of "FT_Gpu.h")
riverdi.h(57): warning:  #47-D: incompatible redefinition of macro "REG_PCLK_POL" (declared at line 253 of "FT_Gpu.h")
riverdi.h(58): warning:  #47-D: incompatible redefinition of macro "REG_HSIZE" (declared at line 238 of "FT_Gpu.h")
riverdi.h(59): warning:  #47-D: incompatible redefinition of macro "REG_VSIZE" (declared at line 317 of "FT_Gpu.h")
riverdi.h(60): warning:  #47-D: incompatible redefinition of macro "REG_CSPREAD" (declared at line 217 of "FT_Gpu.h")
riverdi.h(61): warning:  #47-D: incompatible redefinition of macro "REG_DITHER" (declared at line 228 of "FT_Gpu.h")
riverdi.h(62): warning:  #47-D: incompatible redefinition of macro "REG_GPIO_DIR" (declared at line 235 of "FT_Gpu.h")
riverdi.h(63): warning:  #47-D: incompatible redefinition of macro "REG_GPIO" (declared at line 232 of "FT_Gpu.h")
riverdi.h(64): warning:  #47-D: incompatible redefinition of macro "REG_GPIOX_DIR" (declared at line 234 of "FT_Gpu.h")
riverdi.h(65): warning:  #47-D: incompatible redefinition of macro "REG_GPIOX" (declared at line 233 of "FT_Gpu.h")
riverdi.h(66): warning:  #47-D: incompatible redefinition of macro "REG_DLSWAP" (declared at line 229 of "FT_Gpu.h")
riverdi.h(67): warning:  #47-D: incompatible redefinition of macro "REG_PCLK" (declared at line 252 of "FT_Gpu.h")
riverdi.h(121): warning:  #47-D: incompatible redefinition of macro "RAM_DL" (declared at line 197 of "FT_Gpu.h")
riverdi.h(176): warning:  #1-D: last line of file ends without a newline
FT_Gpu_Hal.c(47): warning:  #940-D: missing return statement at end of non-void function "Ft_Gpu_Hal_Init"
FT_Gpu_Hal.c(242): warning:  #223-D: function "strlen" declared implicitly
FT_Gpu_Hal.c(249): warning:  #940-D: missing return statement at end of non-void function "Ft_Gpu_Hal_TransferString"
FT_Gpu_Hal.c(545): warning:  #177-D: variable "SizeTransfered" was declared but never referenced
FT_Gpu_Hal.c(559): warning:  #177-D: variable "SizeTransfered" was declared but never referenced
FT_Gpu_Hal.c(583): warning:  #177-D: variable "SizeTransfered" was declared but never referenced
FT_Gpu_Hal.c(610): warning:  #223-D: function "strlen" declared implicitly
linking...
Program Size: Code=16424 RO-data=1896 RW-data=5268 ZI-data=45664  
FromELF: creating hex file...
".\EXE\UKU208.axf" - 0 Error(s), 105 Warning(s).
Build target 'UKU208'
assembling startup_LPC17xx.s...
compiling Net_Config_HTTP.c...
compiling common_func.c...
common_func.c(1255): warning:  #177-D: variable "dt" was declared but never referenced
common_func.c(363): warning: C3017W: tempii may be used before being set
compiling mess.c...
compiling ret.c...
compiling gran.c...
compiling main.c...
FT_GPU.h(375): warning:  #47-D: incompatible redefinition of macro "END" (declared at line 18 of "cmd.h")
FT_GPU_Hal.h(55): warning:  #40-D: expected an identifier
FT_GPU_Hal.h(59): warning:  #40-D: expected an identifier
FT_GPU_Hal.h(111): warning:  #1295-D: Deprecated declaration Ft_Gpu_Hal_DeInit - give arg types
riverdi.h(46): warning:  #47-D: incompatible redefinition of macro "REG_ID" (declared at line 241 of "FT_GPU.h")
riverdi.h(47): warning:  #47-D: incompatible redefinition of macro "REG_FREQUENCY" (declared at line 231 of "FT_GPU.h")
riverdi.h(48): warning:  #47-D: incompatible redefinition of macro "REG_HCYCLE" (declared at line 236 of "FT_GPU.h")
riverdi.h(49): warning:  #47-D: incompatible redefinition of macro "REG_HOFFSET" (declared at line 237 of "FT_GPU.h")
riverdi.h(50): warning:  #47-D: incompatible redefinition of macro "REG_HSYNC0" (declared at line 239 of "FT_GPU.h")
riverdi.h(51): warning:  #47-D: incompatible redefinition of macro "REG_HSYNC1" (declared at line 240 of "FT_GPU.h")
riverdi.h(52): warning:  #47-D: incompatible redefinition of macro "REG_VCYCLE" (declared at line 313 of "FT_GPU.h")
riverdi.h(53): warning:  #47-D: incompatible redefinition of macro "REG_VOFFSET" (declared at line 314 of "FT_GPU.h")
riverdi.h(54): warning:  #47-D: incompatible redefinition of macro "REG_VSYNC0" (declared at line 318 of "FT_GPU.h")
riverdi.h(55): warning:  #47-D: incompatible redefinition of macro "REG_VSYNC1" (declared at line 319 of "FT_GPU.h")
riverdi.h(56): warning:  #47-D: incompatible redefinition of macro "REG_SWIZZLE" (declared at line 273 of "FT_GPU.h")
riverdi.h(57): warning:  #47-D: incompatible redefinition of macro "REG_PCLK_POL" (declared at line 253 of "FT_GPU.h")
riverdi.h(58): warning:  #47-D: incompatible redefinition of macro "REG_HSIZE" (declared at line 238 of "FT_GPU.h")
riverdi.h(59): warning:  #47-D: incompatible redefinition of macro "REG_VSIZE" (declared at line 317 of "FT_GPU.h")
riverdi.h(60): warning:  #47-D: incompatible redefinition of macro "REG_CSPREAD" (declared at line 217 of "FT_GPU.h")
riverdi.h(61): warning:  #47-D: incompatible redefinition of macro "REG_DITHER" (declared at line 228 of "FT_GPU.h")
riverdi.h(62): warning:  #47-D: incompatible redefinition of macro "REG_GPIO_DIR" (declared at line 235 of "FT_GPU.h")
riverdi.h(63): warning:  #47-D: incompatible redefinition of macro "REG_GPIO" (declared at line 232 of "FT_GPU.h")
riverdi.h(64): warning:  #47-D: incompatible redefinition of macro "REG_GPIOX_DIR" (declared at line 234 of "FT_GPU.h")
riverdi.h(65): warning:  #47-D: incompatible redefinition of macro "REG_GPIOX" (declared at line 233 of "FT_GPU.h")
riverdi.h(66): warning:  #47-D: incompatible redefinition of macro "REG_DLSWAP" (declared at line 229 of "FT_GPU.h")
riverdi.h(67): warning:  #47-D: incompatible redefinition of macro "REG_PCLK" (declared at line 252 of "FT_GPU.h")
riverdi.h(121): warning:  #47-D: incompatible redefinition of macro "RAM_DL" (declared at line 197 of "FT_GPU.h")
riverdi.h(176): warning:  #1-D: last line of file ends without a newline
main.c(2018): warning:  #223-D: function "Ft_Gpu_Cmdfifo_Freespace" declared implicitly
main.c(2460): warning:  #177-D: variable "ptr_cnt" was declared but never referenced
main.c(2460): warning:  #177-D: variable "ptr_cnt1" was declared but never referenced
main.c(2460): warning:  #177-D: variable "ptr_cnt2" was declared but never referenced
main.c(2460): warning:  #177-D: variable "ptr_cnt3" was declared but never referenced
main.c(2460): warning:  #177-D: variable "ptr_cnt4" was declared but never referenced
main.c(2488): warning:  #550-D: variable "ptrs" was set but never used
main.c(2489): warning:  #177-D: variable "sub_ptrs" was declared but never referenced
main.c(2491): warning:  #550-D: variable "i" was set but never used
main.c(2492): warning:  #177-D: variable "ii_" was declared but never referenced
main.c(2493): warning:  #177-D: variable "ii_cnt" was declared but never referenced
main.c(2493): warning:  #177-D: variable "cnt_ind_bat" was declared but never referenced
main.c(3263): warning:  #177-D: variable "temp_SS" was declared but never referenced
main.c(3264): warning:  #177-D: variable "deep" was declared but never referenced
main.c(3264): warning:  #177-D: variable "i" was declared but never referenced
main.c(3264): warning:  #177-D: variable "cap" was declared but never referenced
main.c(3264): warning:  #177-D: variable "ptr" was declared but never referenced
main.c(3265): warning:  #177-D: variable "av_head" was declared but never referenced
main.c(3740): warning:  #9-D: nested comment is not allowed
main.c(4021): warning:  #177-D: variable "i" was declared but never referenced
main.c(3953): warning:  #128-D: loop is not reachable from preceding code
main.c(3699): warning:  #177-D: variable "mac_adr" was declared but never referenced
main.c(2207): warning:  #177-D: function "timer_poll" was declared but never referenced
compiling simbols.c...
compiling graphic.c...
graphic.c(182): warning:  #177-D: variable "num_bite" was declared but never referenced
graphic.c(183): warning:  #177-D: variable "y_bit_begin" was declared but never referenced
graphic.c(348): warning:  #550-D: variable "s" was set but never used
graphic.c(349): warning:  #550-D: variable "minus" was set but never used
graphic.c(350): warning:  #550-D: variable "zero_on" was set but never used
graphic.c(351): warning:  #550-D: variable "simb_num" was set but never used
compiling riverdi.c...
riverdi.h(176): warning:  #1-D: last line of file ends without a newline
riverdi.c(21): warning:  #61-D: integer operation result is out of range
riverdi.c(21): warning:  #68-D: integer conversion resulted in a change of sign
riverdi.c(113): warning:  #940-D: missing return statement at end of non-void function "wr8"
riverdi.c(164): warning:  #1-D: last line of file ends without a newline
riverdi.c(118): warning: C3017W: temp may be used before being set
riverdi.c(131): warning: C3017W: temp may be used before being set
compiling system_LPC17xx.c...
compiling Timer.c...
compiling beep.c...
compiling EMAC_LPC17xx.c...
compiling FT_CoPro_Cmds.c...
FT_Gpu_Hal.h(55): warning:  #40-D: expected an identifier
FT_Gpu_Hal.h(59): warning:  #40-D: expected an identifier
FT_Gpu_Hal.h(111): warning:  #1295-D: Deprecated declaration Ft_Gpu_Hal_DeInit - give arg types
FT_CoPro_Cmds.c(52): warning:  #223-D: function "strlen" declared implicitly
FT_CoPro_Cmds.c(604): warning:  #223-D: function "strlen" declared implicitly
compiling FT_Gpu_Hal.c...
FT_Gpu_Hal.h(55): warning:  #40-D: expected an identifier
FT_Gpu_Hal.h(59): warning:  #40-D: expected an identifier
FT_Gpu_Hal.h(111): warning:  #1295-D: Deprecated declaration Ft_Gpu_Hal_DeInit - give arg types
riverdi.h(46): warning:  #47-D: incompatible redefinition of macro "REG_ID" (declared at line 241 of "FT_Gpu.h")
riverdi.h(47): warning:  #47-D: incompatible redefinition of macro "REG_FREQUENCY" (declared at line 231 of "FT_Gpu.h")
riverdi.h(48): warning:  #47-D: incompatible redefinition of macro "REG_HCYCLE" (declared at line 236 of "FT_Gpu.h")
riverdi.h(49): warning:  #47-D: incompatible redefinition of macro "REG_HOFFSET" (declared at line 237 of "FT_Gpu.h")
riverdi.h(50): warning:  #47-D: incompatible redefinition of macro "REG_HSYNC0" (declared at line 239 of "FT_Gpu.h")
riverdi.h(51): warning:  #47-D: incompatible redefinition of macro "REG_HSYNC1" (declared at line 240 of "FT_Gpu.h")
riverdi.h(52): warning:  #47-D: incompatible redefinition of macro "REG_VCYCLE" (declared at line 313 of "FT_Gpu.h")
riverdi.h(53): warning:  #47-D: incompatible redefinition of macro "REG_VOFFSET" (declared at line 314 of "FT_Gpu.h")
riverdi.h(54): warning:  #47-D: incompatible redefinition of macro "REG_VSYNC0" (declared at line 318 of "FT_Gpu.h")
riverdi.h(55): warning:  #47-D: incompatible redefinition of macro "REG_VSYNC1" (declared at line 319 of "FT_Gpu.h")
riverdi.h(56): warning:  #47-D: incompatible redefinition of macro "REG_SWIZZLE" (declared at line 273 of "FT_Gpu.h")
riverdi.h(57): warning:  #47-D: incompatible redefinition of macro "REG_PCLK_POL" (declared at line 253 of "FT_Gpu.h")
riverdi.h(58): warning:  #47-D: incompatible redefinition of macro "REG_HSIZE" (declared at line 238 of "FT_Gpu.h")
riverdi.h(59): warning:  #47-D: incompatible redefinition of macro "REG_VSIZE" (declared at line 317 of "FT_Gpu.h")
riverdi.h(60): warning:  #47-D: incompatible redefinition of macro "REG_CSPREAD" (declared at line 217 of "FT_Gpu.h")
riverdi.h(61): warning:  #47-D: incompatible redefinition of macro "REG_DITHER" (declared at line 228 of "FT_Gpu.h")
riverdi.h(62): warning:  #47-D: incompatible redefinition of macro "REG_GPIO_DIR" (declared at line 235 of "FT_Gpu.h")
riverdi.h(63): warning:  #47-D: incompatible redefinition of macro "REG_GPIO" (declared at line 232 of "FT_Gpu.h")
riverdi.h(64): warning:  #47-D: incompatible redefinition of macro "REG_GPIOX_DIR" (declared at line 234 of "FT_Gpu.h")
riverdi.h(65): warning:  #47-D: incompatible redefinition of macro "REG_GPIOX" (declared at line 233 of "FT_Gpu.h")
riverdi.h(66): warning:  #47-D: incompatible redefinition of macro "REG_DLSWAP" (declared at line 229 of "FT_Gpu.h")
riverdi.h(67): warning:  #47-D: incompatible redefinition of macro "REG_PCLK" (declared at line 252 of "FT_Gpu.h")
riverdi.h(121): warning:  #47-D: incompatible redefinition of macro "RAM_DL" (declared at line 197 of "FT_Gpu.h")
riverdi.h(176): warning:  #1-D: last line of file ends without a newline
FT_Gpu_Hal.c(47): warning:  #940-D: missing return statement at end of non-void function "Ft_Gpu_Hal_Init"
FT_Gpu_Hal.c(242): warning:  #223-D: function "strlen" declared implicitly
FT_Gpu_Hal.c(249): warning:  #940-D: missing return statement at end of non-void function "Ft_Gpu_Hal_TransferString"
FT_Gpu_Hal.c(545): warning:  #177-D: variable "SizeTransfered" was declared but never referenced
FT_Gpu_Hal.c(559): warning:  #177-D: variable "SizeTransfered" was declared but never referenced
FT_Gpu_Hal.c(583): warning:  #177-D: variable "SizeTransfered" was declared but never referenced
FT_Gpu_Hal.c(610): warning:  #223-D: function "strlen" declared implicitly
linking...
Program Size: Code=3236 RO-data=272 RW-data=5224 ZI-data=29416  
FromELF: creating hex file...
".\EXE\UKU208.axf" - 0 Error(s), 105 Warning(s).
Build target 'UKU208'
assembling startup_LPC17xx.s...
compiling Net_Config_HTTP.c...
compiling common_func.c...
common_func.c(1255): warning:  #177-D: variable "dt" was declared but never referenced
common_func.c(363): warning: C3017W: tempii may be used before being set
compiling mess.c...
compiling ret.c...
compiling gran.c...
compiling main.c...
FT_GPU.h(375): warning:  #47-D: incompatible redefinition of macro "END" (declared at line 18 of "cmd.h")
FT_GPU_Hal.h(55): warning:  #40-D: expected an identifier
FT_GPU_Hal.h(59): warning:  #40-D: expected an identifier
FT_GPU_Hal.h(111): warning:  #1295-D: Deprecated declaration Ft_Gpu_Hal_DeInit - give arg types
riverdi.h(46): warning:  #47-D: incompatible redefinition of macro "REG_ID" (declared at line 241 of "FT_GPU.h")
riverdi.h(47): warning:  #47-D: incompatible redefinition of macro "REG_FREQUENCY" (declared at line 231 of "FT_GPU.h")
riverdi.h(48): warning:  #47-D: incompatible redefinition of macro "REG_HCYCLE" (declared at line 236 of "FT_GPU.h")
riverdi.h(49): warning:  #47-D: incompatible redefinition of macro "REG_HOFFSET" (declared at line 237 of "FT_GPU.h")
riverdi.h(50): warning:  #47-D: incompatible redefinition of macro "REG_HSYNC0" (declared at line 239 of "FT_GPU.h")
riverdi.h(51): warning:  #47-D: incompatible redefinition of macro "REG_HSYNC1" (declared at line 240 of "FT_GPU.h")
riverdi.h(52): warning:  #47-D: incompatible redefinition of macro "REG_VCYCLE" (declared at line 313 of "FT_GPU.h")
riverdi.h(53): warning:  #47-D: incompatible redefinition of macro "REG_VOFFSET" (declared at line 314 of "FT_GPU.h")
riverdi.h(54): warning:  #47-D: incompatible redefinition of macro "REG_VSYNC0" (declared at line 318 of "FT_GPU.h")
riverdi.h(55): warning:  #47-D: incompatible redefinition of macro "REG_VSYNC1" (declared at line 319 of "FT_GPU.h")
riverdi.h(56): warning:  #47-D: incompatible redefinition of macro "REG_SWIZZLE" (declared at line 273 of "FT_GPU.h")
riverdi.h(57): warning:  #47-D: incompatible redefinition of macro "REG_PCLK_POL" (declared at line 253 of "FT_GPU.h")
riverdi.h(58): warning:  #47-D: incompatible redefinition of macro "REG_HSIZE" (declared at line 238 of "FT_GPU.h")
riverdi.h(59): warning:  #47-D: incompatible redefinition of macro "REG_VSIZE" (declared at line 317 of "FT_GPU.h")
riverdi.h(60): warning:  #47-D: incompatible redefinition of macro "REG_CSPREAD" (declared at line 217 of "FT_GPU.h")
riverdi.h(61): warning:  #47-D: incompatible redefinition of macro "REG_DITHER" (declared at line 228 of "FT_GPU.h")
riverdi.h(62): warning:  #47-D: incompatible redefinition of macro "REG_GPIO_DIR" (declared at line 235 of "FT_GPU.h")
riverdi.h(63): warning:  #47-D: incompatible redefinition of macro "REG_GPIO" (declared at line 232 of "FT_GPU.h")
riverdi.h(64): warning:  #47-D: incompatible redefinition of macro "REG_GPIOX_DIR" (declared at line 234 of "FT_GPU.h")
riverdi.h(65): warning:  #47-D: incompatible redefinition of macro "REG_GPIOX" (declared at line 233 of "FT_GPU.h")
riverdi.h(66): warning:  #47-D: incompatible redefinition of macro "REG_DLSWAP" (declared at line 229 of "FT_GPU.h")
riverdi.h(67): warning:  #47-D: incompatible redefinition of macro "REG_PCLK" (declared at line 252 of "FT_GPU.h")
riverdi.h(121): warning:  #47-D: incompatible redefinition of macro "RAM_DL" (declared at line 197 of "FT_GPU.h")
riverdi.h(176): warning:  #1-D: last line of file ends without a newline
main.c(2018): warning:  #223-D: function "Ft_Gpu_Cmdfifo_Freespace" declared implicitly
main.c(2460): warning:  #177-D: variable "ptr_cnt" was declared but never referenced
main.c(2460): warning:  #177-D: variable "ptr_cnt1" was declared but never referenced
main.c(2460): warning:  #177-D: variable "ptr_cnt2" was declared but never referenced
main.c(2460): warning:  #177-D: variable "ptr_cnt3" was declared but never referenced
main.c(2460): warning:  #177-D: variable "ptr_cnt4" was declared but never referenced
main.c(2488): warning:  #550-D: variable "ptrs" was set but never used
main.c(2489): warning:  #177-D: variable "sub_ptrs" was declared but never referenced
main.c(2491): warning:  #550-D: variable "i" was set but never used
main.c(2492): warning:  #177-D: variable "ii_" was declared but never referenced
main.c(2493): warning:  #177-D: variable "ii_cnt" was declared but never referenced
main.c(2493): warning:  #177-D: variable "cnt_ind_bat" was declared but never referenced
main.c(3263): warning:  #177-D: variable "temp_SS" was declared but never referenced
main.c(3264): warning:  #177-D: variable "deep" was declared but never referenced
main.c(3264): warning:  #177-D: variable "i" was declared but never referenced
main.c(3264): warning:  #177-D: variable "cap" was declared but never referenced
main.c(3264): warning:  #177-D: variable "ptr" was declared but never referenced
main.c(3265): warning:  #177-D: variable "av_head" was declared but never referenced
main.c(3744): warning:  #9-D: nested comment is not allowed
main.c(4025): warning:  #177-D: variable "i" was declared but never referenced
main.c(3957): warning:  #128-D: loop is not reachable from preceding code
main.c(3703): warning:  #177-D: variable "mac_adr" was declared but never referenced
main.c(2207): warning:  #177-D: function "timer_poll" was declared but never referenced
compiling simbols.c...
compiling graphic.c...
graphic.c(182): warning:  #177-D: variable "num_bite" was declared but never referenced
graphic.c(183): warning:  #177-D: variable "y_bit_begin" was declared but never referenced
graphic.c(348): warning:  #550-D: variable "s" was set but never used
graphic.c(349): warning:  #550-D: variable "minus" was set but never used
graphic.c(350): warning:  #550-D: variable "zero_on" was set but never used
graphic.c(351): warning:  #550-D: variable "simb_num" was set but never used
compiling riverdi.c...
riverdi.h(176): warning:  #1-D: last line of file ends without a newline
riverdi.c(21): warning:  #61-D: integer operation result is out of range
riverdi.c(21): warning:  #68-D: integer conversion resulted in a change of sign
riverdi.c(113): warning:  #940-D: missing return statement at end of non-void function "wr8"
riverdi.c(164): warning:  #1-D: last line of file ends without a newline
riverdi.c(118): warning: C3017W: temp may be used before being set
riverdi.c(131): warning: C3017W: temp may be used before being set
compiling system_LPC17xx.c...
compiling Timer.c...
compiling beep.c...
compiling EMAC_LPC17xx.c...
compiling FT_CoPro_Cmds.c...
FT_Gpu_Hal.h(55): warning:  #40-D: expected an identifier
FT_Gpu_Hal.h(59): warning:  #40-D: expected an identifier
FT_Gpu_Hal.h(111): warning:  #1295-D: Deprecated declaration Ft_Gpu_Hal_DeInit - give arg types
FT_CoPro_Cmds.c(52): warning:  #223-D: function "strlen" declared implicitly
FT_CoPro_Cmds.c(604): warning:  #223-D: function "strlen" declared implicitly
compiling FT_Gpu_Hal.c...
FT_Gpu_Hal.h(55): warning:  #40-D: expected an identifier
FT_Gpu_Hal.h(59): warning:  #40-D: expected an identifier
FT_Gpu_Hal.h(111): warning:  #1295-D: Deprecated declaration Ft_Gpu_Hal_DeInit - give arg types
riverdi.h(46): warning:  #47-D: incompatible redefinition of macro "REG_ID" (declared at line 241 of "FT_Gpu.h")
riverdi.h(47): warning:  #47-D: incompatible redefinition of macro "REG_FREQUENCY" (declared at line 231 of "FT_Gpu.h")
riverdi.h(48): warning:  #47-D: incompatible redefinition of macro "REG_HCYCLE" (declared at line 236 of "FT_Gpu.h")
riverdi.h(49): warning:  #47-D: incompatible redefinition of macro "REG_HOFFSET" (declared at line 237 of "FT_Gpu.h")
riverdi.h(50): warning:  #47-D: incompatible redefinition of macro "REG_HSYNC0" (declared at line 239 of "FT_Gpu.h")
riverdi.h(51): warning:  #47-D: incompatible redefinition of macro "REG_HSYNC1" (declared at line 240 of "FT_Gpu.h")
riverdi.h(52): warning:  #47-D: incompatible redefinition of macro "REG_VCYCLE" (declared at line 313 of "FT_Gpu.h")
riverdi.h(53): warning:  #47-D: incompatible redefinition of macro "REG_VOFFSET" (declared at line 314 of "FT_Gpu.h")
riverdi.h(54): warning:  #47-D: incompatible redefinition of macro "REG_VSYNC0" (declared at line 318 of "FT_Gpu.h")
riverdi.h(55): warning:  #47-D: incompatible redefinition of macro "REG_VSYNC1" (declared at line 319 of "FT_Gpu.h")
riverdi.h(56): warning:  #47-D: incompatible redefinition of macro "REG_SWIZZLE" (declared at line 273 of "FT_Gpu.h")
riverdi.h(57): warning:  #47-D: incompatible redefinition of macro "REG_PCLK_POL" (declared at line 253 of "FT_Gpu.h")
riverdi.h(58): warning:  #47-D: incompatible redefinition of macro "REG_HSIZE" (declared at line 238 of "FT_Gpu.h")
riverdi.h(59): warning:  #47-D: incompatible redefinition of macro "REG_VSIZE" (declared at line 317 of "FT_Gpu.h")
riverdi.h(60): warning:  #47-D: incompatible redefinition of macro "REG_CSPREAD" (declared at line 217 of "FT_Gpu.h")
riverdi.h(61): warning:  #47-D: incompatible redefinition of macro "REG_DITHER" (declared at line 228 of "FT_Gpu.h")
riverdi.h(62): warning:  #47-D: incompatible redefinition of macro "REG_GPIO_DIR" (declared at line 235 of "FT_Gpu.h")
riverdi.h(63): warning:  #47-D: incompatible redefinition of macro "REG_GPIO" (declared at line 232 of "FT_Gpu.h")
riverdi.h(64): warning:  #47-D: incompatible redefinition of macro "REG_GPIOX_DIR" (declared at line 234 of "FT_Gpu.h")
riverdi.h(65): warning:  #47-D: incompatible redefinition of macro "REG_GPIOX" (declared at line 233 of "FT_Gpu.h")
riverdi.h(66): warning:  #47-D: incompatible redefinition of macro "REG_DLSWAP" (declared at line 229 of "FT_Gpu.h")
riverdi.h(67): warning:  #47-D: incompatible redefinition of macro "REG_PCLK" (declared at line 252 of "FT_Gpu.h")
riverdi.h(121): warning:  #47-D: incompatible redefinition of macro "RAM_DL" (declared at line 197 of "FT_Gpu.h")
riverdi.h(176): warning:  #1-D: last line of file ends without a newline
FT_Gpu_Hal.c(47): warning:  #940-D: missing return statement at end of non-void function "Ft_Gpu_Hal_Init"
FT_Gpu_Hal.c(242): warning:  #223-D: function "strlen" declared implicitly
FT_Gpu_Hal.c(249): warning:  #940-D: missing return statement at end of non-void function "Ft_Gpu_Hal_TransferString"
FT_Gpu_Hal.c(545): warning:  #177-D: variable "SizeTransfered" was declared but never referenced
FT_Gpu_Hal.c(559): warning:  #177-D: variable "SizeTransfered" was declared but never referenced
FT_Gpu_Hal.c(583): warning:  #177-D: variable "SizeTransfered" was declared but never referenced
FT_Gpu_Hal.c(610): warning:  #223-D: function "strlen" declared implicitly
linking...
Program Size: Code=1548 RO-data=276 RW-data=5224 ZI-data=29416  
FromELF: creating hex file...
".\EXE\UKU208.axf" - 0 Error(s), 105 Warning(s).
Build target 'UKU208'
assembling startup_LPC17xx.s...
compiling Net_Config_HTTP.c...
compiling common_func.c...
common_func.c(1255): warning:  #177-D: variable "dt" was declared but never referenced
common_func.c(363): warning: C3017W: tempii may be used before being set
compiling mess.c...
compiling ret.c...
compiling gran.c...
compiling main.c...
FT_GPU.h(375): warning:  #47-D: incompatible redefinition of macro "END" (declared at line 18 of "cmd.h")
FT_GPU_Hal.h(55): warning:  #40-D: expected an identifier
FT_GPU_Hal.h(59): warning:  #40-D: expected an identifier
FT_GPU_Hal.h(111): warning:  #1295-D: Deprecated declaration Ft_Gpu_Hal_DeInit - give arg types
riverdi.h(46): warning:  #47-D: incompatible redefinition of macro "REG_ID" (declared at line 241 of "FT_GPU.h")
riverdi.h(47): warning:  #47-D: incompatible redefinition of macro "REG_FREQUENCY" (declared at line 231 of "FT_GPU.h")
riverdi.h(48): warning:  #47-D: incompatible redefinition of macro "REG_HCYCLE" (declared at line 236 of "FT_GPU.h")
riverdi.h(49): warning:  #47-D: incompatible redefinition of macro "REG_HOFFSET" (declared at line 237 of "FT_GPU.h")
riverdi.h(50): warning:  #47-D: incompatible redefinition of macro "REG_HSYNC0" (declared at line 239 of "FT_GPU.h")
riverdi.h(51): warning:  #47-D: incompatible redefinition of macro "REG_HSYNC1" (declared at line 240 of "FT_GPU.h")
riverdi.h(52): warning:  #47-D: incompatible redefinition of macro "REG_VCYCLE" (declared at line 313 of "FT_GPU.h")
riverdi.h(53): warning:  #47-D: incompatible redefinition of macro "REG_VOFFSET" (declared at line 314 of "FT_GPU.h")
riverdi.h(54): warning:  #47-D: incompatible redefinition of macro "REG_VSYNC0" (declared at line 318 of "FT_GPU.h")
riverdi.h(55): warning:  #47-D: incompatible redefinition of macro "REG_VSYNC1" (declared at line 319 of "FT_GPU.h")
riverdi.h(56): warning:  #47-D: incompatible redefinition of macro "REG_SWIZZLE" (declared at line 273 of "FT_GPU.h")
riverdi.h(57): warning:  #47-D: incompatible redefinition of macro "REG_PCLK_POL" (declared at line 253 of "FT_GPU.h")
riverdi.h(58): warning:  #47-D: incompatible redefinition of macro "REG_HSIZE" (declared at line 238 of "FT_GPU.h")
riverdi.h(59): warning:  #47-D: incompatible redefinition of macro "REG_VSIZE" (declared at line 317 of "FT_GPU.h")
riverdi.h(60): warning:  #47-D: incompatible redefinition of macro "REG_CSPREAD" (declared at line 217 of "FT_GPU.h")
riverdi.h(61): warning:  #47-D: incompatible redefinition of macro "REG_DITHER" (declared at line 228 of "FT_GPU.h")
riverdi.h(62): warning:  #47-D: incompatible redefinition of macro "REG_GPIO_DIR" (declared at line 235 of "FT_GPU.h")
riverdi.h(63): warning:  #47-D: incompatible redefinition of macro "REG_GPIO" (declared at line 232 of "FT_GPU.h")
riverdi.h(64): warning:  #47-D: incompatible redefinition of macro "REG_GPIOX_DIR" (declared at line 234 of "FT_GPU.h")
riverdi.h(65): warning:  #47-D: incompatible redefinition of macro "REG_GPIOX" (declared at line 233 of "FT_GPU.h")
riverdi.h(66): warning:  #47-D: incompatible redefinition of macro "REG_DLSWAP" (declared at line 229 of "FT_GPU.h")
riverdi.h(67): warning:  #47-D: incompatible redefinition of macro "REG_PCLK" (declared at line 252 of "FT_GPU.h")
riverdi.h(121): warning:  #47-D: incompatible redefinition of macro "RAM_DL" (declared at line 197 of "FT_GPU.h")
riverdi.h(176): warning:  #1-D: last line of file ends without a newline
main.c(2018): warning:  #223-D: function "Ft_Gpu_Cmdfifo_Freespace" declared implicitly
main.c(2460): warning:  #177-D: variable "ptr_cnt" was declared but never referenced
main.c(2460): warning:  #177-D: variable "ptr_cnt1" was declared but never referenced
[...]
riverdi.h(57): warning:  #47-D: incompatible redefinition of macro "REG_PCLK_POL" (declared at line 253 of "FT_GPU.h")
riverdi.h(58): warning:  #47-D: incompatible redefinition of macro "REG_HSIZE" (declared at line 238 of "FT_GPU.h")
riverdi.h(59): warning:  #47-D: incompatible redefinition of macro "REG_VSIZE" (declared at line 317 of "FT_GPU.h")
riverdi.h(60): warning:  #47-D: incompatible redefinition of macro "REG_CSPREAD" (declared at line 217 of "FT_GPU.h")
riverdi.h(61): warning:  #47-D: incompatible redefinition of macro "REG_DITHER" (declared at line 228 of "FT_GPU.h")
riverdi.h(62): warning:  #47-D: incompatible redefinition of macro "REG_GPIO_DIR" (declared at line 235 of "FT_GPU.h")
riverdi.h(63): warning:  #47-D: incompatible redefinition of macro "REG_GPIO" (declared at line 232 of "FT_GPU.h")
riverdi.h(64): warning:  #47-D: incompatible redefinition of macro "REG_GPIOX_DIR" (declared at line 234 of "FT_GPU.h")
riverdi.h(65): warning:  #47-D: incompatible redefinition of macro "REG_GPIOX" (declared at line 233 of "FT_GPU.h")
riverdi.h(66): warning:  #47-D: incompatible redefinition of macro "REG_DLSWAP" (declared at line 229 of "FT_GPU.h")
riverdi.h(67): warning:  #47-D: incompatible redefinition of macro "REG_PCLK" (declared at line 252 of "FT_GPU.h")
riverdi.h(121): warning:  #47-D: incompatible redefinition of macro "RAM_DL" (declared at line 197 of "FT_GPU.h")
riverdi.h(176): warning:  #1-D: last line of file ends without a newline
main.c(2059): warning:  #223-D: function "Ft_Gpu_Cmdfifo_Freespace" declared implicitly
main.c(2501): warning:  #177-D: variable "ptr_cnt" was declared but never referenced
main.c(2501): warning:  #177-D: variable "ptr_cnt1" was declared but never referenced
main.c(2501): warning:  #177-D: variable "ptr_cnt2" was declared but never referenced
main.c(2501): warning:  #177-D: variable "ptr_cnt3" was declared but never referenced
main.c(2501): warning:  #177-D: variable "ptr_cnt4" was declared but never referenced
main.c(2529): warning:  #550-D: variable "ptrs" was set but never used
main.c(2530): warning:  #177-D: variable "sub_ptrs" was declared but never referenced
main.c(2532): warning:  #550-D: variable "i" was set but never used
main.c(2533): warning:  #177-D: variable "ii_" was declared but never referenced
main.c(2534): warning:  #177-D: variable "ii_cnt" was declared but never referenced
main.c(2534): warning:  #177-D: variable "cnt_ind_bat" was declared but never referenced
main.c(3304): warning:  #177-D: variable "temp_SS" was declared but never referenced
main.c(3305): warning:  #177-D: variable "deep" was declared but never referenced
main.c(3305): warning:  #177-D: variable "i" was declared but never referenced
main.c(3305): warning:  #177-D: variable "cap" was declared but never referenced
main.c(3305): warning:  #177-D: variable "ptr" was declared but never referenced
main.c(3306): warning:  #177-D: variable "av_head" was declared but never referenced
main.c(3804): warning:  #9-D: nested comment is not allowed
main.c(4085): warning:  #177-D: variable "i" was declared but never referenced
main.c(4169): warning:  #260-D: explicit type is missing ("int" assumed)
main.c(3762): warning:  #177-D: variable "mac_adr" was declared but never referenced
main.c(2248): warning:  #177-D: function "timer_poll" was declared but never referenced
compiling simbols.c...
compiling graphic.c...
graphic.c(182): warning:  #177-D: variable "num_bite" was declared but never referenced
graphic.c(183): warning:  #177-D: variable "y_bit_begin" was declared but never referenced
graphic.c(348): warning:  #550-D: variable "s" was set but never used
graphic.c(349): warning:  #550-D: variable "minus" was set but never used
graphic.c(350): warning:  #550-D: variable "zero_on" was set but never used
graphic.c(351): warning:  #550-D: variable "simb_num" was set but never used
compiling riverdi.c...
riverdi.h(176): warning:  #1-D: last line of file ends without a newline
riverdi.c(21): warning:  #61-D: integer operation result is out of range
riverdi.c(21): warning:  #68-D: integer conversion resulted in a change of sign
riverdi.c(113): warning:  #940-D: missing return statement at end of non-void function "wr8"
riverdi.c(164): warning:  #1-D: last line of file ends without a newline
riverdi.c(118): warning: C3017W: temp may be used before being set
riverdi.c(131): warning: C3017W: temp may be used before being set
compiling system_LPC17xx.c...
compiling Timer.c...
compiling beep.c...
compiling 25lc640SSP1.c...
compiling uart0.c...
uart0.c(205): warning:  #177-D: variable "UOB" was declared but never referenced
compiling EMAC_LPC17xx.c...
compiling FT_CoPro_Cmds.c...
FT_Gpu_Hal.h(55): warning:  #40-D: expected an identifier
FT_Gpu_Hal.h(59): warning:  #40-D: expected an identifier
FT_Gpu_Hal.h(111): warning:  #1295-D: Deprecated declaration Ft_Gpu_Hal_DeInit - give arg types
FT_CoPro_Cmds.c(52): warning:  #223-D: function "strlen" declared implicitly
FT_CoPro_Cmds.c(604): warning:  #223-D: function "strlen" declared implicitly
compiling FT_Gpu_Hal.c...
FT_Gpu_Hal.h(55): warning:  #40-D: expected an identifier
FT_Gpu_Hal.h(59): warning:  #40-D: expected an identifier
FT_Gpu_Hal.h(111): warning:  #1295-D: Deprecated declaration Ft_Gpu_Hal_DeInit - give arg types
riverdi.h(46): warning:  #47-D: incompatible redefinition of macro "REG_ID" (declared at line 241 of "FT_Gpu.h")
riverdi.h(47): warning:  #47-D: incompatible redefinition of macro "REG_FREQUENCY" (declared at line 231 of "FT_Gpu.h")
riverdi.h(48): warning:  #47-D: incompatible redefinition of macro "REG_HCYCLE" (declared at line 236 of "FT_Gpu.h")
riverdi.h(49): warning:  #47-D: incompatible redefinition of macro "REG_HOFFSET" (declared at line 237 of "FT_Gpu.h")
riverdi.h(50): warning:  #47-D: incompatible redefinition of macro "REG_HSYNC0" (declared at line 239 of "FT_Gpu.h")
riverdi.h(51): warning:  #47-D: incompatible redefinition of macro "REG_HSYNC1" (declared at line 240 of "FT_Gpu.h")
riverdi.h(52): warning:  #47-D: incompatible redefinition of macro "REG_VCYCLE" (declared at line 313 of "FT_Gpu.h")
riverdi.h(53): warning:  #47-D: incompatible redefinition of macro "REG_VOFFSET" (declared at line 314 of "FT_Gpu.h")
riverdi.h(54): warning:  #47-D: incompatible redefinition of macro "REG_VSYNC0" (declared at line 318 of "FT_Gpu.h")
riverdi.h(55): warning:  #47-D: incompatible redefinition of macro "REG_VSYNC1" (declared at line 319 of "FT_Gpu.h")
riverdi.h(56): warning:  #47-D: incompatible redefinition of macro "REG_SWIZZLE" (declared at line 273 of "FT_Gpu.h")
riverdi.h(57): warning:  #47-D: incompatible redefinition of macro "REG_PCLK_POL" (declared at line 253 of "FT_Gpu.h")
riverdi.h(58): warning:  #47-D: incompatible redefinition of macro "REG_HSIZE" (declared at line 238 of "FT_Gpu.h")
riverdi.h(59): warning:  #47-D: incompatible redefinition of macro "REG_VSIZE" (declared at line 317 of "FT_Gpu.h")
riverdi.h(60): warning:  #47-D: incompatible redefinition of macro "REG_CSPREAD" (declared at line 217 of "FT_Gpu.h")
riverdi.h(61): warning:  #47-D: incompatible redefinition of macro "REG_DITHER" (declared at line 228 of "FT_Gpu.h")
riverdi.h(62): warning:  #47-D: incompatible redefinition of macro "REG_GPIO_DIR" (declared at line 235 of "FT_Gpu.h")
riverdi.h(63): warning:  #47-D: incompatible redefinition of macro "REG_GPIO" (declared at line 232 of "FT_Gpu.h")
riverdi.h(64): warning:  #47-D: incompatible redefinition of macro "REG_GPIOX_DIR" (declared at line 234 of "FT_Gpu.h")
riverdi.h(65): warning:  #47-D: incompatible redefinition of macro "REG_GPIOX" (declared at line 233 of "FT_Gpu.h")
riverdi.h(66): warning:  #47-D: incompatible redefinition of macro "REG_DLSWAP" (declared at line 229 of "FT_Gpu.h")
riverdi.h(67): warning:  #47-D: incompatible redefinition of macro "REG_PCLK" (declared at line 252 of "FT_Gpu.h")
riverdi.h(121): warning:  #47-D: incompatible redefinition of macro "RAM_DL" (declared at line 197 of "FT_Gpu.h")
riverdi.h(176): warning:  #1-D: last line of file ends without a newline
FT_Gpu_Hal.c(47): warning:  #940-D: missing return statement at end of non-void function "Ft_Gpu_Hal_Init"
FT_Gpu_Hal.c(242): warning:  #223-D: function "strlen" declared implicitly
FT_Gpu_Hal.c(249): warning:  #940-D: missing return statement at end of non-void function "Ft_Gpu_Hal_TransferString"
FT_Gpu_Hal.c(545): warning:  #177-D: variable "SizeTransfered" was declared but never referenced
FT_Gpu_Hal.c(559): warning:  #177-D: variable "SizeTransfered" was declared but never referenced
FT_Gpu_Hal.c(583): warning:  #177-D: variable "SizeTransfered" was declared but never referenced
FT_Gpu_Hal.c(610): warning:  #223-D: function "strlen" declared implicitly
linking...
Program Size: Code=3036 RO-data=272 RW-data=5256 ZI-data=32076  
FromELF: creating hex file...
".\EXE\UKU208.axf" - 0 Error(s), 106 Warning(s).
Build target 'UKU208'
assembling startup_LPC17xx.s...
compiling Net_Config_HTTP.c...
compiling common_func.c...
common_func.c(1255): warning:  #177-D: variable "dt" was declared but never referenced
common_func.c(363): warning: C3017W: tempii may be used before being set
compiling mess.c...
compiling ret.c...
compiling gran.c...
compiling main.c...
FT_GPU.h(375): warning:  #47-D: incompatible redefinition of macro "END" (declared at line 18 of "cmd.h")
FT_GPU_Hal.h(55): warning:  #40-D: expected an identifier
FT_GPU_Hal.h(59): warning:  #40-D: expected an identifier
FT_GPU_Hal.h(111): warning:  #1295-D: Deprecated declaration Ft_Gpu_Hal_DeInit - give arg types
riverdi.h(46): warning:  #47-D: incompatible redefinition of macro "REG_ID" (declared at line 241 of "FT_GPU.h")
riverdi.h(47): warning:  #47-D: incompatible redefinition of macro "REG_FREQUENCY" (declared at line 231 of "FT_GPU.h")
riverdi.h(48): warning:  #47-D: incompatible redefinition of macro "REG_HCYCLE" (declared at line 236 of "FT_GPU.h")
riverdi.h(49): warning:  #47-D: incompatible redefinition of macro "REG_HOFFSET" (declared at line 237 of "FT_GPU.h")
riverdi.h(50): warning:  #47-D: incompatible redefinition of macro "REG_HSYNC0" (declared at line 239 of "FT_GPU.h")
riverdi.h(51): warning:  #47-D: incompatible redefinition of macro "REG_HSYNC1" (declared at line 240 of "FT_GPU.h")
riverdi.h(52): warning:  #47-D: incompatible redefinition of macro "REG_VCYCLE" (declared at line 313 of "FT_GPU.h")
riverdi.h(53): warning:  #47-D: incompatible redefinition of macro "REG_VOFFSET" (declared at line 314 of "FT_GPU.h")
riverdi.h(54): warning:  #47-D: incompatible redefinition of macro "REG_VSYNC0" (declared at line 318 of "FT_GPU.h")
riverdi.h(55): warning:  #47-D: incompatible redefinition of macro "REG_VSYNC1" (declared at line 319 of "FT_GPU.h")
riverdi.h(56): warning:  #47-D: incompatible redefinition of macro "REG_SWIZZLE" (declared at line 273 of "FT_GPU.h")
riverdi.h(57): warning:  #47-D: incompatible redefinition of macro "REG_PCLK_POL" (declared at line 253 of "FT_GPU.h")
riverdi.h(58): warning:  #47-D: incompatible redefinition of macro "REG_HSIZE" (declared at line 238 of "FT_GPU.h")
riverdi.h(59): warning:  #47-D: incompatible redefinition of macro "REG_VSIZE" (declared at line 317 of "FT_GPU.h")
riverdi.h(60): warning:  #47-D: incompatible redefinition of macro "REG_CSPREAD" (declared at line 217 of "FT_GPU.h")
riverdi.h(61): warning:  #47-D: incompatible redefinition of macro "REG_DITHER" (declared at line 228 of "FT_GPU.h")
riverdi.h(62): warning:  #47-D: incompatible redefinition of macro "REG_GPIO_DIR" (declared at line 235 of "FT_GPU.h")
riverdi.h(63): warning:  #47-D: incompatible redefinition of macro "REG_GPIO" (declared at line 232 of "FT_GPU.h")
riverdi.h(64): warning:  #47-D: incompatible redefinition of macro "REG_GPIOX_DIR" (declared at line 234 of "FT_GPU.h")
riverdi.h(65): warning:  #47-D: incompatible redefinition of macro "REG_GPIOX" (declared at line 233 of "FT_GPU.h")
riverdi.h(66): warning:  #47-D: incompatible redefinition of macro "REG_DLSWAP" (declared at line 229 of "FT_GPU.h")
riverdi.h(67): warning:  #47-D: incompatible redefinition of macro "REG_PCLK" (declared at line 252 of "FT_GPU.h")
riverdi.h(121): warning:  #47-D: incompatible redefinition of macro "RAM_DL" (declared at line 197 of "FT_GPU.h")
riverdi.h(176): warning:  #1-D: last line of file ends without a newline
main.c(2059): warning:  #223-D: function "Ft_Gpu_Cmdfifo_Freespace" declared implicitly
main.c(2501): warning:  #177-D: variable "ptr_cnt" was declared but never referenced
main.c(2501): warning:  #177-D: variable "ptr_cnt1" was declared but never referenced
main.c(2501): warning:  #177-D: variable "ptr_cnt2" was declared but never referenced
main.c(2501): warning:  #177-D: variable "ptr_cnt3" was declared but never referenced
main.c(2501): warning:  #177-D: variable "ptr_cnt4" was declared but never referenced
main.c(2529): warning:  #550-D: variable "ptrs" was set but never used
main.c(2530): warning:  #177-D: variable "sub_ptrs" was declared but never referenced
main.c(2532): warning:  #550-D: variable "i" was set but never used
main.c(2533): warning:  #177-D: variable "ii_" was declared but never referenced
main.c(2534): warning:  #177-D: variable "ii_cnt" was declared but never referenced
main.c(2534): warning:  #177-D: variable "cnt_ind_bat" was declared but never referenced
main.c(3304): warning:  #177-D: variable "temp_SS" was declared but never referenced
main.c(3305): warning:  #177-D: variable "deep" was declared but never referenced
main.c(3305): warning:  #177-D: variable "i" was declared but never referenced
main.c(3305): warning:  #177-D: variable "cap" was declared but never referenced
main.c(3305): warning:  #177-D: variable "ptr" was declared but never referenced
main.c(3306): warning:  #177-D: variable "av_head" was declared but never referenced
main.c(3804): warning:  #9-D: nested comment is not allowed
main.c(4085): warning:  #177-D: variable "i" was declared but never referenced
main.c(4169): warning:  #260-D: explicit type is missing ("int" assumed)
main.c(3762): warning:  #177-D: variable "mac_adr" was declared but never referenced
main.c(2248): warning:  #177-D: function "timer_poll" was declared but never referenced
compiling simbols.c...
compiling graphic.c...
graphic.c(182): warning:  #177-D: variable "num_bite" was declared but never referenced
graphic.c(183): warning:  #177-D: variable "y_bit_begin" was declared but never referenced
graphic.c(348): warning:  #550-D: variable "s" was set but never used
graphic.c(349): warning:  #550-D: variable "minus" was set but never used
graphic.c(350): warning:  #550-D: variable "zero_on" was set but never used
graphic.c(351): warning:  #550-D: variable "simb_num" was set but never used
compiling riverdi.c...
riverdi.h(176): warning:  #1-D: last line of file ends without a newline
riverdi.c(21): warning:  #61-D: integer operation result is out of range
riverdi.c(21): warning:  #68-D: integer conversion resulted in a change of sign
riverdi.c(113): warning:  #940-D: missing return statement at end of non-void function "wr8"
riverdi.c(164): warning:  #1-D: last line of file ends without a newline
riverdi.c(118): warning: C3017W: temp may be used before being set
riverdi.c(131): warning: C3017W: temp may be used before being set
compiling system_LPC17xx.c...
compiling Timer.c...
compiling beep.c...
compiling 25lc640SSP1.c...
compiling uart0.c...
uart0.c(205): warning:  #177-D: variable "UOB" was declared but never referenced
compiling EMAC_LPC17xx.c...
compiling FT_CoPro_Cmds.c...
FT_Gpu_Hal.h(55): warning:  #40-D: expected an identifier
FT_Gpu_Hal.h(59): warning:  #40-D: expected an identifier
FT_Gpu_Hal.h(111): warning:  #1295-D: Deprecated declaration Ft_Gpu_Hal_DeInit - give arg types
FT_CoPro_Cmds.c(52): warning:  #223-D: function "strlen" declared implicitly
FT_CoPro_Cmds.c(604): warning:  #223-D: function "strlen" declared implicitly
compiling FT_Gpu_Hal.c...
FT_Gpu_Hal.h(55): warning:  #40-D: expected an identifier
FT_Gpu_Hal.h(59): warning:  #40-D: expected an identifier
FT_Gpu_Hal.h(111): warning:  #1295-D: Deprecated declaration Ft_Gpu_Hal_DeInit - give arg types
riverdi.h(46): warning:  #47-D: incompatible redefinition of macro "REG_ID" (declared at line 241 of "FT_Gpu.h")
riverdi.h(47): warning:  #47-D: incompatible redefinition of macro "REG_FREQUENCY" (declared at line 231 of "FT_Gpu.h")
riverdi.h(48): warning:  #47-D: incompatible redefinition of macro "REG_HCYCLE" (declared at line 236 of "FT_Gpu.h")
riverdi.h(49): warning:  #47-D: incompatible redefinition of macro "REG_HOFFSET" (declared at line 237 of "FT_Gpu.h")
riverdi.h(50): warning:  #47-D: incompatible redefinition of macro "REG_HSYNC0" (declared at line 239 of "FT_Gpu.h")
riverdi.h(51): warning:  #47-D: incompatible redefinition of macro "REG_HSYNC1" (declared at line 240 of "FT_Gpu.h")
riverdi.h(52): warning:  #47-D: incompatible redefinition of macro "REG_VCYCLE" (declared at line 313 of "FT_Gpu.h")
riverdi.h(53): warning:  #47-D: incompatible redefinition of macro "REG_VOFFSET" (declared at line 314 of "FT_Gpu.h")
riverdi.h(54): warning:  #47-D: incompatible redefinition of macro "REG_VSYNC0" (declared at line 318 of "FT_Gpu.h")
riverdi.h(55): warning:  #47-D: incompatible redefinition of macro "REG_VSYNC1" (declared at line 319 of "FT_Gpu.h")
riverdi.h(56): warning:  #47-D: incompatible redefinition of macro "REG_SWIZZLE" (declared at line 273 of "FT_Gpu.h")
riverdi.h(57): warning:  #47-D: incompatible redefinition of macro "REG_PCLK_POL" (declared at line 253 of "FT_Gpu.h")
riverdi.h(58): warning:  #47-D: incompatible redefinition of macro "REG_HSIZE" (declared at line 238 of "FT_Gpu.h")
riverdi.h(59): warning:  #47-D: incompatible redefinition of macro "REG_VSIZE" (declared at line 317 of "FT_Gpu.h")
riverdi.h(60): warning:  #47-D: incompatible redefinition of macro "REG_CSPREAD" (declared at line 217 of "FT_Gpu.h")
riverdi.h(61): warning:  #47-D: incompatible redefinition of macro "REG_DITHER" (declared at line 228 of "FT_Gpu.h")
riverdi.h(62): warning:  #47-D: incompatible redefinition of macro "REG_GPIO_DIR" (declared at line 235 of "FT_Gpu.h")
riverdi.h(63): warning:  #47-D: incompatible redefinition of macro "REG_GPIO" (declared at line 232 of "FT_Gpu.h")
riverdi.h(64): warning:  #47-D: incompatible redefinition of macro "REG_GPIOX_DIR" (declared at line 234 of "FT_Gpu.h")
riverdi.h(65): warning:  #47-D: incompatible redefinition of macro "REG_GPIOX" (declared at line 233 of "FT_Gpu.h")
riverdi.h(66): warning:  #47-D: incompatible redefinition of macro "REG_DLSWAP" (declared at line 229 of "FT_Gpu.h")
riverdi.h(67): warning:  #47-D: incompatible redefinition of macro "REG_PCLK" (declared at line 252 of "FT_Gpu.h")
riverdi.h(121): warning:  #47-D: incompatible redefinition of macro "RAM_DL" (declared at line 197 of "FT_Gpu.h")
riverdi.h(176): warning:  #1-D: last line of file ends without a newline
FT_Gpu_Hal.c(47): warning:  #940-D: missing return statement at end of non-void function "Ft_Gpu_Hal_Init"
FT_Gpu_Hal.c(242): warning:  #223-D: function "strlen" declared implicitly
FT_Gpu_Hal.c(249): warning:  #940-D: missing return statement at end of non-void function "Ft_Gpu_Hal_TransferString"
FT_Gpu_Hal.c(545): warning:  #177-D: variable "SizeTransfered" was declared but never referenced
FT_Gpu_Hal.c(559): warning:  #177-D: variable "SizeTransfered" was declared but never referenced
FT_Gpu_Hal.c(583): warning:  #177-D: variable "SizeTransfered" was declared but never referenced
FT_Gpu_Hal.c(610): warning:  #223-D: function "strlen" declared implicitly
linking...
Program Size: Code=3016 RO-data=272 RW-data=5256 ZI-data=32076  
FromELF: creating hex file...
".\EXE\UKU208.axf" - 0 Error(s), 106 Warning(s).
