ARM Linker, 4.1 [Build 481] [Standard]

==============================================================================

Section Cross References

    startup_lpc17xx.o(RESET) refers to startup_lpc17xx.o(STACK) for __initial_sp
    startup_lpc17xx.o(RESET) refers to startup_lpc17xx.o(.text) for Reset_Handler
    startup_lpc17xx.o(RESET) refers to main.o(.text) for SysTick_Handler
    startup_lpc17xx.o(RESET) refers to timer.o(.text) for TIMER0_IRQHandler
    startup_lpc17xx.o(RESET) refers to uart0.o(.text) for UART0_IRQHandler
    startup_lpc17xx.o(RESET) refers to uart2.o(.text) for UART2_IRQHandler
    startup_lpc17xx.o(RESET) refers to emac_lpc17xx.o(.text) for ENET_IRQHandler
    startup_lpc17xx.o(.text) refers to entry.o(.ARM.Collect$$$$00000000) for __main
    net_config_http.o(.text) refers to at_ethernet.o(i.init_eth_link) for init_eth_link
    net_config_http.o(.text) refers to at_udp.o(i.init_udp) for init_udp
    net_config_http.o(.text) refers to at_tcp.o(i.init_tcp) for init_tcp
    net_config_http.o(.text) refers to at_ethernet.o(i.run_eth_link) for run_eth_link
    net_config_http.o(.text) refers to at_tcp.o(i.tcp_poll_sockets) for tcp_poll_sockets
    net_config_http.o(.text) refers to at_udp.o(i.process_udp) for process_udp
    net_config_http.o(.text) refers to at_tcp.o(i.process_tcp) for process_tcp
    net_config_http.o(.text) refers to at_ethernet.o(i.eth_send_frame) for eth_send_frame
    common_func.o(.text) refers to main.o(.data) for lcd_buffer
    common_func.o(.text) refers to main.o(.data) for dig
    common_func.o(.text) refers to main.o(.data) for zero_on
    common_func.o(.text) refers to main.o(.constdata) for ABCDEF
    common_func.o(.text) refers to main.o(.bss) for b_ind
    common_func.o(.text) refers to common_func.o(.text) for bin2bcd_int
    common_func.o(.text) refers to main.o(.data) for dig
    common_func.o(.text) refers to main.o(.data) for lcd_buffer
    common_func.o(.text) refers to common_func.o(.text) for bin2bcd_int
    common_func.o(.text) refers to main.o(.data) for dig
    common_func.o(.text) refers to main.o(.data) for lcd_buffer
    common_func.o(.text) refers to common_func.o(.text) for find
    common_func.o(.text) refers to main.o(.data) for lcd_buffer
    common_func.o(.text) refers to common_func.o(.text) for find
    common_func.o(.text) refers to main.o(.data) for lcd_buffer
    common_func.o(.text) refers to main.o(.data) for lcd_buffer
    common_func.o(.text) refers to common_func.o(.text) for ptr_carry
    common_func.o(.text) refers to common_func.o(.text) for find
    common_func.o(.text) refers to main.o(.data) for lcd_buffer
    common_func.o(.text) refers to main.o(.constdata) for sm_mont
    common_func.o(.text) refers to common_func.o(.text) for find
    common_func.o(.text) refers to main.o(.data) for lcd_buffer
    common_func.o(.text) refers to common_func.o(.text) for find
    common_func.o(.text) refers to main.o(.data) for bFL2
    common_func.o(.text) refers to common_func.o(.text) for find
    common_func.o(.text) refers to main.o(.constdata) for ABCDEF
    common_func.o(.text) refers to main.o(.data) for lcd_buffer
    common_func.o(.text) refers to main.o(.constdata) for ABCDEF
    common_func.o(.text) refers to main.o(.data) for lcd_buffer
    common_func.o(.text) refers to main.o(.constdata) for ABCDEF
    common_func.o(.text) refers to main.o(.data) for lcd_buffer
    common_func.o(.text) refers to main.o(.constdata) for ABCDEF
    common_func.o(.text) refers to main.o(.data) for lcd_buffer
    common_func.o(.text) refers to main.o(.data) for a_ind
    common_func.o(.text) refers to common_func.o(.text) for bgnd_par
    common_func.o(.text) refers to ret.o(.text) for ret
    common_func.o(.text) refers to main.o(.data) for a_ind
    common_func.o(.text) refers to common_func.o(.text) for find
    common_func.o(.text) refers to main.o(.data) for lcd_buffer
    common_func.o(.text) refers to main.o(.constdata) for sm_mont
    mess.o(.text) refers to mess.o(.bss) for .bss
    mess.o(.text) refers to mess.o(.bss) for .bss
    mess.o(.text) refers to mess.o(.bss) for .bss
    mess.o(.text) refers to mess.o(.data) for .data
    mess.o(.text) refers to mess.o(.bss) for .bss
    mess.o(.text) refers to mess.o(.data) for .data
    ret.o(.text) refers to ret.o(.data) for .data
    ret.o(.text) refers to ret.o(.data) for .data
    ret.o(.text) refers to main.o(.data) for a_ind
    ret.o(.text) refers to ret.o(.data) for .data
    ret.o(.text) refers to ret.o(.data) for .data
    ret.o(.text) refers to main.o(.data) for a_ind
    ret.o(.text) refers to ret.o(.data) for .data
    ret.o(.text) refers to common_func.o(.text) for tree_down
    ret.o(.text) refers to ret.o(.data) for .data
    main.o(.text) refers to ft_copro_cmds.o(.text) for Ft_Gpu_CoCmd_Dlstart
    main.o(.text) refers to ft_gpu_hal.o(.text) for Ft_Gpu_Hal_WrCmd32
[...]
    printf0.o(i.__0vfprintf$0) refers to printf0.o(i._printf_core) for _printf_core
    printf0.o(i.__0vfprintf$0) refers to main.o(.text) for fputc
    printf0.o(i.__0vprintf$0) refers to printf0.o(i._printf_core) for _printf_core
    printf0.o(i.__0vprintf$0) refers to main.o(.text) for fputc
    printf0.o(i.__0vprintf$0) refers to main.o(.data) for __stdout
    printf0.o(i.__0vsnprintf$0) refers to printf0.o(i._printf_core) for _printf_core
    printf0.o(i.__0vsnprintf$0) refers to printf0.o(i._snputc) for _snputc
    printf0.o(i.__0vsprintf$0) refers to printf0.o(i._printf_core) for _printf_core
    printf0.o(i.__0vsprintf$0) refers to printf0.o(i._sputc) for _sputc
    printf1.o(i.__0fprintf$1) refers to printf1.o(i._printf_core) for _printf_core
    printf1.o(i.__0fprintf$1) refers to main.o(.text) for fputc
    printf1.o(i.__0printf$1) refers to printf1.o(i._printf_core) for _printf_core
    printf1.o(i.__0printf$1) refers to main.o(.text) for fputc
    printf1.o(i.__0printf$1) refers to main.o(.data) for __stdout
    printf1.o(i.__0snprintf$1) refers to printf1.o(i._printf_core) for _printf_core
    printf1.o(i.__0snprintf$1) refers to printf1.o(i._snputc) for _snputc
    printf1.o(i.__0sprintf$1) refers to printf1.o(i._printf_core) for _printf_core
    printf1.o(i.__0sprintf$1) refers to printf1.o(i._sputc) for _sputc
    printf1.o(i.__0vfprintf$1) refers to printf1.o(i._printf_core) for _printf_core
    printf1.o(i.__0vfprintf$1) refers to main.o(.text) for fputc
    printf1.o(i.__0vprintf$1) refers to printf1.o(i._printf_core) for _printf_core
    printf1.o(i.__0vprintf$1) refers to main.o(.text) for fputc
    printf1.o(i.__0vprintf$1) refers to main.o(.data) for __stdout
    printf1.o(i.__0vsnprintf$1) refers to printf1.o(i._printf_core) for _printf_core
    printf1.o(i.__0vsnprintf$1) refers to printf1.o(i._snputc) for _snputc
    printf1.o(i.__0vsprintf$1) refers to printf1.o(i._printf_core) for _printf_core
    printf1.o(i.__0vsprintf$1) refers to printf1.o(i._sputc) for _sputc
    printf1.o(i._printf_core) refers to uidiv.o(.text) for __aeabi_uidivmod
    printf2.o(i.__0fprintf$2) refers to printf2.o(i._printf_core) for _printf_core
    printf2.o(i.__0fprintf$2) refers to main.o(.text) for fputc
    printf2.o(i.__0printf$2) refers to printf2.o(i._printf_core) for _printf_core
    printf2.o(i.__0printf$2) refers to main.o(.text) for fputc
    printf2.o(i.__0printf$2) refers to main.o(.data) for __stdout
    printf2.o(i.__0snprintf$2) refers to printf2.o(i._printf_core) for _printf_core
    printf2.o(i.__0snprintf$2) refers to printf2.o(i._snputc) for _snputc
    printf2.o(i.__0sprintf$2) refers to printf2.o(i._printf_core) for _printf_core
    printf2.o(i.__0sprintf$2) refers to printf2.o(i._sputc) for _sputc
    printf2.o(i.__0vfprintf$2) refers to printf2.o(i._printf_core) for _printf_core
    printf2.o(i.__0vfprintf$2) refers to main.o(.text) for fputc
    printf2.o(i.__0vprintf$2) refers to printf2.o(i._printf_core) for _printf_core
    printf2.o(i.__0vprintf$2) refers to main.o(.text) for fputc
    printf2.o(i.__0vprintf$2) refers to main.o(.data) for __stdout
    printf2.o(i.__0vsnprintf$2) refers to printf2.o(i._printf_core) for _printf_core
    printf2.o(i.__0vsnprintf$2) refers to printf2.o(i._snputc) for _snputc
    printf2.o(i.__0vsprintf$2) refers to printf2.o(i._printf_core) for _printf_core
    printf2.o(i.__0vsprintf$2) refers to printf2.o(i._sputc) for _sputc
    printf3.o(i.__0fprintf$3) refers to printf3.o(i._printf_core) for _printf_core
    printf3.o(i.__0fprintf$3) refers to main.o(.text) for fputc
    printf3.o(i.__0printf$3) refers to printf3.o(i._printf_core) for _printf_core
    printf3.o(i.__0printf$3) refers to main.o(.text) for fputc
    printf3.o(i.__0printf$3) refers to main.o(.data) for __stdout
    printf3.o(i.__0snprintf$3) refers to printf3.o(i._printf_core) for _printf_core
    printf3.o(i.__0snprintf$3) refers to printf3.o(i._snputc) for _snputc
    printf3.o(i.__0sprintf$3) refers to printf3.o(i._printf_core) for _printf_core
    printf3.o(i.__0sprintf$3) refers to printf3.o(i._sputc) for _sputc
    printf3.o(i.__0vfprintf$3) refers to printf3.o(i._printf_core) for _printf_core
    printf3.o(i.__0vfprintf$3) refers to main.o(.text) for fputc
    printf3.o(i.__0vprintf$3) refers to printf3.o(i._printf_core) for _printf_core
    printf3.o(i.__0vprintf$3) refers to main.o(.text) for fputc
    printf3.o(i.__0vprintf$3) refers to main.o(.data) for __stdout
    printf3.o(i.__0vsnprintf$3) refers to printf3.o(i._printf_core) for _printf_core
    printf3.o(i.__0vsnprintf$3) refers to printf3.o(i._snputc) for _snputc
    printf3.o(i.__0vsprintf$3) refers to printf3.o(i._printf_core) for _printf_core
    printf3.o(i.__0vsprintf$3) refers to printf3.o(i._sputc) for _sputc
    printf3.o(i._printf_core) refers to uidiv.o(.text) for __aeabi_uidivmod
    printf4.o(i.__0fprintf$4) refers to printf4.o(i._printf_core) for _printf_core
    printf4.o(i.__0fprintf$4) refers to main.o(.text) for fputc
    printf4.o(i.__0printf$4) refers to printf4.o(i._printf_core) for _printf_core
    printf4.o(i.__0printf$4) refers to main.o(.text) for fputc
    printf4.o(i.__0printf$4) refers to main.o(.data) for __stdout
    printf4.o(i.__0snprintf$4) refers to printf4.o(i._printf_core) for _printf_core
    printf4.o(i.__0snprintf$4) refers to printf4.o(i._snputc) for _snputc
    printf4.o(i.__0sprintf$4) refers to printf4.o(i._printf_core) for _printf_core
    printf4.o(i.__0sprintf$4) refers to printf4.o(i._sputc) for _sputc
    printf4.o(i.__0vfprintf$4) refers to printf4.o(i._printf_core) for _printf_core
    printf4.o(i.__0vfprintf$4) refers to main.o(.text) for fputc
    printf4.o(i.__0vprintf$4) refers to printf4.o(i._printf_core) for _printf_core
    printf4.o(i.__0vprintf$4) refers to main.o(.text) for fputc
    printf4.o(i.__0vprintf$4) refers to main.o(.data) for __stdout
    printf4.o(i.__0vsnprintf$4) refers to printf4.o(i._printf_core) for _printf_core
    printf4.o(i.__0vsnprintf$4) refers to printf4.o(i._snputc) for _snputc
    printf4.o(i.__0vsprintf$4) refers to printf4.o(i._printf_core) for _printf_core
    printf4.o(i.__0vsprintf$4) refers to printf4.o(i._sputc) for _sputc
    printf4.o(i._printf_core) refers to uldiv.o(.text) for __aeabi_uldivmod
    printf5.o(i.__0fprintf$5) refers to printf5.o(i._printf_core) for _printf_core
    printf5.o(i.__0fprintf$5) refers to main.o(.text) for fputc
    printf5.o(i.__0printf$5) refers to printf5.o(i._printf_core) for _printf_core
    printf5.o(i.__0printf$5) refers to main.o(.text) for fputc
    printf5.o(i.__0printf$5) refers to main.o(.data) for __stdout
    printf5.o(i.__0snprintf$5) refers to printf5.o(i._printf_core) for _printf_core
    printf5.o(i.__0snprintf$5) refers to printf5.o(i._snputc) for _snputc
    printf5.o(i.__0sprintf$5) refers to printf5.o(i._printf_core) for _printf_core
    printf5.o(i.__0sprintf$5) refers to printf5.o(i._sputc) for _sputc
    printf5.o(i.__0vfprintf$5) refers to printf5.o(i._printf_core) for _printf_core
    printf5.o(i.__0vfprintf$5) refers to main.o(.text) for fputc
    printf5.o(i.__0vprintf$5) refers to printf5.o(i._printf_core) for _printf_core
    printf5.o(i.__0vprintf$5) refers to main.o(.text) for fputc
    printf5.o(i.__0vprintf$5) refers to main.o(.data) for __stdout
    printf5.o(i.__0vsnprintf$5) refers to printf5.o(i._printf_core) for _printf_core
    printf5.o(i.__0vsnprintf$5) refers to printf5.o(i._snputc) for _snputc
    printf5.o(i.__0vsprintf$5) refers to printf5.o(i._printf_core) for _printf_core
    printf5.o(i.__0vsprintf$5) refers to printf5.o(i._sputc) for _sputc
    printf5.o(i._printf_core) refers to uldiv.o(.text) for __aeabi_uldivmod
    printf6.o(i.__0fprintf$6) refers to printf6.o(i._printf_core) for _printf_core
    printf6.o(i.__0fprintf$6) refers to main.o(.text) for fputc
    printf6.o(i.__0printf$6) refers to printf6.o(i._printf_core) for _printf_core
    printf6.o(i.__0printf$6) refers to main.o(.text) for fputc
    printf6.o(i.__0printf$6) refers to main.o(.data) for __stdout
    printf6.o(i.__0snprintf$6) refers to printf6.o(i._printf_core) for _printf_core
    printf6.o(i.__0snprintf$6) refers to printf6.o(i._snputc) for _snputc
    printf6.o(i.__0sprintf$6) refers to printf6.o(i._printf_core) for _printf_core
    printf6.o(i.__0sprintf$6) refers to printf6.o(i._sputc) for _sputc
    printf6.o(i.__0vfprintf$6) refers to printf6.o(i._printf_core) for _printf_core
    printf6.o(i.__0vfprintf$6) refers to main.o(.text) for fputc
    printf6.o(i.__0vprintf$6) refers to printf6.o(i._printf_core) for _printf_core
    printf6.o(i.__0vprintf$6) refers to main.o(.text) for fputc
    printf6.o(i.__0vprintf$6) refers to main.o(.data) for __stdout
    printf6.o(i.__0vsnprintf$6) refers to printf6.o(i._printf_core) for _printf_core
    printf6.o(i.__0vsnprintf$6) refers to printf6.o(i._snputc) for _snputc
    printf6.o(i.__0vsprintf$6) refers to printf6.o(i._printf_core) for _printf_core
    printf6.o(i.__0vsprintf$6) refers to printf6.o(i._sputc) for _sputc
    printf6.o(i._printf_core) refers to printf6.o(i._printf_pre_padding) for _printf_pre_padding
    printf6.o(i._printf_core) refers to uidiv.o(.text) for __aeabi_uidivmod
    printf6.o(i._printf_core) refers to printf6.o(i._printf_post_padding) for _printf_post_padding
    printf7.o(i.__0fprintf$7) refers to printf7.o(i._printf_core) for _printf_core
    printf7.o(i.__0fprintf$7) refers to main.o(.text) for fputc
    printf7.o(i.__0printf$7) refers to printf7.o(i._printf_core) for _printf_core
    printf7.o(i.__0printf$7) refers to main.o(.text) for fputc
    printf7.o(i.__0printf$7) refers to main.o(.data) for __stdout
    printf7.o(i.__0snprintf$7) refers to printf7.o(i._printf_core) for _printf_core
    printf7.o(i.__0snprintf$7) refers to printf7.o(i._snputc) for _snputc
    printf7.o(i.__0sprintf$7) refers to printf7.o(i._printf_core) for _printf_core
    printf7.o(i.__0sprintf$7) refers to printf7.o(i._sputc) for _sputc
    printf7.o(i.__0vfprintf$7) refers to printf7.o(i._printf_core) for _printf_core
    printf7.o(i.__0vfprintf$7) refers to main.o(.text) for fputc
    printf7.o(i.__0vprintf$7) refers to printf7.o(i._printf_core) for _printf_core
    printf7.o(i.__0vprintf$7) refers to main.o(.text) for fputc
    printf7.o(i.__0vprintf$7) refers to main.o(.data) for __stdout
    printf7.o(i.__0vsnprintf$7) refers to printf7.o(i._printf_core) for _printf_core
    printf7.o(i.__0vsnprintf$7) refers to printf7.o(i._snputc) for _snputc
    printf7.o(i.__0vsprintf$7) refers to printf7.o(i._printf_core) for _printf_core
    printf7.o(i.__0vsprintf$7) refers to printf7.o(i._sputc) for _sputc
    printf7.o(i._printf_core) refers to printf7.o(i._printf_pre_padding) for _printf_pre_padding
    printf7.o(i._printf_core) refers to uldiv.o(.text) for __aeabi_uldivmod
    printf7.o(i._printf_core) refers to printf7.o(i._printf_post_padding) for _printf_post_padding
    printf8.o(i.__0fprintf$8) refers to printf8.o(i._printf_core) for _printf_core
    printf8.o(i.__0fprintf$8) refers to main.o(.text) for fputc
    printf8.o(i.__0printf$8) refers to printf8.o(i._printf_core) for _printf_core
    printf8.o(i.__0printf$8) refers to main.o(.text) for fputc
    printf8.o(i.__0printf$8) refers to main.o(.data) for __stdout
    printf8.o(i.__0snprintf$8) refers to printf8.o(i._printf_core) for _printf_core
    printf8.o(i.__0snprintf$8) refers to printf8.o(i._snputc) for _snputc
    printf8.o(i.__0sprintf$8) refers to printf8.o(i._printf_core) for _printf_core
    printf8.o(i.__0sprintf$8) refers to printf8.o(i._sputc) for _sputc
    printf8.o(i.__0vfprintf$8) refers to printf8.o(i._printf_core) for _printf_core
    printf8.o(i.__0vfprintf$8) refers to main.o(.text) for fputc
    printf8.o(i.__0vprintf$8) refers to printf8.o(i._printf_core) for _printf_core
    printf8.o(i.__0vprintf$8) refers to main.o(.text) for fputc
    printf8.o(i.__0vprintf$8) refers to main.o(.data) for __stdout
    printf8.o(i.__0vsnprintf$8) refers to printf8.o(i._printf_core) for _printf_core
    printf8.o(i.__0vsnprintf$8) refers to printf8.o(i._snputc) for _snputc
    printf8.o(i.__0vsprintf$8) refers to printf8.o(i._printf_core) for _printf_core
    printf8.o(i.__0vsprintf$8) refers to printf8.o(i._sputc) for _sputc
    printf8.o(i._printf_core) refers to printf8.o(i._printf_pre_padding) for _printf_pre_padding
    printf8.o(i._printf_core) refers to uldiv.o(.text) for __aeabi_uldivmod
    printf8.o(i._printf_core) refers to printf8.o(i._printf_post_padding) for _printf_post_padding
    printfa.o(i.__0fprintf) refers (Special) to iusefp.o(.text) for __I$use$fp
    printfa.o(i.__0fprintf) refers to printfa.o(i._printf_core) for _printf_core
    printfa.o(i.__0fprintf) refers to main.o(.text) for fputc
    printfa.o(i.__0printf) refers (Special) to iusefp.o(.text) for __I$use$fp
    printfa.o(i.__0printf) refers to printfa.o(i._printf_core) for _printf_core
    printfa.o(i.__0printf) refers to main.o(.text) for fputc
    printfa.o(i.__0printf) refers to main.o(.data) for __stdout
    printfa.o(i.__0snprintf) refers (Special) to iusefp.o(.text) for __I$use$fp
    printfa.o(i.__0snprintf) refers to printfa.o(i._printf_core) for _printf_core
    printfa.o(i.__0snprintf) refers to printfa.o(i._snputc) for _snputc
    printfa.o(i.__0sprintf) refers (Special) to iusefp.o(.text) for __I$use$fp
    printfa.o(i.__0sprintf) refers to printfa.o(i._printf_core) for _printf_core
    printfa.o(i.__0sprintf) refers to printfa.o(i._sputc) for _sputc
    printfa.o(i.__0vfprintf) refers (Special) to iusefp.o(.text) for __I$use$fp
    printfa.o(i.__0vfprintf) refers to printfa.o(i._printf_core) for _printf_core
    printfa.o(i.__0vfprintf) refers to main.o(.text) for fputc
    printfa.o(i.__0vprintf) refers (Special) to iusefp.o(.text) for __I$use$fp
    printfa.o(i.__0vprintf) refers to printfa.o(i._printf_core) for _printf_core
    printfa.o(i.__0vprintf) refers to main.o(.text) for fputc
    printfa.o(i.__0vprintf) refers to main.o(.data) for __stdout
    printfa.o(i.__0vsnprintf) refers (Special) to iusefp.o(.text) for __I$use$fp
    printfa.o(i.__0vsnprintf) refers to printfa.o(i._printf_core) for _printf_core
    printfa.o(i.__0vsnprintf) refers to printfa.o(i._snputc) for _snputc
    printfa.o(i.__0vsprintf) refers (Special) to iusefp.o(.text) for __I$use$fp
    printfa.o(i.__0vsprintf) refers to printfa.o(i._printf_core) for _printf_core
    printfa.o(i.__0vsprintf) refers to printfa.o(i._sputc) for _sputc
    printfa.o(i._fp_digits) refers (Special) to iusefp.o(.text) for __I$use$fp
    printfa.o(i._fp_digits) refers to dmul.o(.text) for __aeabi_dmul
    printfa.o(i._fp_digits) refers to ddiv.o(.text) for __aeabi_ddiv
    printfa.o(i._fp_digits) refers to cdrcmple.o(.text) for __aeabi_cdrcmple
    printfa.o(i._fp_digits) refers to dadd.o(.text) for __aeabi_dadd
    printfa.o(i._fp_digits) refers to dfixul.o(.text) for __aeabi_d2ulz
    printfa.o(i._fp_digits) refers to uldiv.o(.text) for __aeabi_uldivmod
    printfa.o(i._printf_core) refers (Special) to iusefp.o(.text) for __I$use$fp
    printfa.o(i._printf_core) refers to printfa.o(i._printf_pre_padding) for _printf_pre_padding
    printfa.o(i._printf_core) refers to uldiv.o(.text) for __aeabi_uldivmod
    printfa.o(i._printf_core) refers to printfa.o(i._printf_post_padding) for _printf_post_padding
    printfa.o(i._printf_core) refers to printfa.o(i._fp_digits) for _fp_digits
    printfa.o(i._printf_core) refers to uidiv.o(.text) for __aeabi_uidivmod
    printfa.o(i._printf_post_padding) refers (Special) to iusefp.o(.text) for __I$use$fp
    printfa.o(i._printf_pre_padding) refers (Special) to iusefp.o(.text) for __I$use$fp
    printfa.o(i._snputc) refers (Special) to iusefp.o(.text) for __I$use$fp
    printfa.o(i._sputc) refers (Special) to iusefp.o(.text) for __I$use$fp
    entry2.o(.ARM.Collect$$$$00000001) refers to entry2.o(.ARM.Collect$$$$00002712) for __lit__00000000
    entry2.o(.ARM.Collect$$$$00002712) refers to startup_lpc17xx.o(STACK) for __initial_sp
    entry2.o(__vectab_stack_and_reset_area) refers to startup_lpc17xx.o(STACK) for __initial_sp
    entry2.o(__vectab_stack_and_reset_area) refers to entry.o(.ARM.Collect$$$$00000000) for __main
    entry5.o(.ARM.Collect$$$$00000004) refers to init.o(.text) for __scatterload
    entry7.o(.ARM.Collect$$$$00000007) refers to main.o(.text) for main
    uldiv.o(.text) refers to llushr.o(.text) for __aeabi_llsr
    uldiv.o(.text) refers to llshl.o(.text) for __aeabi_llsl
    dadd.o(.text) refers to llshl.o(.text) for __aeabi_llsl
    dadd.o(.text) refers to llsshr.o(.text) for __aeabi_lasr
    dadd.o(.text) refers to depilogue.o(.text) for _double_epilogue
    dmul.o(.text) refers to depilogue.o(.text) for _double_epilogue
    ddiv.o(.text) refers to depilogue.o(.text) for _double_round
    dfixul.o(.text) refers to llushr.o(.text) for __aeabi_llsr
    dfixul.o(.text) refers to llshl.o(.text) for __aeabi_llsl
    init.o(.text) refers to entry5.o(.ARM.Collect$$$$00000004) for __main_after_scatterload
    depilogue.o(.text) refers to llshl.o(.text) for __aeabi_llsl
    depilogue.o(.text) refers to llushr.o(.text) for __aeabi_llsr


==============================================================================

Removing Unused input sections from the image.

    Removing startup_lpc17xx.o(HEAP), (2048 bytes).
    Removing net_config_http.o(.text), (20 bytes).
    Removing net_config_http.o(.text), (14 bytes).
    Removing net_config_http.o(.text), (4 bytes).
    Removing net_config_http.o(.text), (4 bytes).
    Removing net_config_http.o(.text), (10 bytes).
    Removing net_config_http.o(.text), (4 bytes).
    Removing net_config_http.o(.bss), (140 bytes).
    Removing net_config_http.o(.bss), (60 bytes).
    Removing net_config_http.o(.bss), (352 bytes).
    Removing net_config_http.o(.constdata), (60 bytes).
    Removing net_config_http.o(.constdata), (1 bytes).
    Removing net_config_http.o(.constdata), (2 bytes).
    Removing net_config_http.o(.constdata), (2 bytes).
    Removing net_config_http.o(.constdata), (2 bytes).
    Removing net_config_http.o(.constdata), (1 bytes).
    Removing net_config_http.o(.constdata), (1 bytes).
    Removing net_config_http.o(.constdata), (1 bytes).
    Removing net_config_http.o(.constdata), (1 bytes).
    Removing net_config_http.o(.constdata), (1 bytes).
    Removing net_config_http.o(.constdata), (2 bytes).
    Removing net_config_http.o(.constdata), (2 bytes).
    Removing net_config_http.o(.constdata), (2 bytes).
    Removing net_config_http.o(.constdata), (2 bytes).
    Removing net_config_http.o(.constdata), (2 bytes).
    Removing net_config_http.o(.constdata), (1 bytes).
    Removing net_config_http.o(.data), (16 bytes).
    Removing net_config_http.o(.data), (6 bytes).
    Removing common_func.o(.text), (10 bytes).
    Removing common_func.o(.text), (104 bytes).
    Removing common_func.o(.text), (120 bytes).
    Removing common_func.o(.text), (164 bytes).
    Removing common_func.o(.text), (160 bytes).
    Removing common_func.o(.text), (172 bytes).
    Removing common_func.o(.text), (18 bytes).
    Removing common_func.o(.text), (1884 bytes).
    Removing common_func.o(.text), (68 bytes).
    Removing common_func.o(.text), (316 bytes).
    Removing common_func.o(.text), (44 bytes).
    Removing common_func.o(.text), (48 bytes).
    Removing common_func.o(.text), (72 bytes).
    Removing common_func.o(.text), (128 bytes).
    Removing common_func.o(.text), (132 bytes).
    Removing common_func.o(.text), (44 bytes).
    Removing common_func.o(.text), (232 bytes).
    Removing mess.o(.text), (60 bytes).
    Removing mess.o(.text), (48 bytes).
    Removing mess.o(.text), (72 bytes).
    Removing mess.o(.text), (64 bytes).
    Removing mess.o(.bss), (112 bytes).
    Removing mess.o(.data), (8 bytes).
    Removing ret.o(.text), (16 bytes).
    Removing ret.o(.text), (48 bytes).
    Removing ret.o(.text), (12 bytes).
    Removing ret.o(.text), (44 bytes).
    Removing ret.o(.text), (12 bytes).
    Removing ret.o(.text), (32 bytes).
    Removing ret.o(.data), (20 bytes).
    Removing gran.o(.text), (22 bytes).
    Removing gran.o(.text), (22 bytes).
    Removing gran.o(.text), (22 bytes).
    Removing gran.o(.text), (22 bytes).
    Removing gran.o(.text), (18 bytes).
    Removing main.o(.text), (28 bytes).
    Removing main.o(.text), (20 bytes).
    Removing main.o(.text), (38 bytes).
    Removing main.o(.text), (208 bytes).
    Removing main.o(.text), (228 bytes).
    Removing main.o(.text), (12 bytes).
    Removing main.o(.text), (12 bytes).
    Removing main.o(.text), (10 bytes).
    Removing main.o(.text), (2 bytes).
    Removing main.o(.text), (2 bytes).
    Removing main.o(.text), (2 bytes).
    Removing main.o(.text), (2 bytes).
    Removing main.o(.text), (20 bytes).
    Removing main.o(.text), (140 bytes).
    Removing main.o(.text), (264 bytes).
    Removing main.o(.text), (820 bytes).
    Removing main.o(.text), (28 bytes).
    Removing main.o(.text), (12 bytes).
    Removing main.o(.text), (2 bytes).
    Removing main.o(.bss), (152 bytes).
    Removing main.o(.bss), (76 bytes).
    Removing main.o(.bss), (168 bytes).
    Removing main.o(.bss), (198 bytes).
    Removing main.o(.bss), (42 bytes).
    Removing main.o(.bss), (24 bytes).
    Removing main.o(.bss), (192 bytes).
    Removing main.o(.bss), (1920 bytes).
    Removing main.o(.bss), (14 bytes).
    Removing main.o(.bss), (20 bytes).
    Removing main.o(.bss), (20 bytes).
    Removing main.o(.bss), (12 bytes).
    Removing main.o(.bss), (15 bytes).
    Removing main.o(.bss), (63 bytes).
    Removing main.o(.bss), (30 bytes).
    Removing main.o(.bss), (12 bytes).
    Removing main.o(.bss), (12 bytes).
    Removing main.o(.constdata), (21 bytes).
    Removing main.o(.constdata), (21 bytes).
    Removing main.o(.constdata), (21 bytes).
    Removing main.o(.data), (1 bytes).
    Removing main.o(.data), (1 bytes).
    Removing main.o(.data), (1 bytes).
    Removing main.o(.data), (1 bytes).
    Removing main.o(.data), (2 bytes).
    Removing main.o(.data), (4 bytes).
    Removing main.o(.data), (4 bytes).
    Removing main.o(.data), (1 bytes).
    Removing main.o(.data), (1 bytes).
    Removing main.o(.data), (1 bytes).
    Removing main.o(.data), (1 bytes).
    Removing main.o(.data), (1 bytes).
    Removing main.o(.data), (1 bytes).
    Removing main.o(.data), (1 bytes).
    Removing main.o(.data), (1 bytes).
    Removing main.o(.data), (1 bytes).
    Removing main.o(.data), (1 bytes).
    Removing main.o(.data), (5109 bytes).
    Removing main.o(.data), (4 bytes).
    Removing main.o(.data), (2 bytes).
    Removing main.o(.data), (2 bytes).
    Removing main.o(.data), (2 bytes).
    Removing main.o(.data), (1 bytes).
    Removing main.o(.data), (2 bytes).
    Removing main.o(.data), (2 bytes).
    Removing main.o(.data), (7 bytes).
    Removing main.o(.data), (2 bytes).
    Removing main.o(.data), (1 bytes).
    Removing main.o(.data), (2 bytes).
    Removing main.o(.data), (1 bytes).
    Removing main.o(.data), (2 bytes).
    Removing main.o(.data), (2 bytes).
    Removing main.o(.data), (2 bytes).
    Removing main.o(.data), (2 bytes).
    Removing main.o(.data), (2 bytes).
    Removing main.o(.data), (2 bytes).
    Removing main.o(.data), (2 bytes).
    Removing main.o(.data), (2 bytes).
    Removing main.o(.data), (2 bytes).
    Removing main.o(.data), (2 bytes).
    Removing main.o(.data), (2 bytes).
    Removing main.o(.data), (2 bytes).
    Removing main.o(.data), (1 bytes).
    Removing main.o(.data), (1 bytes).
    Removing main.o(.data), (2 bytes).
    Removing main.o(.data), (2 bytes).
    Removing main.o(.data), (2 bytes).
    Removing main.o(.data), (2 bytes).
    Removing main.o(.data), (2 bytes).
    Removing main.o(.data), (2 bytes).
    Removing main.o(.data), (2 bytes).
    Removing main.o(.data), (1 bytes).
    Removing main.o(.data), (1 bytes).
    Removing main.o(.data), (4 bytes).
    Removing main.o(.data), (4 bytes).
    Removing main.o(.data), (4 bytes).
    Removing main.o(.data), (6 bytes).
    Removing main.o(.data), (4 bytes).
    Removing main.o(.data), (4 bytes).
    Removing main.o(.data), (4 bytes).
    Removing main.o(.data), (4 bytes).
    Removing main.o(.data), (2 bytes).
    Removing main.o(.data), (2 bytes).
    Removing main.o(.data), (2 bytes).
    Removing main.o(.data), (2 bytes).
    Removing main.o(.data), (2 bytes).
    Removing main.o(.data), (2 bytes).
    Removing main.o(.data), (2 bytes).
    Removing main.o(.data), (2 bytes).
    Removing main.o(.data), (2 bytes).
    Removing main.o(.data), (2 bytes).
    Removing main.o(.data), (2 bytes).
    Removing main.o(.data), (2 bytes).
    Removing main.o(.data), (4 bytes).
    Removing main.o(.data), (4 bytes).
    Removing main.o(.data), (8 bytes).
    Removing main.o(.data), (8 bytes).
    Removing main.o(.data), (4 bytes).
    Removing main.o(.data), (4 bytes).
    Removing main.o(.data), (1 bytes).
    Removing main.o(.data), (1 bytes).
    Removing main.o(.data), (1 bytes).
    Removing main.o(.data), (2 bytes).
    Removing main.o(.data), (2 bytes).
    Removing main.o(.data), (1 bytes).
    Removing main.o(.data), (3 bytes).
    Removing main.o(.data), (2 bytes).
    Removing main.o(.data), (2 bytes).
    Removing main.o(.data), (1 bytes).
    Removing main.o(.data), (2 bytes).
    Removing main.o(.data), (2 bytes).
    Removing main.o(.data), (2 bytes).
    Removing main.o(.data), (2 bytes).
    Removing main.o(.data), (1 bytes).
    Removing main.o(.data), (2 bytes).
    Removing main.o(.data), (1 bytes).
    Removing main.o(.data), (8 bytes).
    Removing main.o(.data), (2 bytes).
    Removing main.o(.data), (2 bytes).
    Removing main.o(.data), (2 bytes).
    Removing main.o(.data), (2 bytes).
    Removing main.o(.data), (2 bytes).
    Removing main.o(.data), (2 bytes).
    Removing main.o(.data), (2 bytes).
    Removing main.o(.data), (2 bytes).
    Removing main.o(.data), (2 bytes).
    Removing main.o(.data), (2 bytes).
    Removing main.o(.data), (2 bytes).
    Removing main.o(.data), (1 bytes).
    Removing main.o(.data), (1 bytes).
    Removing main.o(.data), (1 bytes).
    Removing main.o(.data), (1 bytes).
    Removing main.o(.data), (3 bytes).
    Removing main.o(.data), (1 bytes).
    Removing main.o(.data), (2 bytes).
    Removing main.o(.data), (2 bytes).
    Removing main.o(.data), (2 bytes).
    Removing main.o(.data), (2 bytes).
    Removing main.o(.data), (2 bytes).
    Removing main.o(.data), (2 bytes).
    Removing main.o(.data), (2 bytes).
    Removing main.o(.data), (2 bytes).
    Removing main.o(.data), (4 bytes).
    Removing main.o(.data), (2 bytes).
    Removing main.o(.data), (2 bytes).
    Removing main.o(.data), (2 bytes).
    Removing main.o(.data), (1 bytes).
    Removing main.o(.data), (2 bytes).
    Removing main.o(.data), (2 bytes).
    Removing main.o(.data), (2 bytes).
    Removing main.o(.data), (2 bytes).
    Removing main.o(.data), (2 bytes).
    Removing main.o(.data), (2 bytes).
    Removing main.o(.data), (2 bytes).
    Removing main.o(.data), (1 bytes).
    Removing main.o(.data), (2 bytes).
    Removing main.o(.data), (2 bytes).
    Removing main.o(.data), (2 bytes).
    Removing main.o(.data), (2 bytes).
    Removing main.o(.data), (4 bytes).
    Removing simbols.o(.constdata), (150 bytes).
    Removing simbols.o(.constdata), (150 bytes).
    Removing simbols.o(.constdata), (30 bytes).
    Removing simbols.o(.constdata), (30 bytes).
    Removing simbols.o(.constdata), (30 bytes).
    Removing simbols.o(.constdata), (30 bytes).
    Removing graphic.o(.text), (1072 bytes).
    Removing graphic.o(.text), (130 bytes).
    Removing graphic.o(.text), (106 bytes).
    Removing graphic.o(.text), (136 bytes).
    Removing graphic.o(.text), (90 bytes).
    Removing graphic.o(.text), (332 bytes).
    Removing graphic.o(.text), (200 bytes).
    Removing riverdi.o(.text), (20 bytes).
    Removing riverdi.o(.text), (52 bytes).
    Removing riverdi.o(.text), (96 bytes).
    Removing timer.o(.text), (76 bytes).
    Removing timer.o(.text), (20 bytes).
    Removing timer.o(.text), (20 bytes).
    Removing timer.o(.text), (24 bytes).
    Removing timer.o(.text), (60 bytes).
    Removing timer.o(.text), (24 bytes).
    Removing beep.o(.text), (52 bytes).
    Removing beep.o(.text), (2 bytes).
    Removing beep.o(.data), (12 bytes).
    Removing beep.o(.data), (1 bytes).
    Removing beep.o(.data), (1 bytes).
    Removing 25lc640ssp1.o(.text), (124 bytes).
    Removing 25lc640ssp1.o(.text), (132 bytes).
    Removing 25lc640ssp1.o(.text), (128 bytes).
    Removing 25lc640ssp1.o(.text), (112 bytes).
    Removing 25lc640ssp1.o(.text), (132 bytes).
    Removing uart0.o(.text), (68 bytes).
    Removing uart0.o(.text), (86 bytes).
    Removing uart0.o(.text), (46 bytes).
    Removing uart0.o(.text), (68 bytes).
    Removing uart0.o(.text), (114 bytes).
    Removing uart0.o(.text), (16 bytes).
    Removing uart0.o(.text), (16 bytes).
    Removing uart0.o(.text), (16 bytes).
    Removing uart0.o(.text), (224 bytes).
    Removing uart0.o(.text), (48 bytes).
    Removing uart0.o(.text), (2 bytes).
    Removing uart0.o(.text), (28 bytes).
    Removing uart0.o(.text), (80 bytes).
    Removing uart0.o(.text), (144 bytes).
    Removing uart0.o(.text), (24 bytes).
    Removing uart0.o(.bss), (50 bytes).
    Removing uart0.o(.bss), (50 bytes).
    Removing uart0.o(.bss), (50 bytes).
    Removing uart0.o(.bss), (60 bytes).
    Removing uart0.o(.data), (4 bytes).
    Removing uart0.o(.data), (1 bytes).
    Removing uart2.o(.text), (86 bytes).
    Removing uart2.o(.text), (62 bytes).
    Removing uart2.o(.text), (104 bytes).
    Removing uart2.o(.text), (48 bytes).
    Removing uart2.o(.text), (2 bytes).
    Removing uart2.o(.text), (28 bytes).
    Removing uart2.o(.text), (80 bytes).
    Removing uart2.o(.text), (144 bytes).
    Removing uart2.o(.bss), (30 bytes).
    Removing uart2.o(.bss), (50 bytes).
    Removing uart2.o(.bss), (50 bytes).
    Removing uart2.o(.bss), (50 bytes).
    Removing uart2.o(.data), (4 bytes).
    Removing uart2.o(.data), (1 bytes).
    Removing modbus.o(.text), (2 bytes).
    Removing modbus.o(.text), (2 bytes).
    Removing modbus.o(.text), (2 bytes).
    Removing modbus.o(.text), (2 bytes).
    Removing modbus.o(.text), (2 bytes).
    Removing modbus.o(.text), (2 bytes).
    Removing modbus.o(.bss), (20 bytes).
    Removing modbus.o(.bss), (30 bytes).
    Removing modbus.o(.bss), (30 bytes).
    Removing modbus.o(.data), (2 bytes).
    Removing modbus.o(.data), (1 bytes).
    Removing modbus.o(.data), (1 bytes).
    Removing modbus.o(.data), (1 bytes).
    Removing modbus.o(.data), (1 bytes).
    Removing modbus.o(.data), (2 bytes).
    Removing modbus.o(.data), (2 bytes).
    Removing modbus.o(.data), (2 bytes).
    Removing modbus.o(.data), (2 bytes).
    Removing modbus.o(.data), (2 bytes).
    Removing modbus.o(.data), (2 bytes).
    Removing modbus.o(.data), (2 bytes).
    Removing modbus.o(.data), (2 bytes).
    Removing emac_lpc17xx.o(.text), (60 bytes).
    Removing emac_lpc17xx.o(.text), (152 bytes).
    Removing emac_lpc17xx.o(.text), (120 bytes).
    Removing emac_lpc17xx.o(.text), (540 bytes).
    Removing emac_lpc17xx.o(.text), (72 bytes).
    Removing emac_lpc17xx.o(.text), (36 bytes).
    Removing emac_lpc17xx.o(.data), (8 bytes).
    Removing ft_copro_cmds.o(.text), (4 bytes).
    Removing ft_copro_cmds.o(.text), (24 bytes).
    Removing ft_copro_cmds.o(.text), (22 bytes).
    Removing ft_copro_cmds.o(.text), (32 bytes).
    Removing ft_copro_cmds.o(.text), (92 bytes).
    Removing ft_copro_cmds.o(.text), (50 bytes).
    Removing ft_copro_cmds.o(.text), (64 bytes).
    Removing ft_copro_cmds.o(.text), (64 bytes).
    Removing ft_copro_cmds.o(.text), (48 bytes).
    Removing ft_copro_cmds.o(.text), (26 bytes).
    Removing ft_copro_cmds.o(.text), (52 bytes).
    Removing ft_copro_cmds.o(.text), (32 bytes).
    Removing ft_copro_cmds.o(.text), (150 bytes).
    Removing ft_copro_cmds.o(.text), (42 bytes).
    Removing ft_copro_cmds.o(.text), (42 bytes).
    Removing ft_copro_cmds.o(.text), (52 bytes).
    Removing ft_copro_cmds.o(.text), (92 bytes).
    Removing ft_copro_cmds.o(.text), (94 bytes).
    Removing ft_copro_cmds.o(.text), (84 bytes).
    Removing ft_copro_cmds.o(.text), (86 bytes).
    Removing ft_copro_cmds.o(.text), (64 bytes).
    Removing ft_copro_cmds.o(.text), (42 bytes).
    Removing ft_copro_cmds.o(.text), (150 bytes).
    Removing ft_copro_cmds.o(.text), (32 bytes).
    Removing ft_copro_cmds.o(.text), (52 bytes).
    Removing ft_copro_cmds.o(.text), (52 bytes).
    Removing ft_copro_cmds.o(.text), (52 bytes).
    Removing ft_copro_cmds.o(.text), (92 bytes).
    Removing ft_copro_cmds.o(.text), (86 bytes).
    Removing ft_copro_cmds.o(.text), (32 bytes).
    Removing ft_copro_cmds.o(.text), (42 bytes).
    Removing ft_copro_cmds.o(.text), (88 bytes).
    Removing ft_copro_cmds.o(.text), (32 bytes).
    Removing ft_copro_cmds.o(.text), (52 bytes).
    Removing ft_copro_cmds.o(.text), (42 bytes).
    Removing ft_copro_cmds.o(.text), (32 bytes).
    Removing ft_copro_cmds.o(.text), (64 bytes).
    Removing ft_gpu_hal.o(.text), (2 bytes).
    Removing ft_gpu_hal.o(.text), (2 bytes).
    Removing ft_gpu_hal.o(.text), (2 bytes).
    Removing ft_gpu_hal.o(.text), (6 bytes).
    Removing ft_gpu_hal.o(.text), (2 bytes).
    Removing ft_gpu_hal.o(.text), (6 bytes).
    Removing ft_gpu_hal.o(.text), (40 bytes).
    Removing ft_gpu_hal.o(.text), (30 bytes).
    Removing ft_gpu_hal.o(.text), (32 bytes).
    Removing ft_gpu_hal.o(.text), (30 bytes).
    Removing ft_gpu_hal.o(.text), (52 bytes).
    Removing ft_gpu_hal.o(.text), (6 bytes).
    Removing ft_gpu_hal.o(.text), (6 bytes).
    Removing ft_gpu_hal.o(.text), (40 bytes).
    Removing ft_gpu_hal.o(.text), (22 bytes).
    Removing ft_gpu_hal.o(.text), (22 bytes).
    Removing ft_gpu_hal.o(.text), (114 bytes).
    Removing ft_gpu_hal.o(.text), (2 bytes).
    Removing at_tcp.o(i.init_tcp), (24 bytes).
    Removing at_tcp.o(i.process_tcp), (1100 bytes).
    Removing at_tcp.o(i.tcp_abort), (88 bytes).
    Removing at_tcp.o(i.tcp_check_send), (56 bytes).
    Removing at_tcp.o(i.tcp_close), (128 bytes).
    Removing at_tcp.o(i.tcp_connect), (168 bytes).
    Removing at_tcp.o(i.tcp_get_adr), (24 bytes).
    Removing at_tcp.o(i.tcp_get_buf), (16 bytes).
    Removing at_tcp.o(i.tcp_get_free_port), (88 bytes).
    Removing at_tcp.o(i.tcp_get_socket), (72 bytes).
    Removing at_tcp.o(i.tcp_get_state), (44 bytes).
    Removing at_tcp.o(i.tcp_init_seq), (20 bytes).
    Removing at_tcp.o(i.tcp_listen), (124 bytes).
    Removing at_tcp.o(i.tcp_map_socket), (156 bytes).
    Removing at_tcp.o(i.tcp_max_dsize), (36 bytes).
    Removing at_tcp.o(i.tcp_poll_sockets), (504 bytes).
    Removing at_tcp.o(i.tcp_process_opt), (108 bytes).
    Removing at_tcp.o(i.tcp_release_socket), (60 bytes).
    Removing at_tcp.o(i.tcp_reset_tout), (48 bytes).
    Removing at_tcp.o(i.tcp_reset_window), (80 bytes).
    Removing at_tcp.o(i.tcp_send), (256 bytes).
    Removing at_tcp.o(i.tcp_send_ctrl), (34 bytes).
    Removing at_tcp.o(i.tcp_send_frame), (244 bytes).
    Removing at_tcp.o(i.tcp_send_reset), (128 bytes).
    Removing at_tcp.o(i.tcp_set_dack), (64 bytes).
    Removing at_tcp.o(i.tcp_set_retransmit), (18 bytes).
    Removing at_tcp.o(i.tcp_transit), (120 bytes).
    Removing at_tcp.o(.data), (4 bytes).
    Removing at_udp.o(i.init_udp), (28 bytes).
    Removing at_udp.o(i.process_udp), (204 bytes).
    Removing at_udp.o(i.udp_close), (44 bytes).
    Removing at_udp.o(i.udp_get_buf), (16 bytes).
    Removing at_udp.o(i.udp_get_socket), (72 bytes).
    Removing at_udp.o(i.udp_mcast_ttl), (44 bytes).
    Removing at_udp.o(i.udp_open), (124 bytes).
    Removing at_udp.o(i.udp_release_socket), (48 bytes).
    Removing at_udp.o(i.udp_send), (260 bytes).
    Removing at_udp.o(.data), (2 bytes).
    Removing at_ethernet.o(i.eth_chk_adr), (16 bytes).
    Removing at_ethernet.o(i.eth_get_adr), (4 bytes).
    Removing at_ethernet.o(i.eth_send_frame), (148 bytes).
    Removing at_ethernet.o(i.init_eth_link), (36 bytes).
    Removing at_ethernet.o(i.poll_ethernet), (2 bytes).
    Removing at_ethernet.o(i.process_hl_igmp), (2 bytes).
    Removing at_ethernet.o(i.run_eth_link), (172 bytes).
    Removing at_ethernet.o(.constdata), (6 bytes).
    Removing at_mem.o(i.init_mem), (36 bytes).
    Removing at_mem.o(i.resize_mem), (52 bytes).
    Removing at_arp.o(i.arp_cache_add), (196 bytes).
    Removing at_arp.o(i.arp_cache_alloc), (104 bytes).
    Removing at_arp.o(i.arp_cache_find), (276 bytes).
    Removing at_arp.o(i.arp_cache_ip), (68 bytes).
    Removing at_arp.o(i.arp_cache_update), (248 bytes).
    Removing at_arp.o(i.arp_get_adr), (68 bytes).
    Removing at_arp.o(i.arp_get_response), (104 bytes).
    Removing at_arp.o(i.arp_send_reply), (156 bytes).
    Removing at_arp.o(i.arp_send_req), (172 bytes).
    Removing at_arp.o(i.init_arp), (40 bytes).
    Removing at_arp.o(i.is_subnet_bcast), (44 bytes).
    Removing at_arp.o(i.process_arp), (152 bytes).
    Removing at_arp.o(.data), (2 bytes).
    Removing at_ip.o(i.ip_chk_frame), (192 bytes).
    Removing at_ip.o(i.ip_get_chksum), (10 bytes).
    Removing at_ip.o(i.ip_get_locadr), (152 bytes).
    Removing at_ip.o(i.ip_send_frame), (140 bytes).
    Removing at_ip.o(.constdata), (4 bytes).
    Removing at_ip.o(.data), (4 bytes).
    Removing at_icmp.o(i.process_icmp), (116 bytes).
    Removing at_lib.o(i.CalcChksum), (22 bytes).
    Removing at_lib.o(i.CalcChksumBuf), (40 bytes).
    Removing at_lib.o(i.CalcChksumVal), (10 bytes).
    Removing at_lib.o(i.SwapB), (10 bytes).
    Removing at_lib.o(i.asc_to_b64), (64 bytes).
    Removing at_lib.o(i.b64_to_asc), (116 bytes).
    Removing at_lib.o(i.bin_to_b64), (68 bytes).
    Removing at_lib.o(i.encode_b64), (70 bytes).
    Removing at_lib.o(i.get_crc), (40 bytes).
    Removing at_lib.o(i.get_u16), (10 bytes).
    Removing at_lib.o(i.get_u32), (22 bytes).
    Removing at_lib.o(i.is_subnet), (34 bytes).
    Removing at_lib.o(i.mem_comp), (30 bytes).
    Removing at_lib.o(i.mem_copy), (30 bytes).
    Removing at_lib.o(i.mem_rcopy), (54 bytes).
    Removing at_lib.o(i.mem_set), (16 bytes).
    Removing at_lib.o(i.mem_test), (22 bytes).
    Removing at_lib.o(i.set_u32), (16 bytes).
    Removing at_lib.o(i.str_copy), (22 bytes).
    Removing at_lib.o(i.str_crc), (26 bytes).
    Removing at_lib.o(i.str_pos), (26 bytes).
    Removing at_lib.o(i.str_scomp), (26 bytes).
    Removing at_lib.o(i.str_ucomp), (40 bytes).
    Removing at_lib.o(i.str_up_case), (26 bytes).
    Removing at_system.o(.emb_text), (0 bytes).
    Removing at_system.o(i.init_TcpNet), (56 bytes).
    Removing at_system.o(i.main_TcpNet), (60 bytes).
    Removing at_system.o(i.timer_tick), (12 bytes).
    Removing at_system.o(.bss), (60 bytes).
    Removing at_system.o(.data), (8 bytes).
    Removing dadd.o(.text), (330 bytes).
    Removing dmul.o(.text), (226 bytes).
    Removing ddiv.o(.text), (222 bytes).
    Removing dfixul.o(.text), (48 bytes).
    Removing cdrcmple.o(.text), (40 bytes).
    Removing depilogue.o(.text), (194 bytes).

497 unused section(s) (total 36083 bytes) removed from the image.

==============================================================================

Image Symbol Table

    Local Symbols

    Symbol Name                              Value     Ov Type        Size  Object(Section)

    RESET                                    0x00000000   Section      204  startup_lpc17xx.o(RESET)
    ../../../cmprslib/zerorunl2.c            0x00000000   Number         0  __dczerorl2.o ABSOLUTE
    ../../microlib/division.c                0x00000000   Number         0  uldiv.o ABSOLUTE
    ../../microlib/division.c                0x00000000   Number         0  uidiv.o ABSOLUTE
    ../../microlib/fpadd.c                   0x00000000   Number         0  dadd.o ABSOLUTE
    ../../microlib/fpdiv.c                   0x00000000   Number         0  ddiv.o ABSOLUTE
    ../../microlib/fpepilogue.c              0x00000000   Number         0  depilogue.o ABSOLUTE
    ../../microlib/fpfix.c                   0x00000000   Number         0  dfixul.o ABSOLUTE
    ../../microlib/fpmul.c                   0x00000000   Number         0  dmul.o ABSOLUTE
    ../../microlib/init/entry.s              0x00000000   Number         0  entry.o ABSOLUTE
    ../../microlib/init/entry.s              0x00000000   Number         0  entry2.o ABSOLUTE
    ../../microlib/init/entry.s              0x00000000   Number         0  entry7.o ABSOLUTE
    ../../microlib/init/entry.s              0x00000000   Number         0  entry5.o ABSOLUTE
    ../../microlib/longlong.c                0x00000000   Number         0  llsshr.o ABSOLUTE
    ../../microlib/longlong.c                0x00000000   Number         0  llushr.o ABSOLUTE
    ../../microlib/longlong.c                0x00000000   Number         0  llshl.o ABSOLUTE
    ../../microlib/printf/printf.c           0x00000000   Number         0  printfb.o ABSOLUTE
    ../../microlib/printf/printf.c           0x00000000   Number         0  printf0.o ABSOLUTE
    ../../microlib/printf/printf.c           0x00000000   Number         0  printf8.o ABSOLUTE
    ../../microlib/printf/printf.c           0x00000000   Number         0  printfa.o ABSOLUTE
    ../../microlib/printf/printf.c           0x00000000   Number         0  printf5.o ABSOLUTE
    ../../microlib/printf/printf.c           0x00000000   Number         0  printf4.o ABSOLUTE
    ../../microlib/printf/printf.c           0x00000000   Number         0  printf2.o ABSOLUTE
    ../../microlib/printf/printf.c           0x00000000   Number         0  printf1.o ABSOLUTE
    ../../microlib/printf/printf.c           0x00000000   Number         0  printf6.o ABSOLUTE
    ../../microlib/printf/printf.c           0x00000000   Number         0  printf3.o ABSOLUTE
    ../../microlib/printf/printf.c           0x00000000   Number         0  printf7.o ABSOLUTE
    ../../microlib/printf/stubs.s            0x00000000   Number         0  stubs.o ABSOLUTE
    ../../microlib/string/memcpy.c           0x00000000   Number         0  memcpyb.o ABSOLUTE
    ../../microlib/string/memcpy.c           0x00000000   Number         0  memcpya.o ABSOLUTE
    ../../microlib/string/memset.c           0x00000000   Number         0  memseta.o ABSOLUTE
    ../../microlib/string/strlen.c           0x00000000   Number         0  strlen.o ABSOLUTE
    ../../microlib/stubs.s                   0x00000000   Number         0  iusefp.o ABSOLUTE
    25lc640SSP1.c                            0x00000000   Number         0  25lc640ssp1.o ABSOLUTE
    C:\Keil\ARM\Boards\Keil\MCB1700\RL\TCPnet\Library\EMAC_LPC17xx.c 0x00000000   Number         0  emac_lpc17xx.o ABSOLUTE
    FT_CoPro_Cmds.c                          0x00000000   Number         0  ft_copro_cmds.o ABSOLUTE
    FT_Gpu_Hal.c                             0x00000000   Number         0  ft_gpu_hal.o ABSOLUTE
    Net_Config_HTTP.c                        0x00000000   Number         0  net_config_http.o ABSOLUTE
    SRC\\at_System.c                         0x00000000   Number         0  at_system.o ABSOLUTE
    SRC\at_ARP.c                             0x00000000   Number         0  at_arp.o ABSOLUTE
    SRC\at_Ethernet.c                        0x00000000   Number         0  at_ethernet.o ABSOLUTE
    SRC\at_ICMP.c                            0x00000000   Number         0  at_icmp.o ABSOLUTE
    SRC\at_IP.c                              0x00000000   Number         0  at_ip.o ABSOLUTE
    SRC\at_Lib.c                             0x00000000   Number         0  at_lib.o ABSOLUTE
    SRC\at_Mem.c                             0x00000000   Number         0  at_mem.o ABSOLUTE
    SRC\at_System.c                          0x00000000   Number         0  at_system.o ABSOLUTE
    SRC\at_TCP.c                             0x00000000   Number         0  at_tcp.o ABSOLUTE
    SRC\at_UDP.c                             0x00000000   Number         0  at_udp.o ABSOLUTE
    Timer.c                                  0x00000000   Number         0  timer.o ABSOLUTE
    beep.c                                   0x00000000   Number         0  beep.o ABSOLUTE
    cdrcmple.s                               0x00000000   Number         0  cdrcmple.o ABSOLUTE
    common_func.c                            0x00000000   Number         0  common_func.o ABSOLUTE
    dc.s                                     0x00000000   Number         0  dc.o ABSOLUTE
    gran.c                                   0x00000000   Number         0  gran.o ABSOLUTE
    graphic.c                                0x00000000   Number         0  graphic.o ABSOLUTE
    handlers.s                               0x00000000   Number         0  handlers.o ABSOLUTE
    init.s                                   0x00000000   Number         0  init.o ABSOLUTE
    main.c                                   0x00000000   Number         0  main.o ABSOLUTE
    mess.c                                   0x00000000   Number         0  mess.o ABSOLUTE
    modbus.c                                 0x00000000   Number         0  modbus.o ABSOLUTE
    ret.c                                    0x00000000   Number         0  ret.o ABSOLUTE
    riverdi.c                                0x00000000   Number         0  riverdi.o ABSOLUTE
    simbols.c                                0x00000000   Number         0  simbols.o ABSOLUTE
    startup_LPC17xx.s                        0x00000000   Number         0  startup_lpc17xx.o ABSOLUTE
    system_LPC17xx.c                         0x00000000   Number         0  system_lpc17xx.o ABSOLUTE
    uart0.c                                  0x00000000   Number         0  uart0.o ABSOLUTE
    uart2.c                                  0x00000000   Number         0  uart2.o ABSOLUTE
    .ARM.Collect$$$$00000000                 0x000000cc   Section        0  entry.o(.ARM.Collect$$$$00000000)
    .ARM.Collect$$$$00000001                 0x000000cc   Section        4  entry2.o(.ARM.Collect$$$$00000001)
    .ARM.Collect$$$$00000004                 0x000000d0   Section        4  entry5.o(.ARM.Collect$$$$00000004)
    .ARM.Collect$$$$00000007                 0x000000d4   Section        8  entry7.o(.ARM.Collect$$$$00000007)
    .ARM.Collect$$$$00002712                 0x000000dc   Section        4  entry2.o(.ARM.Collect$$$$00002712)
    __lit__00000000                          0x000000dc   Data           4  entry2.o(.ARM.Collect$$$$00002712)
    .text                                    0x000000e0   Section       28  startup_lpc17xx.o(.text)
    .text                                    0x000000fc   Section        0  net_config_http.o(.text)
    .text                                    0x00000100   Section        0  system_lpc17xx.o(.text)
    .text                                    0x0000024c   Section        0  timer.o(.text)
    .text                                    0x00000290   Section        0  beep.o(.text)
    .text                                    0x00000292   Section        0  modbus.o(.text)
    .text                                    0x000002c4   Section        0  memcpya.o(.text)
    .text                                    0x000002e8   Section        0  strlen.o(.text)
    i.__scatterload_null                     0x000002f8   Section        2  handlers.o(i.__scatterload_null)
    .ARM.__at_0x02FC                         0x000002fc   Section        4  startup_lpc17xx.o(.ARM.__at_0x02FC)
    .text                                    0x00000300   Section        0  common_func.o(.text)
    .text                                    0x00000598   Section        0  main.o(.text)
    .text                                    0x000032b4   Section        0  riverdi.o(.text)
    .text                                    0x00003524   Section        0  25lc640ssp1.o(.text)
    .text                                    0x00003850   Section        0  uart0.o(.text)
    .text                                    0x00003980   Section        0  uart2.o(.text)
    .text                                    0x00003b2c   Section        0  emac_lpc17xx.o(.text)
    .text                                    0x00003bd8   Section        0  ft_copro_cmds.o(.text)
    .text                                    0x00003e94   Section        0  ft_gpu_hal.o(.text)
    .text                                    0x000040ec   Section        0  uidiv.o(.text)
    .text                                    0x00004118   Section       36  init.o(.text)
    .text                                    0x0000413c   Section        0  __dczerorl2.o(.text)
    i.__0printf$1                            0x00004198   Section        0  printf1.o(i.__0printf$1)
    i.__scatterload_copy                     0x000041b8   Section       14  handlers.o(i.__scatterload_copy)
    i.__scatterload_zeroinit                 0x000041c6   Section       14  handlers.o(i.__scatterload_zeroinit)
    i._printf_core                           0x000041d4   Section        0  printf1.o(i._printf_core)
    _printf_core                             0x000041d5   Thumb Code   334  printf1.o(i._printf_core)
    i.alloc_mem                              0x00004328   Section        0  at_mem.o(i.alloc_mem)
    i.free_mem                               0x000043c8   Section        0  at_mem.o(i.free_mem)
    i.put_in_queue                           0x00004430   Section        0  at_ethernet.o(i.put_in_queue)
    .constdata                               0x0000445c   Section        4  net_config_http.o(.constdata)
    .constdata                               0x00004460   Section     1692  main.o(.constdata)
    .constdata                               0x00004afc   Section       17  main.o(.constdata)
    .conststring                             0x00004b0d   Section       48  main.o(.conststring)
    .data                                    0x10000000   Section     5205  main.o(.data)
    sub_cnt                                  0x10000003   Data           1  main.o(.data)
    sub_cnt1                                 0x10000004   Data           1  main.o(.data)
    touch                                    0x1000002e   Data           2  main.o(.data)
    temp_edit                                0x10000030   Data           2  main.o(.data)
    edit_phase                               0x10000032   Data           2  main.o(.data)
    error_input                              0x10000058   Data           4  main.o(.data)
    plazma                                   0x1000005c   Data           4  main.o(.data)
    .bss                                     0x10001458   Section    16384  net_config_http.o(.bss)
    .bss                                     0x10005458   Section     2148  uart0.o(.bss)
    .bss                                     0x10005cbc   Section     2148  uart2.o(.bss)
    STACK                                    0x10006520   Section     2048  startup_lpc17xx.o(STACK)
    .data                                    0x2007c000   Section        5  main.o(.data)
    .data                                    0x2007c005   Section        1  main.o(.data)
    .data                                    0x2007c006   Section        2  main.o(.data)
    .data                                    0x2007c008   Section        2  main.o(.data)
    .data                                    0x2007c00a   Section        2  main.o(.data)
    .data                                    0x2007c00c   Section        4  main.o(.data)
    .data                                    0x2007c010   Section        4  system_lpc17xx.o(.data)
    .data                                    0x2007c014   Section        8  timer.o(.data)
    .data                                    0x2007c01c   Section       20  uart0.o(.data)
    .data                                    0x2007c030   Section       20  uart2.o(.data)
    .data                                    0x2007c044   Section        8  at_ethernet.o(.data)
    q_head                                   0x2007c044   Data           4  at_ethernet.o(.data)
    q_tail                                   0x2007c048   Data           4  at_ethernet.o(.data)
    .data                                    0x2007c04c   Section        4  at_mem.o(.data)
    Mem_Load                                 0x2007c04c   Data           4  at_mem.o(.data)
    .bss                                     0x2007c050   Section    15680  main.o(.bss)
    out                                      0x2007f920   Data         100  main.o(.bss)
    .bss                                     0x2007fd90   Section       50  main.o(.bss)
    .bss                                     0x2007fdc2   Section      512  main.o(.bss)
    .bss                                     0x2007ffc8   Section    10852  emac_lpc17xx.o(.bss)
    Rx_Desc                                  0x2007ffc8   Data          32  emac_lpc17xx.o(.bss)
    Rx_Stat                                  0x2007ffe8   Data          32  emac_lpc17xx.o(.bss)
    Tx_Desc                                  0x20080008   Data          24  emac_lpc17xx.o(.bss)
    Tx_Stat                                  0x20080020   Data          12  emac_lpc17xx.o(.bss)
    rx_buf                                   0x2008002c   Data        6144  emac_lpc17xx.o(.bss)
    tx_buf                                   0x2008182c   Data        4608  emac_lpc17xx.o(.bss)
    .bss                                     0x20082a2c   Section      128  at_ethernet.o(.bss)
    rx_queue                                 0x20082a2c   Data         128  at_ethernet.o(.bss)

    Global Symbols

    Symbol Name                              Value     Ov Type        Size  Object(Section)

    BuildAttributes$$THM_ISAv4$P$D$K$B$S$PE$A:L22UL41UL21$X:L11$S22US41US21$IEEE1$IW$USESV6$~STKCKD$USESV7$~SHL$OSPACE$ROPI$EBA8$MICROLIB$REQ8$PRES8$EABIv2 0x00000000   Number         0  anon$$obj.o ABSOLUTE
    __ARM_use_no_argv                        0x00000000   Number         0  main.o ABSOLUTE
    __Vectors                                0x00000000   Data           4  startup_lpc17xx.o(RESET)
    _printf_a                                0x00000000   Number         0  stubs.o ABSOLUTE
    _printf_c                                0x00000000   Number         0  stubs.o ABSOLUTE
    _printf_charcount                        0x00000000   Number         0  stubs.o ABSOLUTE
    _printf_d                                0x00000000   Number         0  stubs.o ABSOLUTE
    _printf_e                                0x00000000   Number         0  stubs.o ABSOLUTE
    _printf_f                                0x00000000   Number         0  stubs.o ABSOLUTE
    _printf_flags                            0x00000000   Number         0  stubs.o ABSOLUTE
    _printf_fp_dec                           0x00000000   Number         0  stubs.o ABSOLUTE
    _printf_fp_hex                           0x00000000   Number         0  stubs.o ABSOLUTE
    _printf_g                                0x00000000   Number         0  stubs.o ABSOLUTE
    _printf_i                                0x00000000   Number         0  stubs.o ABSOLUTE
    _printf_int_dec                          0x00000000   Number         0  stubs.o ABSOLUTE
    _printf_l                                0x00000000   Number         0  stubs.o ABSOLUTE
    _printf_lc                               0x00000000   Number         0  stubs.o ABSOLUTE
    _printf_ll                               0x00000000   Number         0  stubs.o ABSOLUTE
    _printf_lld                              0x00000000   Number         0  stubs.o ABSOLUTE
    _printf_lli                              0x00000000   Number         0  stubs.o ABSOLUTE
    _printf_llo                              0x00000000   Number         0  stubs.o ABSOLUTE
    _printf_llu                              0x00000000   Number         0  stubs.o ABSOLUTE
    _printf_llx                              0x00000000   Number         0  stubs.o ABSOLUTE
    _printf_longlong_dec                     0x00000000   Number         0  stubs.o ABSOLUTE
    _printf_longlong_hex                     0x00000000   Number         0  stubs.o ABSOLUTE
    _printf_longlong_oct                     0x00000000   Number         0  stubs.o ABSOLUTE
    _printf_ls                               0x00000000   Number         0  stubs.o ABSOLUTE
    _printf_mbtowc                           0x00000000   Number         0  stubs.o ABSOLUTE
    _printf_n                                0x00000000   Number         0  stubs.o ABSOLUTE
    _printf_o                                0x00000000   Number         0  stubs.o ABSOLUTE
    _printf_p                                0x00000000   Number         0  stubs.o ABSOLUTE
    _printf_percent                          0x00000000   Number         0  stubs.o ABSOLUTE
    _printf_pre_padding                      0x00000000   Number         0  stubs.o ABSOLUTE
    _printf_return_value                     0x00000000   Number         0  stubs.o ABSOLUTE
    _printf_s                                0x00000000   Number         0  stubs.o ABSOLUTE
    _printf_sizespec                         0x00000000   Number         0  stubs.o ABSOLUTE
    _printf_str                              0x00000000   Number         0  stubs.o ABSOLUTE
    _printf_truncate_signed                  0x00000000   Number         0  stubs.o ABSOLUTE
    _printf_truncate_unsigned                0x00000000   Number         0  stubs.o ABSOLUTE
    _printf_u                                0x00000000   Number         0  stubs.o ABSOLUTE
    _printf_wc                               0x00000000   Number         0  stubs.o ABSOLUTE
    _printf_wctomb                           0x00000000   Number         0  stubs.o ABSOLUTE
    _printf_widthprec                        0x00000000   Number         0  stubs.o ABSOLUTE
    _printf_x                                0x00000000   Number         0  stubs.o ABSOLUTE
    arp_notify                                - Undefined Weak Reference
    __main                                   0x000000cd   Thumb Code     0  entry.o(.ARM.Collect$$$$00000000)
    _main_stk                                0x000000cd   Thumb Code     0  entry2.o(.ARM.Collect$$$$00000001)
    _main_scatterload                        0x000000d1   Thumb Code     0  entry5.o(.ARM.Collect$$$$00000004)
    __main_after_scatterload                 0x000000d5   Thumb Code     0  entry5.o(.ARM.Collect$$$$00000004)
    _main_init                               0x000000d5   Thumb Code     0  entry7.o(.ARM.Collect$$$$00000007)
    Reset_Handler                            0x000000e1   Thumb Code     4  startup_lpc17xx.o(.text)
    NMI_Handler                              0x000000e5   Thumb Code     2  startup_lpc17xx.o(.text)
    HardFault_Handler                        0x000000e7   Thumb Code     2  startup_lpc17xx.o(.text)
    MemManage_Handler                        0x000000e9   Thumb Code     2  startup_lpc17xx.o(.text)
    BusFault_Handler                         0x000000eb   Thumb Code     2  startup_lpc17xx.o(.text)
    UsageFault_Handler                       0x000000ed   Thumb Code     2  startup_lpc17xx.o(.text)
    SVC_Handler                              0x000000ef   Thumb Code     2  startup_lpc17xx.o(.text)
    DebugMon_Handler                         0x000000f1   Thumb Code     2  startup_lpc17xx.o(.text)
    PendSV_Handler                           0x000000f3   Thumb Code     2  startup_lpc17xx.o(.text)
    BOD_IRQHandler                           0x000000f7   Thumb Code     0  startup_lpc17xx.o(.text)
    CANActivity_IRQHandler                   0x000000f7   Thumb Code     0  startup_lpc17xx.o(.text)
    CAN_IRQHandler                           0x000000f7   Thumb Code     0  startup_lpc17xx.o(.text)
    DMA_IRQHandler                           0x000000f7   Thumb Code     0  startup_lpc17xx.o(.text)
    EINT0_IRQHandler                         0x000000f7   Thumb Code     0  startup_lpc17xx.o(.text)
    EINT1_IRQHandler                         0x000000f7   Thumb Code     0  startup_lpc17xx.o(.text)
    EINT2_IRQHandler                         0x000000f7   Thumb Code     0  startup_lpc17xx.o(.text)
    EINT3_IRQHandler                         0x000000f7   Thumb Code     0  startup_lpc17xx.o(.text)
    I2C0_IRQHandler                          0x000000f7   Thumb Code     0  startup_lpc17xx.o(.text)
    I2C1_IRQHandler                          0x000000f7   Thumb Code     0  startup_lpc17xx.o(.text)
    I2C2_IRQHandler                          0x000000f7   Thumb Code     0  startup_lpc17xx.o(.text)
    I2S_IRQHandler                           0x000000f7   Thumb Code     0  startup_lpc17xx.o(.text)
    MCPWM_IRQHandler                         0x000000f7   Thumb Code     0  startup_lpc17xx.o(.text)
    PLL0_IRQHandler                          0x000000f7   Thumb Code     0  startup_lpc17xx.o(.text)
    PLL1_IRQHandler                          0x000000f7   Thumb Code     0  startup_lpc17xx.o(.text)
    PWM1_IRQHandler                          0x000000f7   Thumb Code     0  startup_lpc17xx.o(.text)
    QEI_IRQHandler                           0x000000f7   Thumb Code     0  startup_lpc17xx.o(.text)
    RIT_IRQHandler                           0x000000f7   Thumb Code     0  startup_lpc17xx.o(.text)
    RTC_IRQHandler                           0x000000f7   Thumb Code     0  startup_lpc17xx.o(.text)
    SPI_IRQHandler                           0x000000f7   Thumb Code     0  startup_lpc17xx.o(.text)
    SSP0_IRQHandler                          0x000000f7   Thumb Code     0  startup_lpc17xx.o(.text)
    SSP1_IRQHandler                          0x000000f7   Thumb Code     0  startup_lpc17xx.o(.text)
    TIMER2_IRQHandler                        0x000000f7   Thumb Code     0  startup_lpc17xx.o(.text)
    TIMER3_IRQHandler                        0x000000f7   Thumb Code     0  startup_lpc17xx.o(.text)
    UART1_IRQHandler                         0x000000f7   Thumb Code     0  startup_lpc17xx.o(.text)
    UART3_IRQHandler                         0x000000f7   Thumb Code     0  startup_lpc17xx.o(.text)
    USBActivity_IRQHandler                   0x000000f7   Thumb Code     0  startup_lpc17xx.o(.text)
    USB_IRQHandler                           0x000000f7   Thumb Code     0  startup_lpc17xx.o(.text)
    WDT_IRQHandler                           0x000000f7   Thumb Code     0  startup_lpc17xx.o(.text)
    sys_error                                0x000000fd   Thumb Code     2  net_config_http.o(.text)
    SystemInit                               0x00000101   Thumb Code   306  system_lpc17xx.o(.text)
    TIMER0_IRQHandler                        0x0000024d   Thumb Code    38  timer.o(.text)
    TIMER1_IRQHandler                        0x00000273   Thumb Code    16  timer.o(.text)
    beep_drv                                 0x00000291   Thumb Code     2  beep.o(.text)
    CRC16_2                                  0x00000293   Thumb Code    50  modbus.o(.text)
    __aeabi_memcpy                           0x000002c5   Thumb Code    36  memcpya.o(.text)
    __aeabi_memcpy4                          0x000002c5   Thumb Code     0  memcpya.o(.text)
    __aeabi_memcpy8                          0x000002c5   Thumb Code     0  memcpya.o(.text)
    strlen                                   0x000002e9   Thumb Code    16  strlen.o(.text)
    __scatterload_null                       0x000002f9   Thumb Code     2  handlers.o(i.__scatterload_null)
    clr_scrn                                 0x00000301   Thumb Code    18  common_func.o(.text)
    find                                     0x00000313   Thumb Code    22  common_func.o(.text)
    bin2bcd_int                              0x00000329   Thumb Code    30  common_func.o(.text)
    bcd2lcd_zero                             0x00000347   Thumb Code    62  common_func.o(.text)
    int2lcdyx                                0x00000385   Thumb Code    78  common_func.o(.text)
    sub_bgnd                                 0x000003d3   Thumb Code    38  common_func.o(.text)
    int2lcd                                  0x000003f9   Thumb Code    88  common_func.o(.text)
    __TCP_ARM_VER                            0x00000412   Number         0  at_system.o ABSOLUTE
    long2lcdhyx                              0x00000451   Thumb Code   126  common_func.o(.text)
    tree_down                                0x000004cf   Thumb Code    38  common_func.o(.text)
    tree_up                                  0x000004f5   Thumb Code    40  common_func.o(.text)
    bgnd_par                                 0x0000051d   Thumb Code    96  common_func.o(.text)
    uartWrite                                0x00000599   Thumb Code    28  main.o(.text)
    fputc                                    0x000005b5   Thumb Code    14  main.o(.text)
    font_9564_init                           0x000005c3   Thumb Code   122  main.o(.text)
    ADC_IRQHandler                           0x0000063d   Thumb Code    12  main.o(.text)
    rus_text_adaptor                         0x00000649   Thumb Code   346  main.o(.text)
    ind_hndl                                 0x000007a3   Thumb Code  9420  main.o(.text)
    InitUART0                                0x00002c6f   Thumb Code    48  main.o(.text)
    SysTick_Handler                          0x00002c9f   Thumb Code   302  main.o(.text)
    main                                     0x00002dcd   Thumb Code  1206  main.o(.text)
    spi1_config                              0x000032b5   Thumb Code    46  riverdi.o(.text)
    spi1                                     0x000032e3   Thumb Code    16  riverdi.o(.text)
    rd8                                      0x000032f3   Thumb Code    74  riverdi.o(.text)
    rd32                                     0x0000333d   Thumb Code   110  riverdi.o(.text)
    wr8                                      0x000033ab   Thumb Code    74  riverdi.o(.text)
    wr16                                     0x000033f5   Thumb Code    84  riverdi.o(.text)
    wr32                                     0x00003449   Thumb Code    98  riverdi.o(.text)
    command_active                           0x000034ab   Thumb Code    56  riverdi.o(.text)
    host_command                             0x000034e3   Thumb Code    54  riverdi.o(.text)
    ssp1                                     0x00003525   Thumb Code    16  25lc640ssp1.o(.text)
    ssp1_config                              0x00003535   Thumb Code   122  25lc640ssp1.o(.text)
    ssp1_unconfig                            0x000035af   Thumb Code    46  25lc640ssp1.o(.text)
    lc640_wren                               0x000035dd   Thumb Code    52  25lc640ssp1.o(.text)
    lc640_rdsr                               0x00003611   Thumb Code    62  25lc640ssp1.o(.text)
    lc640_read_int                           0x0000364f   Thumb Code   112  25lc640ssp1.o(.text)
    lc640_read_long                          0x000036bf   Thumb Code   136  25lc640ssp1.o(.text)
    lc640_write_int                          0x00003747   Thumb Code   116  25lc640ssp1.o(.text)
    lc640_write_long                         0x000037bb   Thumb Code   132  25lc640ssp1.o(.text)
    UART0_IRQHandler                         0x00003851   Thumb Code   274  uart0.o(.text)
    putchar2                                 0x00003981   Thumb Code    88  uart2.o(.text)
    UART_2_Init                              0x000039d9   Thumb Code   136  uart2.o(.text)
    UART2_IRQHandler                         0x00003a61   Thumb Code   172  uart2.o(.text)
    int_enable_eth                           0x00003b2d   Thumb Code    10  emac_lpc17xx.o(.text)
    int_disable_eth                          0x00003b37   Thumb Code    10  emac_lpc17xx.o(.text)
    ENET_IRQHandler                          0x00003b41   Thumb Code   134  emac_lpc17xx.o(.text)
    Ft_Gpu_CoCmd_SendStr                     0x00003bd9   Thumb Code    28  ft_copro_cmds.o(.text)
    Ft_Gpu_CoCmd_Text                        0x00003bf5   Thumb Code    58  ft_copro_cmds.o(.text)
    Ft_Gpu_CoCmd_Number                      0x00003c2f   Thumb Code    60  ft_copro_cmds.o(.text)
    Ft_Gpu_CoCmd_Toggle                      0x00003c6b   Thumb Code    70  ft_copro_cmds.o(.text)
    Ft_Gpu_CoCmd_BgColor                     0x00003cb1   Thumb Code    26  ft_copro_cmds.o(.text)
    Ft_Gpu_CoCmd_Swap                        0x00003ccb   Thumb Code     8  ft_copro_cmds.o(.text)
    Ft_Gpu_CoCmd_Slider                      0x00003cd3   Thumb Code    72  ft_copro_cmds.o(.text)
    Ft_Gpu_CoCmd_FgColor                     0x00003d1b   Thumb Code    34  ft_copro_cmds.o(.text)
    Ft_Gpu_CoCmd_Button                      0x00003d3d   Thumb Code    72  ft_copro_cmds.o(.text)
    Ft_Gpu_CoCmd_Calibrate                   0x00003d85   Thumb Code    32  ft_copro_cmds.o(.text)
    Ft_Gpu_CoCmd_SetFont                     0x00003da5   Thumb Code    36  ft_copro_cmds.o(.text)
    Ft_Gpu_CoCmd_Track                       0x00003dc9   Thumb Code    60  ft_copro_cmds.o(.text)
    Ft_Gpu_CoCmd_Keys                        0x00003e05   Thumb Code    72  ft_copro_cmds.o(.text)
    Ft_Gpu_CoCmd_Dial                        0x00003e4d   Thumb Code    60  ft_copro_cmds.o(.text)
    Ft_Gpu_CoCmd_Dlstart                     0x00003e89   Thumb Code     8  ft_copro_cmds.o(.text)
    Ft_Gpu_Hal_StartTransfer                 0x00003e95   Thumb Code    88  ft_gpu_hal.o(.text)
    Ft_Gpu_Hal_StartCmdTransfer              0x00003eed   Thumb Code     8  ft_gpu_hal.o(.text)
    Ft_Gpu_Hal_Transfer16                    0x00003ef5   Thumb Code    48  ft_gpu_hal.o(.text)
    Ft_Gpu_Hal_Transfer32                    0x00003f25   Thumb Code    58  ft_gpu_hal.o(.text)
    Ft_Gpu_Hal_EndTransfer                   0x00003f5f   Thumb Code    24  ft_gpu_hal.o(.text)
    Ft_Gpu_Hal_Rd16                          0x00003f77   Thumb Code    50  ft_gpu_hal.o(.text)
    Ft_Gpu_Hal_Wr16                          0x00003fa9   Thumb Code    30  ft_gpu_hal.o(.text)
    Ft_Gpu_Hal_Wr32                          0x00003fc7   Thumb Code    30  ft_gpu_hal.o(.text)
    Ft_Gpu_Hal_Updatecmdfifo                 0x00003fe5   Thumb Code    22  ft_gpu_hal.o(.text)
    Ft_Gpu_Cmdfifo_Freespace                 0x00003ffb   Thumb Code    30  ft_gpu_hal.o(.text)
    Ft_Gpu_Hal_WaitCmdfifo_empty             0x00004019   Thumb Code    48  ft_gpu_hal.o(.text)
    Ft_Gpu_Hal_CheckCmdBuffer                0x00004049   Thumb Code    18  ft_gpu_hal.o(.text)
    Ft_Gpu_Hal_WrCmdBuf                      0x0000405b   Thumb Code    98  ft_gpu_hal.o(.text)
    Ft_Gpu_Hal_WrCmd32                       0x000040bd   Thumb Code    40  ft_gpu_hal.o(.text)
    __aeabi_uidiv                            0x000040ed   Thumb Code     0  uidiv.o(.text)
    __aeabi_uidivmod                         0x000040ed   Thumb Code    44  uidiv.o(.text)
    __scatterload                            0x00004119   Thumb Code    28  init.o(.text)
    __scatterload_rt2                        0x00004119   Thumb Code     0  init.o(.text)
    __decompress                             0x0000413d   Thumb Code     0  __dczerorl2.o(.text)
    __decompress1                            0x0000413d   Thumb Code    92  __dczerorl2.o(.text)
    __0printf$1                              0x00004199   Thumb Code    22  printf1.o(i.__0printf$1)
    __1printf$1                              0x00004199   Thumb Code     0  printf1.o(i.__0printf$1)
    __2printf                                0x00004199   Thumb Code     0  printf1.o(i.__0printf$1)
    __scatterload_copy                       0x000041b9   Thumb Code    14  handlers.o(i.__scatterload_copy)
    __scatterload_zeroinit                   0x000041c7   Thumb Code    14  handlers.o(i.__scatterload_zeroinit)
    alloc_mem                                0x00004329   Thumb Code   146  at_mem.o(i.alloc_mem)
    free_mem                                 0x000043c9   Thumb Code    94  at_mem.o(i.free_mem)
    put_in_queue                             0x00004431   Thumb Code    36  at_ethernet.o(i.put_in_queue)
    MPool_Size                               0x0000445c   Data           4  net_config_http.o(.constdata)
    caracter                                 0x00004460   Data        1536  main.o(.constdata)
    sm_mont                                  0x00004a60   Data          52  main.o(.constdata)
    ABCDEF                                   0x00004afc   Data          17  main.o(.constdata)
    Region$$Table$$Base                      0x00004b40   Number         0  anon$$obj.o(Region$$Table)
    Region$$Table$$Limit                     0x00004b80   Number         0  anon$$obj.o(Region$$Table)
    ind_reset_cnt                            0x10000000   Data           1  main.o(.data)
    first_inv_slot                           0x10000001   Data           1  main.o(.data)
    ips_bat_av_stat                          0x10000002   Data           1  main.o(.data)
    b10000Hz                                 0x10000005   Data           1  main.o(.data)
    b1000Hz                                  0x10000006   Data           1  main.o(.data)
    b2000Hz                                  0x10000007   Data           1  main.o(.data)
    b100Hz                                   0x10000008   Data           1  main.o(.data)
    b50Hz                                    0x10000009   Data           1  main.o(.data)
    b10Hz                                    0x1000000a   Data           1  main.o(.data)
    b5Hz                                     0x1000000b   Data           1  main.o(.data)
    b2Hz                                     0x1000000c   Data           1  main.o(.data)
    b1Hz                                     0x1000000d   Data           1  main.o(.data)
    b1min                                    0x1000000e   Data           1  main.o(.data)
    bFL5                                     0x1000000f   Data           1  main.o(.data)
    bFL2                                     0x10000010   Data           1  main.o(.data)
    bFL                                      0x10000011   Data           1  main.o(.data)
    bTPS                                     0x10000012   Data           1  main.o(.data)
    bFF                                      0x10000013   Data           1  main.o(.data)
    bFF_                                     0x10000014   Data           1  main.o(.data)
    but                                      0x10000015   Data           1  main.o(.data)
    but0_cnt                                 0x10000016   Data           1  main.o(.data)
    but1_cnt                                 0x10000017   Data           1  main.o(.data)
    but_onL_temp                             0x10000018   Data           1  main.o(.data)
    speed                                    0x10000019   Data           1  main.o(.data)
    l_but                                    0x1000001a   Data           1  main.o(.data)
    n_but                                    0x1000001b   Data           1  main.o(.data)
    bCAN_OFF                                 0x1000001c   Data           1  main.o(.data)
    main_10Hz_cnt                            0x1000001e   Data           2  main.o(.data)
    main_1Hz_cnt                             0x10000020   Data           2  main.o(.data)
    slider_pos                               0x10000022   Data           2  main.o(.data)
    toggle_pos                               0x10000024   Data           2  main.o(.data)
    toggle_del                               0x10000026   Data           2  main.o(.data)
    dial_pos                                 0x10000028   Data           2  main.o(.data)
    ind_pointer                              0x1000002a   Data           2  main.o(.data)
    main_cnt_1Hz                             0x1000002c   Data           2  main.o(.data)
    t0cnt                                    0x10000034   Data           2  main.o(.data)
    t0cnt0                                   0x10000036   Data           2  main.o(.data)
    t0cnt1                                   0x10000038   Data           2  main.o(.data)
    t0cnt2                                   0x1000003a   Data           2  main.o(.data)
    t0cnt3                                   0x1000003c   Data           2  main.o(.data)
    t0cnt4                                   0x1000003e   Data           2  main.o(.data)
    t0cnt5                                   0x10000040   Data           2  main.o(.data)
    t0cntMin                                 0x10000042   Data           2  main.o(.data)
    load_U                                   0x10000044   Data           2  main.o(.data)
    load_I                                   0x10000046   Data           2  main.o(.data)
    net_F                                    0x10000048   Data           2  main.o(.data)
    hz_out                                   0x1000004a   Data           2  main.o(.data)
    hz_out_cnt                               0x1000004c   Data           2  main.o(.data)
    av_beep                                  0x1000004e   Data           2  main.o(.data)
    av_rele                                  0x10000050   Data           2  main.o(.data)
    ft_plazma                                0x10000052   Data           2  main.o(.data)
    parol                                    0x10000054   Data           3  main.o(.data)
    bSILENT                                  0x10000060   Data           4  main.o(.data)
    but_n                                    0x10000064   Data           4  main.o(.data)
    but_s                                    0x10000068   Data           4  main.o(.data)
    phost                                    0x1000006c   Data           4  main.o(.data)
    a_ind                                    0x10000070   Data           5  main.o(.data)
    c_ind                                    0x10000075   Data           5  main.o(.data)
    lcd_buffer                               0x1000007a   Data         300  main.o(.data)
    SAMApp_Metric_L1                         0x100001a6   Data         148  main.o(.data)
    Font1_Metric                             0x1000023a   Data         148  main.o(.data)
    fonts_9564                               0x100002ce   Data        4487  main.o(.data)
    Mem_Pool                                 0x10001458   Data       16384  net_config_http.o(.bss)
    UIB0                                     0x10005458   Data         100  uart0.o(.bss)
    rx_buffer0                               0x100054bc   Data        1024  uart0.o(.bss)
    tx_buffer0                               0x100058bc   Data        1024  uart0.o(.bss)
    UIB2                                     0x10005cbc   Data         100  uart2.o(.bss)
    rx_buffer2                               0x10005d20   Data        1024  uart2.o(.bss)
    tx_buffer2                               0x10006120   Data        1024  uart2.o(.bss)
    __initial_sp                             0x10006d20   Data           0  startup_lpc17xx.o(STACK)
    dig                                      0x2007c000   Data           5  main.o(.data)
    zero_on                                  0x2007c005   Data           1  main.o(.data)
    bat_drv_rx_cnt                           0x2007c006   Data           2  main.o(.data)
    plazma_bat_drv0                          0x2007c008   Data           2  main.o(.data)
    plazma_bat_drv1                          0x2007c00a   Data           2  main.o(.data)
    __stdout                                 0x2007c00c   Data           4  main.o(.data)
    SystemFrequency                          0x2007c010   Data           4  system_lpc17xx.o(.data)
    timer0_counter                           0x2007c014   Data           4  timer.o(.data)
    timer1_counter                           0x2007c018   Data           4  timer.o(.data)
    UART0TxEmpty                             0x2007c01c   Data           1  uart0.o(.data)
    bRXIN0                                   0x2007c01d   Data           1  uart0.o(.data)
    rx_buffer_overflow0                      0x2007c01e   Data           1  uart0.o(.data)
    plazma_uart0                             0x2007c01f   Data           1  uart0.o(.data)
    rx_wr_index0                             0x2007c020   Data           2  uart0.o(.data)
    rx_rd_index0                             0x2007c022   Data           2  uart0.o(.data)
    rx_counter0                              0x2007c024   Data           2  uart0.o(.data)
    tx_wr_index0                             0x2007c026   Data           2  uart0.o(.data)
    tx_rd_index0                             0x2007c028   Data           2  uart0.o(.data)
    tx_counter0                              0x2007c02a   Data           2  uart0.o(.data)
    UART0Status                              0x2007c02c   Data           4  uart0.o(.data)
    UART2TxEmpty                             0x2007c030   Data           1  uart2.o(.data)
    bRXIN2                                   0x2007c031   Data           1  uart2.o(.data)
    rx_buffer_overflow2                      0x2007c032   Data           1  uart2.o(.data)
    plazma_uart2                             0x2007c033   Data           1  uart2.o(.data)
    rx_wr_index2                             0x2007c034   Data           2  uart2.o(.data)
    rx_rd_index2                             0x2007c036   Data           2  uart2.o(.data)
    rx_counter2                              0x2007c038   Data           2  uart2.o(.data)
    tx_wr_index2                             0x2007c03a   Data           2  uart2.o(.data)
    tx_rd_index2                             0x2007c03c   Data           2  uart2.o(.data)
    tx_counter2                              0x2007c03e   Data           2  uart2.o(.data)
    UART2Status                              0x2007c040   Data           4  uart2.o(.data)
    SAMApp_L1                                0x2007c050   Data       14544  main.o(.bss)
    lcd_bitmap                               0x2007f984   Data        1024  main.o(.bss)
    host                                     0x2007fd84   Data          12  main.o(.bss)
    b_ind                                    0x2007fd90   Data          50  main.o(.bss)
    bat_drv_rx_buff                          0x2007fdc2   Data         512  main.o(.bss)



==============================================================================

Memory Map of the image

  Image Entry point : 0x000000cd

  Load Region LR_IROM1 (Base: 0x00000000, Size: 0x00006028, Max: 0x00080000, ABSOLUTE, COMPRESSED[0x00005e38])

    Execution Region ER_IROM1 (Base: 0x00000000, Size: 0x00004b80, Max: 0x00080000, ABSOLUTE)

    Base Addr    Size         Type   Attr      Idx    E Section Name        Object

    0x00000000   0x000000cc   Data   RO            3    RESET               startup_lpc17xx.o
    0x000000cc   0x00000000   Code   RO         1885  * .ARM.Collect$$$$00000000  mc_w.l(entry.o)(mc_w.l)
    0x000000cc   0x00000004   Code   RO         2157    .ARM.Collect$$$$00000001  mc_w.l(entry2.o)(mc_w.l)
    0x000000d0   0x00000004   Code   RO         2160    .ARM.Collect$$$$00000004  mc_w.l(entry5.o)(mc_w.l)
    0x000000d4   0x00000008   Code   RO         2161    .ARM.Collect$$$$00000007  mc_w.l(entry7.o)(mc_w.l)
    0x000000dc   0x00000004   Code   RO         2158    .ARM.Collect$$$$00002712  mc_w.l(entry2.o)(mc_w.l)
    0x000000e0   0x0000001c   Code   RO            5    .text               startup_lpc17xx.o
    0x000000fc   0x00000002   Code   RO           13    .text               net_config_http.o
    0x000000fe   0x00000002   PAD
    0x00000100   0x0000014c   Code   RO          820    .text               system_lpc17xx.o
    0x0000024c   0x00000044   Code   RO          846    .text               timer.o
    0x00000290   0x00000002   Code   RO          919    .text               beep.o
    0x00000292   0x00000032   Code   RO         1186    .text               modbus.o
    0x000002c4   0x00000024   Code   RO         1888    .text               mc_w.l(memcpya.o)(mc_w.l)
    0x000002e8   0x00000010   Code   RO         1892    .text               mc_w.l(strlen.o)(mc_w.l)
    0x000002f8   0x00000002   Code   RO         2190    i.__scatterload_null  mc_w.l(handlers.o)(mc_w.l)
    0x000002fa   0x00000002   PAD
    0x000002fc   0x00000004   Code   RO            4    .ARM.__at_0x02FC    startup_lpc17xx.o
    0x00000300   0x00000298   Code   RO           97    .text               common_func.o
    0x00000598   0x00002d1c   Code   RO          362    .text               main.o
    0x000032b4   0x00000270   Code   RO          790    .text               riverdi.o
    0x00003524   0x0000032c   Code   RO          950    .text               25lc640ssp1.o
    0x00003850   0x00000130   Code   RO         1003    .text               uart0.o
    0x00003980   0x000001ac   Code   RO         1114    .text               uart2.o
    0x00003b2c   0x000000ac   Code   RO         1265    .text               emac_lpc17xx.o
    0x00003bd8   0x000002bc   Code   RO         1318    .text               ft_copro_cmds.o
    0x00003e94   0x00000258   Code   RO         1564    .text               ft_gpu_hal.o
    0x000040ec   0x0000002c   Code   RO         2162    .text               mc_w.l(uidiv.o)(mc_w.l)
    0x00004118   0x00000024   Code   RO         2177    .text               mc_w.l(init.o)(mc_w.l)
    0x0000413c   0x0000005c   Code   RO         2195    .text               mc_w.l(__dczerorl2.o)(mc_w.l)
    0x00004198   0x00000020   Code   RO         1941    i.__0printf$1       mc_w.l(printf1.o)(mc_w.l)
    0x000041b8   0x0000000e   Code   RO         2189    i.__scatterload_copy  mc_w.l(handlers.o)(mc_w.l)
    0x000041c6   0x0000000e   Code   RO         2191    i.__scatterload_zeroinit  mc_w.l(handlers.o)(mc_w.l)
    0x000041d4   0x00000154   Code   RO         1948    i._printf_core      mc_w.l(printf1.o)(mc_w.l)
    0x00004328   0x000000a0   Code   RO         1781    i.alloc_mem         TCP_CM3.lib(at_mem.o)(TCP_CM3.lib)
    0x000043c8   0x00000068   Code   RO         1782    i.free_mem          TCP_CM3.lib(at_mem.o)(TCP_CM3.lib)
    0x00004430   0x0000002c   Code   RO         1768    i.put_in_queue      TCP_CM3.lib(at_ethernet.o)(TCP_CM3.lib)
    0x0000445c   0x00000004   Data   RO           26    .constdata          net_config_http.o
    0x00004460   0x0000069c   Data   RO          402    .constdata          main.o
    0x00004afc   0x00000011   Data   RO          403    .constdata          main.o
    0x00004b0d   0x00000030   Data   RO          407    .conststring        main.o
    0x00004b3d   0x00000003   PAD
    0x00004b40   0x00000040   Data   RO         2187    Region$$Table       anon$$obj.o


    Execution Region RW_IRAM1 (Base: 0x10000000, Size: 0x00006d20, Max: 0x00008000, ABSOLUTE, COMPRESSED[0x00001268])

    Base Addr    Size         Type   Attr      Idx    E Section Name        Object

    0x10000000   0x00001455   Data   RW          408    .data               main.o
    0x10001455   0x00000003   PAD
    0x10001458   0x00004000   Zero   RW           20    .bss                net_config_http.o
    0x10005458   0x00000864   Zero   RW         1009    .bss                uart0.o
    0x10005cbc   0x00000864   Zero   RW         1123    .bss                uart2.o
    0x10006520   0x00000800   Zero   RW            1    STACK               startup_lpc17xx.o


    Execution Region RW_IRAM2 (Base: 0x2007c000, Size: 0x00006aac, Max: 0x00008000, ABSOLUTE)

    Base Addr    Size         Type   Attr      Idx    E Section Name        Object

    0x2007c000   0x00000005   Data   RW          452    .data               main.o
    0x2007c005   0x00000001   Data   RW          453    .data               main.o
    0x2007c006   0x00000002   Data   RW          524    .data               main.o
    0x2007c008   0x00000002   Data   RW          526    .data               main.o
    0x2007c00a   0x00000002   Data   RW          527    .data               main.o
    0x2007c00c   0x00000004   Data   RW          553    .data               main.o
    0x2007c010   0x00000004   Data   RW          821    .data               system_lpc17xx.o
    0x2007c014   0x00000008   Data   RW          852    .data               timer.o
    0x2007c01c   0x00000014   Data   RW         1014    .data               uart0.o
    0x2007c030   0x00000014   Data   RW         1128    .data               uart2.o
    0x2007c044   0x00000008   Data   RW         1772    .data               TCP_CM3.lib(at_ethernet.o)(TCP_CM3.lib)
    0x2007c04c   0x00000004   Data   RW         1785    .data               TCP_CM3.lib(at_mem.o)(TCP_CM3.lib)
    0x2007c050   0x00003d40   Zero   RW          382    .bss                main.o
    0x2007fd90   0x00000032   Zero   RW          393    .bss                main.o
    0x2007fdc2   0x00000200   Zero   RW          401    .bss                main.o
    0x2007ffc2   0x00000006   PAD
    0x2007ffc8   0x00002a64   Zero   RW         1268    .bss                emac_lpc17xx.o
    0x20082a2c   0x00000080   Zero   RW         1770    .bss                TCP_CM3.lib(at_ethernet.o)(TCP_CM3.lib)


==============================================================================

Image component sizes


      Code (inc. data)   RO Data    RW Data    ZI Data      Debug   Object Name

       812         18          0          0          0          0   25lc640ssp1.o
         2          0          0          0          0          0   beep.o
       664         28          0          0          0          0   common_func.o
       172         18          0          0      10852          0   emac_lpc17xx.o
       700          4          0          0          0          0   ft_copro_cmds.o
       600          8          0          0          0          0   ft_gpu_hal.o
     11548       1072       1757       5221      16242          0   main.o
        50          0          0          0          0          0   modbus.o
         2          0          4          0      16384          0   net_config_http.o
       624         12          0          0          0          0   riverdi.o
         0          0          0          0          0          0   simbols.o
        32          8        204          0       2048          0   startup_lpc17xx.o
       332         26          0          4          0          0   system_lpc17xx.o
        68         14          0          8          0          0   timer.o
       304         30          0         20       2148          0   uart0.o
       428         32          0         20       2148          0   uart2.o

    ----------------------------------------------------------------------
     16340       1270       2032       5276      49828          0   Object Totals
         0          0         64          0          0          0   (incl. Generated)
         2          0          3          3          6          3   (incl. Padding)

    ----------------------------------------------------------------------

      Code (inc. data)   RO Data    RW Data    ZI Data      Debug   Library Member Name

        44          8          0          8        128          0   at_ethernet.o
       264         24          0          4          0          0   at_mem.o
        92          0          0          0          0          0   __dczerorl2.o
         0          0          0          0          0          0   entry.o
         8          4          0          0          0          0   entry2.o
         4          0          0          0          0          0   entry5.o
         8          4          0          0          0          0   entry7.o
        30          0          0          0          0          0   handlers.o
        36          8          0          0          0          0   init.o
        36          0          0          0          0          0   memcpya.o
       372         16          0          0          0          0   printf1.o
        16          0          0          0          0          0   strlen.o
        44          0          0          0          0          0   uidiv.o

    ----------------------------------------------------------------------
       956         64          0         12        128          0   Library Totals
         2          0          0          0          0          0   (incl. Padding)

    ----------------------------------------------------------------------

      Code (inc. data)   RO Data    RW Data    ZI Data      Debug   Library Name

       308         32          0         12        128        276   TCP_CM3.lib
       646         32          0          0          0        464   mc_w.l

    ----------------------------------------------------------------------
       956         64          0         12        128          0   Library Totals

    ----------------------------------------------------------------------

==============================================================================


      Code (inc. data)   RO Data    RW Data    ZI Data      Debug   

     17296       1334       2032       5288      49956     170048   Grand Totals
     17296       1334       2032       4792      49956     170048   ELF Image Totals (compressed)
     17296       1334       2032       4792          0          0   ROM Totals

==============================================================================

    Total RO  Size (Code + RO Data)                19328 (  18.88kB)
    Total RW  Size (RW Data + ZI Data)             55244 (  53.95kB)
    Total ROM Size (Code + RO Data + RW Data)      24120 (  23.55kB)

==============================================================================

